c3e00010 T _start
c3e00030 t _undefined_instruction
c3e00034 t _software_interrupt
c3e00038 t _prefetch_abort
c3e0003c t _data_abort
c3e00040 t _not_used
c3e00044 t _irq
c3e00048 t _fiq
c3e0004c t _pad
c3e00050 T _end_vect
c3e00050 t _TEXT_BASE
c3e00054 t _TEXT_PHY_BASE
c3e00058 T _armboot_start
c3e0005c T _bss_start
c3e00060 T _bss_end
c3e00064 t reset
c3e00068 t cpu_init_crit
c3e00170 t nand_boot
c3e0017c t onenand_boot
c3e00184 t mmcsd_boot
c3e0018c t nor_boot
c3e00194 t after_copy
c3e00194 t enable_mmu
c3e001b4 t mmu_on
c3e001d0 t skip_hw_init
c3e001d0 t stack_setup
c3e001d4 t clear_bss
c3e001e0 t clbss_l
c3e001f4 t _start_armboot
c3e001f8 t _mmu_table_base
c3e001fc T copy_from_nand
c3e00238 t copy_failed
c3e00240 t compare_failed
c3e00248 T theLastJump
c3e00264 t phy_last_jump
c3e002a0 t undefined_instruction
c3e00300 t software_interrupt
c3e00360 t prefetch_abort
c3e003c0 t data_abort
c3e00420 t not_used
c3e00480 t irq
c3e004e0 t fiq
c3e00540 T arm_cache_flush
c3e00560 T v7_flush_dcache_all
c3e00578 t Loop1
c3e005b8 t Loop2
c3e005bc t Loop3
c3e005d8 t Skip
c3e005e4 t Finished
c3e00600 T disable_l2cache
c3e00620 T enable_l2cache
c3e00640 T set_l2cache_auxctrl
c3e00660 T set_l2cache_auxctrl_cycle
c3e00680 t CoInvalidateDCacheIndex
c3e006c0 T mem_ctrl_asm_init
c3e0077c t find_lock_val
c3e008e8 t find_lock_val1
c3e00a38 T cleanDCache
c3e00a44 T cleanFlushDCache
c3e00a50 T cleanFlushCache
c3e00acc t _TEXT_BASE
c3e00ad0 T lowlevel_init
c3e00b6c t wakeup_reset_from_didle
c3e00b70 t lockloop
c3e00b84 t wakeup_reset_pre
c3e00b9c t wakeup_reset
c3e00bac t exit_wakeup
c3e00bc0 t system_clock_init
c3e00bd4 t retryloop
c3e00c84 t uart_asm_init
c3e00cd4 t nand_asm_init
c3e00d6c t tzpc_init
c3e00dc0 t onenandcon_init
c3e00df4 t wait_orwb
c3e00eb8 T onenand_readw
c3e00ec0 T onenand_writew
c3e00ec8 T onenand_loadpage
c3e00f4c T onenand_isbad
c3e00f74 T onenand_readpage
c3e00fc0 T onenand_bl2_copy
c3e0101c t nand_readpage
c3e010bc T copy_uboot_to_ram
c3e0119c T movi_bl2_copy
c3e01200 T movi_zImage_copy
c3e01244 T print_movi_bl2_info
c3e0125c T movi_write_bl1
c3e012b0 T movi_write_env
c3e012c8 T movi_read_env
c3e012e0 T Check_Signature
c3e01388 T SHA1_digest
c3e01428 T Delay
c3e0142c T SCLH_SDAH
c3e01450 T SCLH_SDAL
c3e01474 T SCLL_SDAH
c3e01498 T SCLL_SDAL
c3e014bc T IIC_ELow
c3e014d4 T IIC_EHigh
c3e014ec T IIC_EStart
c3e01504 T IIC_EEnd
c3e0151c T IIC_EAck
c3e0159c T IIC_ESetport
c3e015ec T IIC_EWrite
c3e01690 T PMIC_InitIp
c3e0176c T enable_interrupts
c3e01770 T disable_interrupts
c3e01778 T set_timer
c3e01788 T reset_timer_masked
c3e017a8 T reset_timer
c3e017ac T get_timer_masked
c3e017f4 T get_timer
c3e01808 T udelay
c3e01878 T udelay_masked
c3e018e8 T get_ticks
c3e018fc T get_tbclk
c3e01914 T interrupt_init
c3e01990 T show_regs
c3e01ad0 T bad_mode
c3e01aec T do_irq
c3e01b10 T do_fiq
c3e01b34 T do_not_used
c3e01b58 T do_data_abort
c3e01b7c T do_prefetch_abort
c3e01ba0 T do_software_interrupt
c3e01bc4 T do_undefined_instruction
c3e01be8 t read_p15_c1
c3e01bf0 t write_p15_c1
c3e01bf8 t cp_delay
c3e01c24 T cpu_init
c3e01c2c T icache_enable
c3e01c48 T icache_disable
c3e01c64 T icache_status
c3e01c78 T dcache_enable
c3e01c94 T dcache_disable
c3e01cb0 T dcache_status
c3e01cc4 T branch_enable
c3e01ce0 T branch_disable
c3e01cfc T branch_status
c3e01d10 T cpu_mmc_init
c3e01d24 T reset_cpu
c3e01d58 T do_reset
c3e01d70 T cleanup_before_linux
c3e01d9c T setup_hsmmc_cfg_gpio
c3e01e10 T setup_sdhci0_cfg_card
c3e01e60 T setup_hsmmc_clock
c3e01ef4 T serial_setbrg
c3e01ef8 T serial_init
c3e01f08 t T.32
c3e01f14 T serial_tstc
c3e01f28 T serial_putc
c3e01f58 T serial_puts
c3e01f80 T serial_getc
c3e01f9c t get_PLLCLK
c3e02024 T get_UCLK
c3e0202c T get_MPLL_CLK
c3e02034 T get_FCLK
c3e0203c T get_SCLKA2M
c3e02064 T get_HCLKP
c3e020c0 T get_PCLKP
c3e020e8 T get_HCLKD
c3e02144 T get_PCLKD
c3e0216c T get_HCLK
c3e021c4 T get_PCLK
c3e021ec T get_ARMCLK
c3e02214 T print_cpuinfo
c3e023e0 T __divsi3
c3e024f8 t Ldiv0
c3e02520 T __udivsi3
c3e02538 t Loop1
c3e0254c t Lbignum
c3e02560 t Loop3
c3e025a0 t Lgot_result
c3e025a8 t Ldiv0
c3e025b8 T sbrk
c3e025f0 T __coloured_LED_init
c3e025f0 W coloured_LED_init
c3e025f4 T __red_LED_on
c3e025f4 W red_LED_on
c3e025f8 T __red_LED_off
c3e025f8 W red_LED_off
c3e025fc T __green_LED_on
c3e025fc W green_LED_on
c3e02600 T __green_LED_off
c3e02600 W green_LED_off
c3e02604 T __yellow_LED_on
c3e02604 W yellow_LED_on
c3e02608 T __yellow_LED_off
c3e02608 W yellow_LED_off
c3e0260c T hang
c3e0261c t display_dram_config
c3e02658 t display_banner
c3e02678 t init_baudrate
c3e026d8 T strmhz
c3e02740 T start_armboot
c3e0295c T __div0
c3e02960 T __modsi3
c3e02a34 t Ldiv0
c3e02a60 t __fswab16
c3e02a78 t __fswab32
c3e02a94 t startAgainTimeout
c3e02aa8 t startAgainHandler
c3e02aac T NetSetHandler
c3e02abc T NetCksum
c3e02b04 T NetCksumOk
c3e02b28 T copy_filename
c3e02b80 T string_to_VLAN
c3e02bcc T getenv_VLAN
c3e02bdc T string_to_ip
c3e02c44 T getenv_IPaddr
c3e02c54 T NetEthHdrSize
c3e02c98 T VLAN_to_string
c3e02cf8 T ip_to_string
c3e02d3c T print_IPaddr
c3e02d58 t NetCopyIP
c3e02d60 T NetSetIP
c3e02e60 T NetSetEther
c3e02f10 t NetReadIP
c3e02f2c t PingHandler
c3e02f54 t NetWriteIP
c3e02f70 T NetSendPacket
c3e02f74 T ArpRequest
c3e03060 T NetReceive
c3e035c8 T PingSend
c3e03704 T NetSetTimeout
c3e03734 T NetSendUDPPacket
c3e03874 T NetStartAgain
c3e038f0 T ArpTimeoutCheck
c3e03964 t PingTimeout
c3e03980 T NetLoop
c3e03d90 t __fswab16
c3e03da8 t TftpSend
c3e03f28 T TftpStart
c3e04194 t TftpTimeout
c3e041f0 t TftpHandler
c3e04490 t __fswab16
c3e044a8 t __fswab32
c3e044c4 t truncate_sz
c3e044f8 t NetCopyLong
c3e04500 t NetCopyIP
c3e04508 t NetReadLong
c3e04524 t DhcpOptionsProcess
c3e046f4 t DhcpExtended
c3e048e0 t T.63
c3e04900 t DhcpHandler
c3e04c6c T BootpRequest
c3e04e1c T DhcpRequest
c3e04e20 t BootpTimeout
c3e04e68 T RarpRequest
c3e04f64 t RarpHandler
c3e04fc0 t RarpTimeout
c3e05008 T eth_initialize
c3e05010 t __fswab32
c3e0502c t basename
c3e05068 t dirname
c3e05084 t rpc_add_credentials
c3e05164 t rpc_lookup_reply
c3e05210 t nfs_mount_reply
c3e052a4 t nfs_umountall_reply
c3e05324 t nfs_lookup_reply
c3e053b0 t rpc_req
c3e054ac t rpc_lookup_req
c3e0550c t nfs_mount_req
c3e055a0 t nfs_umountall_req
c3e055f8 t nfs_lookup_req
c3e056a0 t nfs_read_req
c3e05718 t nfs_readlink_req
c3e05768 t NfsSend
c3e057fc T NfsStart
c3e05a34 t NfsTimeout
c3e05a7c t nfs_readlink_reply
c3e05b74 t nfs_read_reply
c3e05cb0 t NfsHandler
c3e05e90 t __fswab32
c3e05eac T mmc_send_cmd
c3e05ebc T mmc_set_blocklen
c3e05ef0 T mmc_send_ext_csd
c3e05f40 T mmc_set_relative_addr
c3e05f74 T mmc_switch
c3e05fc0 T mmc_change_freq
c3e060a0 T sd_switch
c3e06110 T mmc_set_ios
c3e06120 T mmc_set_clock
c3e06140 T mmc_set_bus_width
c3e06148 T mmc_send_if_cond
c3e061c4 t __def_mmc_init
c3e061c4 W board_mmc_init
c3e061cc T print_mmc_devices
c3e06240 T find_mmc_device
c3e0628c T mmc_get_dev
c3e062a0 t mmc_bwrite
c3e06364 T movi_write
c3e0637c t mmc_bread_primitive
c3e06430 t mmc_bread
c3e064a4 T movi_read
c3e064bc T sd_change_freq
c3e06690 T mmc_startup
c3e06ccc T mmc_send_app_op_cond
c3e06dc8 T mmc_go_idle
c3e06e1c T mmc_send_op_cond
c3e06ebc T mmc_init
c3e06f20 T mmc_initialize
c3e06fcc T mmc_register
c3e07034 t s3c_hsmmc_initialize
c3e07124 T smdk_s3c_hsmmc_init
c3e0714c t sdhci_change_clock
c3e07220 t s3c_hsmmc_set_ios
c3e07268 t s3c_hsmmc_send_command
c3e07578 t T.36
c3e075d8 t s3c_hsmmc_init
c3e0762c T nand_init
c3e076c8 t generic_ffs
c3e0771c t nand_release_device
c3e07734 t nand_read_byte
c3e07744 t nand_read_byte16
c3e07758 t nand_read_word
c3e07768 t nand_write_buf
c3e07794 t nand_read_buf
c3e077bc t nand_verify_buf
c3e077fc t nand_write_buf16
c3e07830 t nand_read_buf16
c3e07864 t nand_verify_buf16
c3e078ac t nand_block_bad
c3e079c4 t nand_check_wp
c3e07a00 T nand_wait_ready
c3e07a14 t nand_read_page_raw
c3e07a4c t nand_read_page_swecc
c3e07b58 t nand_read_page_hwecc
c3e07c84 t nand_read_page_syndrome
c3e07da8 t nand_read_oob_std
c3e07dec t nand_read_oob_syndrome
c3e07ee8 t nand_write_oob_std
c3e07f58 t nand_write_oob_syndrome
c3e08108 t nand_write_page_raw
c3e0813c t nand_write_page_swecc
c3e081f4 t nand_write_page_hwecc
c3e082b4 t nand_write_page_syndrome
c3e083a4 t single_erase_cmd
c3e083e0 t multi_erase_cmd
c3e0846c t nand_sync
c3e08470 t nand_suspend
c3e08478 T nand_release
c3e084a0 t nand_resume
c3e084c0 T nand_scan_ident
c3e089ec T nand_scan_tail
c3e08ed0 T nand_scan
c3e08ef0 t nand_select_chip
c3e08f4c t nand_fill_oob
c3e09058 t nand_do_write_oob
c3e09160 t nand_do_write_ops
c3e09480 t nand_write_oob
c3e09514 t nand_write
c3e09594 t nand_transfer_oob
c3e096a0 t nand_command
c3e0985c t nand_command_lp
c3e09aa4 t nand_do_read_ops
c3e09e64 t nand_read_oob
c3e0a024 T nand_read
c3e0a0a4 t nand_write_page
c3e0a190 t nand_default_block_markbad
c3e0a238 T nand_erase_nand
c3e0a4f0 t nand_erase
c3e0a4f8 t nand_wait
c3e0a5cc t nand_block_isbad
c3e0a61c t nand_block_markbad
c3e0a658 T nand_calculate_ecc
c3e0a74c T nand_correct_data
c3e0a86c t check_pattern
c3e0a91c t scan_read_raw
c3e0a968 t search_bbt
c3e0ab18 T nand_isbad_bbt
c3e0ab68 t create_bbt
c3e0aed4 t read_bbt
c3e0b0cc t read_abs_bbt
c3e0b1b0 t write_bbt
c3e0b838 T nand_update_bbt
c3e0b984 t mark_bbt_region
c3e0bb0c T nand_scan_bbt
c3e0bf74 T nand_default_bbt
c3e0c038 t dm9000_outblk_8bit
c3e0c05c t dm9000_outblk_16bit
c3e0c090 t dm9000_outblk_32bit
c3e0c0c4 t dm9000_inblk_8bit
c3e0c0e8 t dm9000_inblk_16bit
c3e0c11c t dm9000_inblk_32bit
c3e0c150 t dm9000_rx_status_32bit
c3e0c170 t dm9000_rx_status_16bit
c3e0c190 t dm9000_rx_status_8bit
c3e0c1c0 t DM9000_ior
c3e0c1d4 t DM9000_iow
c3e0c1ec T write_srom_word
c3e0c244 T read_srom_word
c3e0c298 t phy_write
c3e0c2f0 T eth_halt
c3e0c328 t phy_read
c3e0c380 t dm9000_reset
c3e0c420 T eth_rx
c3e0c564 T eth_send
c3e0c634 T eth_init
c3e0cbbc T __show_boot_progress
c3e0cbbc W show_boot_progress
c3e0cbc0 T parse_line
c3e0cc4c T do_run
c3e0ccc0 T run_command
c3e0d088 t cread_add_char
c3e0d174 t cread_add_str
c3e0d1c8 T readline_into_buffer
c3e0d82c T readline
c3e0d838 T main_loop
c3e0d968 t __fswab32
c3e0d984 T autoscript
c3e0dab0 T do_autoscript
c3e0daf4 t print_num
c3e0db08 T do_bdinfo
c3e0dbfc t __fswab32
c3e0dc18 t image_get_data
c3e0dc20 t image_check_type
c3e0dc38 T image_multi_count
c3e0dc60 t get_table_entry_name
c3e0dc8c T genimg_get_os_name
c3e0dca4 T genimg_get_arch_name
c3e0dcbc T genimg_get_type_name
c3e0dcd4 T genimg_get_comp_name
c3e0dcec T genimg_get_image
c3e0dcf0 T genimg_has_config
c3e0dcf8 t get_table_entry_id
c3e0dd44 T genimg_get_comp_id
c3e0dd5c T genimg_get_type_id
c3e0dd74 T genimg_get_arch_id
c3e0dd8c T genimg_get_os_id
c3e0dda4 t image_check_magic
c3e0ddc8 T genimg_get_format
c3e0de04 t image_get_data_size
c3e0de0c t image_get_load
c3e0de14 T image_multi_getimg
c3e0de9c T memmove_wd
c3e0dea0 T getenv_bootm_size
c3e0ded4 T getenv_bootm_low
c3e0df08 T getenv_yesno
c3e0df2c t genimg_print_size
c3e0df58 T image_print_contents
c3e0e13c T image_check_dcrc
c3e0e184 T image_check_hcrc
c3e0e1d8 T boot_get_ramdisk
c3e0e434 W do_go_exec
c3e0e44c T do_go
c3e0e4d0 t __fswab32
c3e0e4ec T __board_lmb_reserve
c3e0e4ec W board_lmb_reserve
c3e0e4f0 t do_imls
c3e0e5a4 t image_check_magic
c3e0e5c8 t image_info
c3e0e690 t image_get_size
c3e0e698 t image_get_ep
c3e0e6a0 T print_image_hdr
c3e0e848 T do_iminfo
c3e0e8a8 T do_bootd
c3e0e8cc T do_bootm
c3e0eff4 t on_off
c3e0f030 T do_dcache
c3e0f0b4 T do_icache
c3e0f138 T do_coninfo
c3e0f23c T valid_elf_image
c3e0f290 T load_elf_image
c3e0f390 T do_bootvx
c3e0f50c W do_bootelf_exec
c3e0f550 T do_bootelf
c3e0f5e8 T ext_format
c3e0f6d4 T do_ext3_format
c3e0f6e4 T do_ext2_format
c3e0f6f4 T do_ext2load
c3e0f9cc T do_ext2ls
c3e0fb10 T do_fat_format
c3e0fbf8 T do_fat_fsinfo
c3e0fcf8 T do_fat_ls
c3e0fe00 T do_fat_fsload
c3e0ff9c t flash_fill_sect_ranges
c3e10148 T flash_sect_protect
c3e1023c t addr_spec
c3e1039c t abbrev_spec
c3e104e0 T do_protect
c3e10770 T flash_sect_erase
c3e10848 T do_flerase
c3e109e0 T do_flinfo
c3e10a5c t evalstr
c3e10a78 t evalexp
c3e10ac0 T binary_test
c3e10ca0 T do_itest
c3e10d48 T ktrans
c3e10d70 T chk1
c3e10da0 t bin_data_init
c3e10dc0 t bin_data_char
c3e10df4 T k_data_init
c3e10e14 T k_data_save
c3e10e38 T k_data_restore
c3e10e58 T k_data_char
c3e10eac T send_pad
c3e10edc T s1_sendpacket
c3e10f08 T handle_send_packet
c3e110cc T send_nack
c3e1112c T send_ack
c3e1118c t load_serial_ymodem
c3e112c0 t getcxmodem
c3e112e0 T do_load_serial_bin
c3e11740 t load_serial
c3e11978 T do_load_serial
c3e11a58 T do_mem_base
c3e11a9c T do_mem_crc
c3e11b58 T do_mem_mtest
c3e11c80 T cmd_get_data_size
c3e11cd0 T do_mem_loop
c3e11dd4 T do_mem_cp
c3e11f00 T do_mem_cmp
c3e1209c T do_mem_mw
c3e12168 t mod_mem
c3e122bc T do_mem_nm
c3e122dc T do_mem_mm
c3e122fc T do_mem_md
c3e123dc T do_sleep
c3e1246c T do_mmcinfo
c3e125ec T do_mmcops
c3e128ec t str2long
c3e12928 T nand_block_write
c3e12aa8 T nand_block_read
c3e12c34 t arg_off_size
c3e12d14 T do_nand
c3e138e4 T do_ping
c3e1396c t netboot_common
c3e13c68 T do_nfs
c3e13c74 T do_dhcp
c3e13c80 T do_rarpb
c3e13c8c T do_tftpb
c3e13c98 T do_bootp
c3e13ca4 T envmatch
c3e13d04 T getenv_r
c3e13da4 T do_saveenv
c3e13dd0 T getenv
c3e13e38 T _do_setenv
c3e1429c T do_setenv
c3e142d4 T setenv
c3e14318 T do_printenv
c3e14490 T do_reginfo
c3e14498 T do_usbd_dnw
c3e145a0 T do_imgextract
c3e147dc T find_cmd
c3e14870 T do_echo
c3e148f0 T do_help
c3e14a94 T do_version
c3e14ab4 T do_exit
c3e14ae4 T do_test
c3e14f4c t console_setfile
c3e14fec T fgetc
c3e15014 T ftstc
c3e1503c T fputc
c3e15068 T fputs
c3e15094 T disable_ctrlc
c3e150ac T had_ctrlc
c3e150bc T clear_ctrlc
c3e150d0 T dbg
c3e150dc T console_init_f
c3e150ec T console_assign
c3e1517c T fprintf
c3e151c4 T puts
c3e151e0 T vprintf
c3e1520c T printf
c3e1524c T console_init_r
c3e153b4 T serial_printf
c3e153f4 T putc
c3e15414 T tstc
c3e1542c T getc
c3e15444 T ctrlc
c3e15490 T devices_done
c3e154ac T device_register
c3e154d0 T devices_init
c3e1557c T malloc_bin_reloc
c3e155b4 T malloc_usable_size
c3e155f8 T mallopt
c3e15670 T malloc_trim
c3e1573c T free
c3e15960 T cfree
c3e15964 T malloc
c3e15f3c T memalign
c3e1604c T pvalloc
c3e16064 T valloc
c3e16070 T calloc
c3e16150 T realloc
c3e165b0 T env_get_char_memory
c3e165d4 T env_get_addr
c3e165f8 T set_default_env
c3e16604 T env_relocate
c3e1665c T env_get_char
c3e1668c T env_crc_update
c3e166b8 t dummy
c3e166bc T get_version
c3e166c4 T jumptable_init
c3e1679c T flash_protect
c3e16874 T addr2info
c3e168bc T flash_perror
c3e1699c T flash_write
c3e16b04 t b_reset
c3e16b20 T simple_itoa
c3e16b78 t static_get
c3e16b94 t static_peek
c3e16ba0 t file_peek
c3e16bac t setup_string_in_str
c3e16bd8 t indenter
c3e16be8 t is_assignment
c3e16c40 T mapset
c3e16c6c T u_boot_hush_start
c3e16ce8 t file_get
c3e16eb4 t syntax_err
c3e16ec0 t xmalloc
c3e16ee0 T new_pipe
c3e16f08 t free_pipe_list
c3e16ff8 t b_free
c3e1701c t xrealloc
c3e1703c t done_command
c3e170c4 t initialize_context
c3e170fc t done_pipe
c3e1714c T reserved_word
c3e17284 t done_word
c3e173fc t insert_var_value
c3e175a8 T update_ifs_map
c3e17618 t b_addchr
c3e17690 t b_addqchr
c3e176dc t T.120
c3e17850 t run_list_real
c3e18008 t parse_stream_outer
c3e185d8 T parse_file_outer
c3e18620 T parse_string_outer
c3e186e8 T GetHandleSize
c3e186f0 T ListSetAllocationPolicy
c3e18704 T ListGetPtrToItem
c3e18734 T ListGetDataPtr
c3e18740 T ListGetItemSize
c3e1874c T ListNumItems
c3e18758 T ListGetItems
c3e1879c T SetHandleSize
c3e18818 T ListInsertItems
c3e189d8 T ListInsertItem
c3e189e0 T DisposeHandle
c3e18a00 T ListDispose
c3e18a04 T NewHandle
c3e18a60 T ListCreate
c3e18ac0 t hex1_bin
c3e18af8 t hex2_bin
c3e18b2c T srec_decode
c3e18d9c T usb_disable_asynch
c3e18db4 T usb_maxpacket
c3e18dd8 T usb_set_maxpacket
c3e18ef8 T usb_get_dev_index
c3e18f28 T usb_hub_reset
c3e18f3c T usb_hub_allocate
c3e18f84 T usb_alloc_new_device
c3e19024 T usb_parse_config
c3e19174 T usb_submit_int_msg
c3e19178 T usb_stop
c3e191a8 T wait_ms
c3e191cc T usb_bulk_msg
c3e19230 T usb_control_msg
c3e19308 T usb_get_port_status
c3e19368 T usb_get_hub_status
c3e193bc T usb_set_port_feature
c3e1941c T usb_clear_port_feature
c3e1947c T usb_clear_hub_feature
c3e194d0 T usb_get_hub_descriptor
c3e19530 T usb_get_string
c3e195c0 t usb_string_sub
c3e196c0 T usb_string
c3e197bc T usb_get_class_descriptor
c3e19834 T usb_get_report
c3e198ac T usb_set_idle
c3e19910 T usb_set_protocol
c3e19970 T usb_set_configuration
c3e199e0 T usb_set_interface
c3e19aa0 T usb_set_address
c3e19ae4 T usb_get_descriptor
c3e19b54 T usb_get_configuration_no
c3e19bec T usb_clear_halt
c3e19c90 t usb_hub_power_on
c3e19cd4 T usb_hub_port_connect_change
c3e19e10 T usb_hub_configure
c3e1a038 T usb_hub_probe
c3e1a094 T usb_new_device
c3e1a2c4 T usb_scan_devices
c3e1a328 T usb_init
c3e1a3a4 T parse_num
c3e1a4c8 T xyzModem_error
c3e1a4e8 T xyzModem_stream_close
c3e1a538 T CYGACC_COMM_IF_PUTC
c3e1a540 T CYGACC_COMM_IF_GETC_TIMEOUT
c3e1a598 t xyzModem_flush
c3e1a5c0 T xyzModem_stream_terminate
c3e1a694 t xyzModem_get_hdr
c3e1a91c T xyzModem_stream_read
c3e1abb0 T xyzModem_stream_open
c3e1ad08 T do_movi
c3e1b06c T init_raw_area_table
c3e1b21c t reset_handler
c3e1b238 T fastboot_flash_get_ptn
c3e1b25c T fastboot_flash_get_ptn_count
c3e1b26c T fastboot_flash_find_ptn
c3e1b2e0 T fastboot_flash_dump_ptn
c3e1b3c0 T fastboot_flash_add_ptn
c3e1b3fc t write_to_ptn
c3e1b580 t memparse
c3e1b5e8 t set_env
c3e1b61c t save_env
c3e1b798 t set_partition_table
c3e1bc18 T do_fastboot
c3e1bdd0 t T.91
c3e1c034 t rx_handler
c3e1ca14 t update_from_sd
c3e1cb7c T do_sdfuse
c3e1cdb0 T calc_unit
c3e1ce10 T encode_chs
c3e1ce30 T get_SDInfo
c3e1cf18 T make_partitionInfo
c3e1d110 T put_mmc_mbr
c3e1d184 T get_mmc_mbr
c3e1d1f4 T get_mmc_block_count
c3e1d24c T decode_partitionInfo
c3e1d28c T get_mmc_part_info
c3e1d328 T print_mmc_part_info
c3e1d4bc T encode_partitionInfo
c3e1d52c T make_mmc_partition
c3e1d7e8 T create_mmc_fdisk
c3e1d870 T do_fdisk
c3e1d8e8 T env_get_char_spec
c3e1d8f4 T env_init
c3e1d910 t use_default
c3e1d99c T env_relocate_spec_onenand
c3e1d9a0 T env_relocate_spec_movinand
c3e1da18 T env_relocate_spec_nor
c3e1da70 T saveenv_onenand
c3e1da88 T saveenv_nor
c3e1db7c T saveenv_movinand
c3e1dba8 t T.70
c3e1dbe0 t T.71
c3e1dc18 T env_relocate_spec_nand
c3e1dc8c T env_relocate_spec
c3e1dcd8 t T.72
c3e1dd10 T saveenv_nand
c3e1de5c T saveenv
c3e1decc T saveenv_nand_adv
c3e1dfa0 T gunzip
c3e1e0f8 T zfree
c3e1e100 T zalloc
c3e1e110 T cyg_crc16
c3e1e158 T board_init
c3e1e1bc T dram_init
c3e1e1f0 T board_late_init
c3e1e1f8 T virt_to_phy_smdkc110
c3e1e228 T checkboard
c3e1e240 T read_hword
c3e1e254 T flash_print_info
c3e1e378 t write_hword
c3e1e48c T write_buff
c3e1e668 T flash_erase_all
c3e1e76c T flash_erase
c3e1e958 T flash_init
c3e1ea1c T crc32
c3e1eb28 T crc32_no_comp
c3e1ec2c T crc32_wd
c3e1ec30 T print_size
c3e1ecf8 T display_options
c3e1ed18 T print_buffer
c3e1ee78 T lmb_dump_all
c3e1ee7c t lmb_addrs_adjacent
c3e1eea0 t lmb_remove_region
c3e1eedc T lmb_init
c3e1ef04 t lmb_add_region
c3e1f0d4 T lmb_add
c3e1f0d8 T lmb_free
c3e1f1d0 T lmb_reserve
c3e1f1d8 T lmb_overlaps_region
c3e1f22c t lmb_align_down
c3e1f238 T __lmb_alloc_base
c3e1f348 T lmb_is_reserved
c3e1f3a8 T lmb_alloc_base
c3e1f3dc T lmb_alloc
c3e1f3e4 T strcpy
c3e1f400 T strncpy
c3e1f428 T strcat
c3e1f458 T strncat
c3e1f4b4 T strcmp
c3e1f4e4 T strncmp
c3e1f52c T strchr
c3e1f558 T strlen
c3e1f578 T strrchr
c3e1f5b0 T strnlen
c3e1f5d8 T strspn
c3e1f61c T strpbrk
c3e1f654 T strtok
c3e1f6d0 T strsep
c3e1f704 T strswab
c3e1f74c T memset
c3e1f76c T bcopy
c3e1f794 T memcpy
c3e1f7b8 T memmove
c3e1f814 T memcmp
c3e1f84c T memscan
c3e1f87c T strstr
c3e1f8dc T memchr
c3e1f908 T strdup
c3e1f93c T simple_strtoul
c3e1f9ec T simple_strtol
c3e1fa14 t skip_atoi
c3e1fa4c t number
c3e1fc90 T panic
c3e1fce0 T vsprintf
c3e20104 T sprintf
c3e2012c t falloc
c3e20150 t ffree
c3e20154 t inflate_trees_free
c3e20188 t huft_build
c3e20744 t inflate_trees_fixed
c3e2091c t inflate_codes_new
c3e2096c t inflate_codes_free
c3e2098c t inflate_blocks_reset
c3e20a54 T inflateEnd
c3e20ae8 T inflateReset
c3e20b48 T inflateSync
c3e20c48 T inflateInit2
c3e20d8c T inflateInit
c3e20d94 T adler32
c3e20f08 T inflateIncomp
c3e21030 t inflate_flush
c3e2119c T inflate
c3e22e4c t td_alloc
c3e22e88 T rh_check_port_status
c3e22e90 T submit_common_msg
c3e22e98 T submit_bulk_msg
c3e22ea0 T submit_control_msg
c3e22ea8 T submit_int_msg
c3e22eb0 T usb_lowlevel_init
c3e22eb8 T usb_lowlevel_stop
c3e22ec0 t T.59
c3e22f00 t T.60
c3e22fa8 T sohci_submit_job
c3e234ec t s3c_nand_hwcontrol
c3e23560 t s3c_nand_device_ready
c3e2357c t s3c_nand_wait_enc
c3e23594 t s3c_nand_wait_dec
c3e235ac t s3c_nand_enable_hwecc
c3e23610 t s3c_nand_calculate_ecc
c3e236c4 t s3c_nand_wait_ecc_busy_8bit
c3e236dc T s3c_nand_enable_hwecc_8bit
c3e23840 T s3c_nand_read_oob_8bit
c3e23884 T s3c_nand_write_oob_8bit
c3e238ec t s3c_nand_write_oob_1bit
c3e239cc t s3c_nand_read_oob_1bit
c3e23a60 t s3c_nand_write_page_1bit
c3e23bcc t s3c_nand_read_page_1bit
c3e23d38 t s3c_nand_read_page_4bit
c3e23e4c t s3c_nand_write_page_4bit
c3e23f0c T board_nand_init
c3e2416c t s3c_nand_correct_data
c3e24338 T s3c_nand_correct_data_8bit
c3e2448c T s3c_nand_calculate_ecc_8bit
c3e245c0 T s3c_nand_read_page_8bit
c3e246b0 T s3c_nand_write_page_8bit
c3e24778 t s3c_nand_scan_bbt
c3e2477c T s3c_usb_phy_off
c3e247a8 T s3c_usb_core_soft_reset
c3e247c8 T s3c_usb_init_core
c3e247e4 T s3c_usb_check_current_mode
c3e247f8 T s3c_usb_set_soft_disconnect
c3e2480c T s3c_usb_clear_soft_disconnect
c3e24820 T s3c_usb_init_device
c3e24848 T s3c_usbc_activate
c3e24850 T s3c_usb_stop
c3e24864 T s3c_usb_set_inep_xfersize
c3e24890 T s3c_usb_set_outep_xfersize
c3e248c0 T s3c_usb_write_ep0_fifo
c3e24910 T s3c_usb_write_in_fifo
c3e24960 T s3c_usb_read_out_fifo
c3e249ac T s3c_usb_get_desc
c3e24ab8 T s3c_usb_clear_feature
c3e24b28 T s3c_usb_set_feature
c3e24c7c T s3c_usb_get_status
c3e24d14 T s3c_usb_ep0_int_hndlr
c3e24e9c T s3c_usb_set_otherspeed_conf_desc
c3e24f84 T s3c_usb_transfer_ep0
c3e25810 T s3c_usb_int_bulkin
c3e258d4 T s3c_usb_upload_start
c3e25a24 T s3c_usb_download_start
c3e25b40 T s3c_usb_dma_in_done
c3e25bd8 T s3c_usb_set_all_outep_nak
c3e25c00 T s3c_usb_clear_all_outep_nak
c3e25c28 T s3c_usb_set_max_pktsize
c3e25c64 T s3c_usb_set_endpoint
c3e25ca4 T s3c_usb_set_descriptors
c3e25df4 T s3c_usb_check_speed
c3e25e0c T s3c_usb_clear_dnfile_info
c3e25e28 T s3c_usb_clear_upfile_info
c3e25e44 T s3c_usb_check_setconf
c3e25e5c T s3c_usb_set_opmode
c3e25ec8 T s3c_usb_reset
c3e25f24 T s3c_usb_set_init
c3e25f80 T s3c_usb_verify_checksum
c3e26028 T s3c_usb_download_continue
c3e260d0 T s3c_usb_int_bulkout
c3e260f8 T s3c_usb_pkt_receive
c3e2616c T s3c_usb_print_pkt
c3e261b8 T s3c_usb_dma_out_done
c3e2625c T s3c_usb_transfer
c3e26354 T s3c_udc_int_hndlr
c3e263f0 T s3c_usb_wait_cable_insert
c3e2643c T s3c_usb_init_phy
c3e2647c T s3c_usbctl_init
c3e26504 T fboot_usb_phy_off
c3e26530 T fboot_usb_core_soft_reset
c3e26550 T fboot_usb_init_core
c3e2656c T fboot_usb_check_current_mode
c3e26580 T fboot_usb_set_soft_disconnect
c3e26594 T fboot_usb_clear_soft_disconnect
c3e265a8 T fboot_usb_init_device
c3e265d0 T fboot_usbc_activate
c3e265d8 T fboot_usb_stop
c3e265ec T fboot_usb_set_inep_xfersize
c3e26618 T fboot_usb_set_outep_xfersize
c3e26648 T fboot_usb_write_ep0_fifo
c3e26698 T fboot_usb_write_in_fifo
c3e266e8 T fboot_usb_read_out_fifo
c3e26734 T fboot_usb_get_desc
c3e26854 T fboot_usb_clear_feature
c3e268c4 T fboot_usb_set_feature
c3e26a18 T fboot_usb_get_status
c3e26ab0 T fboot_usb_ep0_int_hndlr
c3e26c38 T fboot_usb_set_otherspeed_conf_desc
c3e26d20 T fboot_usb_transfer_ep0
c3e275cc T fboot_usb_upload_start
c3e2771c T fboot_usb_download_start
c3e27838 T fboot_usb_dma_in_done
c3e278d0 T fboot_usb_set_all_outep_nak
c3e278f8 T fboot_usb_clear_all_outep_nak
c3e27920 T fboot_usb_set_max_pktsize
c3e2795c T fboot_usb_set_endpoint
c3e2799c T fboot_usb_set_descriptors
c3e27af0 T fboot_usb_check_speed
c3e27b08 T fboot_usb_clear_dnfile_info
c3e27b24 T fboot_usb_clear_upfile_info
c3e27b40 T fboot_usb_check_setconf
c3e27b58 T fboot_usb_set_opmode
c3e27bc4 T fboot_usb_reset
c3e27c20 T fastboot_shutdown
c3e27c24 T fastboot_fifo_size
c3e27c40 T fastboot_getvar
c3e27c48 T fboot_usb_int_bulkin
c3e27cd0 T fastboot_preboot
c3e27d6c T fboot_usb_set_init
c3e27dc8 T fboot_usb_verify_checksum
c3e27e64 T fboot_usb_download_continue
c3e27f0c T fboot_usb_print_pkt
c3e27f4c T fboot_usb_dma_out_done
c3e27ff0 T fboot_usb_transfer
c3e280ec T fboot_usb_wait_cable_insert
c3e28128 T fboot_usb_init_phy
c3e28168 T fboot_usbctl_init
c3e281f0 T fastboot_init
c3e282c8 T fboot_usb_int_bulkout
c3e28354 T fboot_usb_pkt_receive
c3e283c8 T fboot_usb_int_hndlr
c3e28480 T fastboot_poll
c3e284d0 T fastboot_tx_status
c3e2851c T LCD_setfgcolor
c3e2852c T LCD_setleftcolor
c3e2853c T LCD_setprogress
c3e285f4 T LCD_Initialize_NONAME1
c3e28920 T LCD_turnon
c3e28924 T __ashldi3
c3e28940 T __ashrdi3
c3e2895c T __umodsi3
c3e28970 t Loop1
c3e28984 t Lbignum
c3e28998 t Loop3
c3e28a00 t Ldiv0
c3e28a10 T setup_mtdpartition_tag
c3e28ac4 T do_bootm_linux
c3e28d1c T flush_cache
c3e28d20 t downcase
c3e28d4c T disk_read
c3e28d98 t setstr
c3e28dc8 t dirdelim
c3e28dfc t compare_sign
c3e28e2c t get_fatent
c3e28f88 t slot2str
c3e2904c t mkcksum
c3e2907c t read_bootsectandvi
c3e29170 T file_fat_detectfs
c3e292bc t get_cluster
c3e29360 t get_vfatname
c3e294f8 t get_name
c3e295b4 T do_fat_read
c3e29ebc T file_fat_read
c3e29ef4 T file_fat_ls
c3e29f04 T fat_register_device
c3e2a014 T fat_format_device
c3e2a67c T get_random_val
c3e2a698 T default_journal_size
c3e2a6d8 T ext2fs_format
c3e2cf70 T ext2fs_free_node
c3e2cf90 T ext2fs_close
c3e2d044 t ext2fs_read_inode
c3e2d10c T ext2fs_mount
c3e2d1bc T ext2fs_read_file
c3e2d690 T ext2fs_read
c3e2d6c8 t ext2fs_iterate_dir
c3e2d940 T ext2fs_find_file1
c3e2dbd0 T ext2fs_find_file
c3e2dc50 T ext2fs_open
c3e2dce8 T ext2fs_ls
c3e2dd5c T ext2fs_devread
c3e2df30 T ext2fs_set_blk_dev
c3e2df7c T dev_print
c3e2e14c T get_partition_info
c3e2e170 T init_part
c3e2e18c T get_dev
c3e2e1f0 T print_part
c3e2e2cc t le32_to_int
c3e2e2f0 t is_extended
c3e2e310 T test_part_dos
c3e2e364 t get_partition_info_extended
c3e2e5b0 T get_partition_info_dos
c3e2e5d0 t print_partition_extended
c3e2e79c T print_part_dos
c3e2e7c8 t nand_block_bad_scrub
c3e2e7d0 T nand_lock
c3e2e824 T nand_unlock
c3e2e930 T nand_get_lock_status
c3e2e9bc T nand_read_opts
c3e2ed74 T nand_write_opts
c3e2f294 T nand_erase_opts
c3e2f5f0 T GregorianDay
c3e2f6e0 T to_tm
c3e2f7e8 T mktime
c3e2f880 T __div64_32
c3e2f978 r C.30.2920
c3e2f9f8 R version_string
c3e2fa3c r default_nand_name
c3e2fa44 r __FUNCTION__.5051
c3e2fa54 r __FUNCTION__.3209
c3e2fa68 r __FUNCTION__.4405
c3e2fa78 r __FUNCTION__.3805
c3e2fa8c r nand_ecc_precalc_table
c3e2fb8c r CSWTCH.74
c3e2fbd8 r CSWTCH.77
c3e2fc20 r CSWTCH.80
c3e2fc44 r CSWTCH.83
c3e2fc50 r CSWTCH.106
c3e2fca8 r CSWTCH.56
c3e2fcc8 r C.29.2749
c3e2fcdc r C.30.2750
c3e2fcf0 r C.31.2751
c3e2fd00 r crc16_tab
c3e2ff00 r crc_table
c3e30300 r border
c3e3034c r inflate_mask
c3e30390 R config_full
c3e3039c R config_full_total
c3e303bc R config_high
c3e303c8 R config_high_total
c3e303e8 R qualifier_desc
c3e303f4 R string_desc0
c3e303f8 R string_desc1
c3e30410 R string_desc2
c3e3043c R fboot_config_full
c3e30448 R fboot_config_full_total
c3e30468 R fboot_config_high
c3e30474 R fboot_config_high_total
c3e30494 R fboot_qualifier_desc
c3e304a0 R fboot_string_desc0
c3e304a4 R fboot_string_desc1
c3e304bc R fboot_string_desc2
c3e304d4 R string_desc3
c3e304f0 r block_drvr
c3e30500 r C.29.2567
c3e38e80 D init_sequence
c3e38eb4 D NetOurVLAN
c3e38eb8 D NetBcastAddr
c3e38ebe D NetOurNativeVLAN
c3e38ec0 d TftpBlkSize
c3e38ec4 d nfs_offset
c3e38ec8 d cur_dev_num
c3e38ecc D nand_curr_device
c3e38ed0 d nand_oob_8
c3e39120 d nand_oob_16
c3e39370 d nand_oob_64
c3e395c0 d nand_oob_128
c3e39810 D nand_flash_ids
c3e39d98 D nand_manuf_ids
c3e39dd8 d bbt_main_descr
c3e39dfc d bbt_mirror_descr
c3e39e20 d agand_flashbased
c3e39e44 d smallpage_flashbased
c3e39e68 d largepage_flashbased
c3e39e8c d smallpage_memorybased
c3e39eb0 d largepage_memorybased
c3e39ed4 d bbt_pattern
c3e39ed8 d mirror_pattern
c3e39edc d scan_agand_pattern
c3e39ee4 d scan_ff_pattern
c3e39ee8 d hist_cur
c3e39eec d uimage_os
c3e39f4c d uimage_arch
c3e3a03c d uimage_type
c3e3a0b4 d uimage_comp
c3e3a0e4 D load_addr
c3e3a0e8 D op_table
c3e3a150 d do_echo
c3e3a154 D dp_last_length
c3e3a158 D stdio_names
c3e3a164 d av_
c3e3a56c d trim_threshold
c3e3a570 d mmap_threshold
c3e3a574 d sbrk_base
c3e3a578 D default_environment
c3e3e578 D default_environment_size
c3e3e57c d blanks.3178
c3e3e5a4 d reserved_list
c3e3e628 d interface
c3e3e644 d static_pcount
c3e3e648 D env_name_spec
c3e3e64c D _ctype
c3e3e74c d fixed_left
c3e3e750 d cplens
c3e3e7cc d cplext
c3e3e848 d cpdist
c3e3e8c0 d cpdext
c3e3e938 D zlib_version
c3e3e93c D z_errmsg
c3e3e95c d s3c_nand_oob_64
c3e3ebac d s3c_nand_oob_16
c3e3edfc d s3c_nand_oob_mlc_64
c3e3f04c D test_pkt
c3e3f084 D fboot_test_pkt
c3e3f0bc D ptable_default
c3e3f180 D ptable_default_size
c3e3f184 d gFgColor
c3e3f188 d gLeftColor
c3e3f18c d cur_part
c3e3f190 D indir1_blkno
c3e3f194 D indir2_blkno
c3e3f198 d autoplace_oobinfo
c3e3f3e8 d jffs2_oobinfo
c3e3f638 d yaffs_oobinfo
c3e3f888 d month_days
c3e3f8b8 A __u_boot_cmd_start
c3e3f8b8 D __u_boot_cmd_autoscr
c3e3f8d0 D __u_boot_cmd_bdinfo
c3e3f8e8 D __u_boot_cmd_go
c3e3f900 D __u_boot_cmd_reset
c3e3f918 D __u_boot_cmd_re
c3e3f930 D __u_boot_cmd_bootm
c3e3f948 D __u_boot_cmd_boot
c3e3f960 D __u_boot_cmd_bootd
c3e3f978 D __u_boot_cmd_iminfo
c3e3f990 D __u_boot_cmd_imls
c3e3f9a8 D __u_boot_cmd_icache
c3e3f9c0 D __u_boot_cmd_dcache
c3e3f9d8 D __u_boot_cmd_coninfo
c3e3f9f0 D __u_boot_cmd_bootelf
c3e3fa08 D __u_boot_cmd_bootvx
c3e3fa20 D __u_boot_cmd_ext2ls
c3e3fa38 D __u_boot_cmd_ext2load
c3e3fa50 D __u_boot_cmd_ext2format
c3e3fa68 D __u_boot_cmd_ext3format
c3e3fa80 D __u_boot_cmd_fatload
c3e3fa98 D __u_boot_cmd_fatls
c3e3fab0 D __u_boot_cmd_fatinfo
c3e3fac8 D __u_boot_cmd_fatformat
c3e3fae0 D __u_boot_cmd_flinfo
c3e3faf8 D __u_boot_cmd_erase
c3e3fb10 D __u_boot_cmd_protect
c3e3fb28 D __u_boot_cmd_itest
c3e3fb40 D __u_boot_cmd_loads
c3e3fb58 D __u_boot_cmd_loadb
c3e3fb70 D __u_boot_cmd_loady
c3e3fb88 D __u_boot_cmd_md
c3e3fba0 D __u_boot_cmd_mm
c3e3fbb8 D __u_boot_cmd_nm
c3e3fbd0 D __u_boot_cmd_mw
c3e3fbe8 D __u_boot_cmd_cp
c3e3fc00 D __u_boot_cmd_cmp
c3e3fc18 D __u_boot_cmd_crc32
c3e3fc30 D __u_boot_cmd_base
c3e3fc48 D __u_boot_cmd_loop
c3e3fc60 D __u_boot_cmd_mtest
c3e3fc78 D __u_boot_cmd_sleep
c3e3fc90 D __u_boot_cmd_mmcinfo
c3e3fca8 D __u_boot_cmd_mmc
c3e3fcc0 D __u_boot_cmd_nand
c3e3fcd8 D __u_boot_cmd_bootp
c3e3fcf0 D __u_boot_cmd_tftpboot
c3e3fd08 D __u_boot_cmd_rarpboot
c3e3fd20 D __u_boot_cmd_dhcp
c3e3fd38 D __u_boot_cmd_nfs
c3e3fd50 D __u_boot_cmd_ping
c3e3fd68 D __u_boot_cmd_printenv
c3e3fd80 D __u_boot_cmd_setenv
c3e3fd98 D __u_boot_cmd_saveenv
c3e3fdb0 D __u_boot_cmd_run
c3e3fdc8 D __u_boot_cmd_reginfo
c3e3fde0 D __u_boot_cmd_dnw
c3e3fdf8 D __u_boot_cmd_imxtract
c3e3fe10 D __u_boot_cmd_version
c3e3fe28 D __u_boot_cmd_echo
c3e3fe40 D __u_boot_cmd_test
c3e3fe58 D __u_boot_cmd_exit
c3e3fe70 D __u_boot_cmd_help
c3e3fe88 D __u_boot_cmd_question_mark
c3e3fea0 D __u_boot_cmd_movi
c3e3feb8 D __u_boot_cmd_fastboot
c3e3fed0 D __u_boot_cmd_sdfuse
c3e3fee8 D __u_boot_cmd_fdisk
c3e3ff00 A __u_boot_cmd_end
c3e40000 R mmu_table
c3e44000 A __bss_start
c3e44000 b timestamp
c3e44004 b lastdec
c3e44008 B timer_load_val
c3e4400c b mem_malloc_brk
c3e44010 b mem_malloc_start
c3e44014 b mem_malloc_end
c3e44018 B monitor_flash_len
c3e4401c B NetState
c3e44020 b packetHandler
c3e44024 B NetIPID
c3e44028 B NetOurIP
c3e4402c B NetOurEther
c3e44034 B NetPingIP
c3e44038 B NetTxPacket
c3e4403c B NetArpWaitPacketIP
c3e44040 B NetOurSubnetMask
c3e44044 B NetOurGatewayIP
c3e44048 B NetArpWaitReplyIP
c3e4404c B NetRxPkt
c3e44050 B NetRxPktLen
c3e44054 B NetArpWaitPacketMAC
c3e44058 B NetArpWaitTxPacket
c3e4405c B NetArpWaitTxPacketSize
c3e44060 B NetServerIP
c3e44064 B NetServerEther
c3e4406c b mac.3133
c3e44074 B NetEtherNullAddr
c3e4407a b PingSeqNo
c3e4407c B NetArpWaitTry
c3e44080 B NetArpWaitTimerStart
c3e44084 b timeHandler
c3e44088 b timeStart
c3e4408c b timeDelta
c3e44090 B PktBuf
c3e45eb0 B NetRxPackets
c3e45ec0 B NetArpWaitPacketBuf
c3e464e0 B NetBootFileXferSize
c3e464e4 B NetOurDNSIP
c3e464e8 B NetOurNISDomain
c3e46508 B NetOurHostName
c3e46528 B NetOurRootPath
c3e46568 B NetBootFileSize
c3e4656c B BootFile
c3e465ec b TftpState
c3e465f0 b tftp_filename
c3e46670 b TftpBlock
c3e46674 b TftpServerIP
c3e46678 b TftpServerPort
c3e4667c b TftpOurPort
c3e46680 b default_filename
c3e46690 b TftpTimeoutCount
c3e46694 b TftpBlockWrap
c3e46698 b TftpBlockWrapOffset
c3e4669c b TftpLastBlock
c3e466a0 B dhcp_leasetime
c3e466a4 B NetDHCPServerIP
c3e466a8 B BootpID
c3e466ac B dhcp_state
c3e466b0 B BootpTry
c3e466b4 B RarpTry
c3e466b8 b rpc_id
c3e466bc b NfsSrvMountPort
c3e466c0 b NfsSrvNfsPort
c3e466c4 b fs_mounted
c3e466c8 b dirfh
c3e466e8 b filefh
c3e46708 b NfsServerIP
c3e4670c b NfsOurPort
c3e46710 b NfsState
c3e46714 b nfs_path
c3e46718 b nfs_filename
c3e4671c b nfs_len
c3e46720 b NfsDownloadState
c3e46724 b nfs_path_buff
c3e46f24 b default_filename
c3e46f64 b NfsTimeoutCount
c3e46f68 b mmc_devices
c3e46f70 B mmc_global
c3e46f7c B mmc_default
c3e46f80 B mmc_channel
c3e473c0 B mmc_host
c3e47490 B nand_info
c3e47544 b nand_chip
c3e47648 b dm9000_info
c3e476f4 b nfloor
c3e476f8 b initted.3034
c3e476fc b hist_max
c3e47700 b hist_add_idx
c3e47704 B hist_num
c3e47708 B hist_lines
c3e48b08 B hist_list
c3e48b58 B console_buffer
c3e48c58 b images
c3e48ca8 b os_data_state
c3e48cac B os_data_count
c3e48cb0 b os_data_addr
c3e48cb4 b bin_start_address
c3e48cb8 b k_data_escape
c3e48cbc B os_data_init
c3e48cc0 b k_data_escape_saved
c3e48cc4 b os_data_state_saved
c3e48cc8 b os_data_count_saved
c3e48ccc b os_data_addr_saved
c3e48cd0 B os_data_char
c3e48cd4 B his_quote
c3e48cd8 B his_pad_count
c3e48cdc B his_pad_char
c3e48cdd B his_eol
c3e48ce0 B send_ptr
c3e48ce4 B send_parms
c3e48cf8 b a_b
c3e48d10 b base_address
c3e48d14 B mm_last_addr
c3e48d18 B mm_last_size
c3e48d1c B dp_last_addr
c3e48d20 B dp_last_size
c3e48d24 b ctrlc_disabled
c3e48d28 b ctrlc_was_pressed
c3e48d2c B devlist
c3e48d30 B stdio_devices
c3e48d3c b top_pad
c3e48d40 b n_mmaps_max
c3e48d44 b current_mallinfo
c3e48d6c b max_sbrked_mem
c3e48d70 b max_total_mem
c3e48d74 b local.2838
c3e48d8c b map
c3e48e8c b top_vars
c3e48e90 b flag_repeat
c3e48e94 b do_repeat
c3e48e98 b the_command.2867
c3e48f98 b buf.3527
c3e48fc0 B last_return_code
c3e48fc4 b ifs
c3e48fc8 B nesting_level
c3e48fcc b asynch_allowed
c3e48fd0 b usb_dev
c3e55850 b usb_hub_index
c3e55854 b hub_dev
c3e55954 b dev_index
c3e55958 B usb_started
c3e5595c b setup_packet
c3e55964 b running
c3e55968 b xyz
c3e55da4 B raw_area_control
c3e55fa4 b download_size
c3e55fa8 b download_bytes
c3e55fac b download_error
c3e55fb0 b pcount
c3e55fb4 b ptable
c3e56174 B env_ptr
c3e56178 B flash_info
c3e56458 B ___strtok
c3e5645c b fixed_mem
c3e574ec b fixed_lock
c3e574f0 b fixed_built
c3e574f4 b fixed_bl
c3e574f8 b fixed_tl
c3e574fc b fixed_bd
c3e57500 b fixed_td
c3e57600 B ptd
c3e57604 B urb_priv
c3e576d8 b gohci
c3e577a0 B ohci_dev
c3e57940 B gtd
c3e58a00 B ghcca
c3e58b00 B phcca
c3e58b04 B got_rhsc
c3e58b08 B devgone
c3e58c00 B cur_ecc_mode
c3e58c04 B nand_type
c3e58c08 B otg
c3e58c8c B remode_wakeup
c3e58c90 B get_status
c3e58c96 B config_value
c3e58c98 B get_intf
c3e58c9c B s3c_usbd_dn_addr
c3e58ca0 B op_mode
c3e58ca4 B s3c_usbd_dn_cnt
c3e58ca8 B s3c_receive_done
c3e58cac B speed
c3e58cb0 B s3c_got_header
c3e58cb4 B DNW
c3e58cb8 B fboot_otg
c3e58d3c B fboot_remode_wakeup
c3e58d40 B fboot_get_status
c3e58d46 B fboot_config_value
c3e58d48 B fboot_get_intf
c3e58d4c B fboot_usbd_dn_addr
c3e58d50 B fboot_response_flag
c3e58d54 B reply_msg
c3e58d58 B fboot_op_mode
c3e58d5c B fboot_usbd_dn_cnt
c3e58d60 B fboot_receive_done
c3e58d64 B fboot_speed
c3e58d68 b device_strings
c3e58d70 b serial_number.4451
c3e58d90 b fastboot_interface
c3e58d94 b fastboot_bulk_fifo
c3e58f98 B transfer_size
c3e58f9c B fboot_got_header
c3e58fa0 B tx_msg_buf
c3e58fa4 B total_dn_size
c3e58fa8 b params
c3e58fac b part_offset
c3e58fb0 b cur_dev
c3e58fb4 B get_vfatname_block
c3e68fb4 B do_fat_read_block
c3e78fb4 B get_dentfromdir_block
c3e88fb4 B ext2fs_root
c3e88fb8 B ext2fs_file
c3e88fbc B indir1_block
c3e88fc0 B indir1_size
c3e88fc4 B indir2_block
c3e88fc8 B indir2_size
c3e88fcc B symlinknest
c3e88fd0 b part_info
c3e8901c b ext2fs_block_dev_desc
c3e89020 b data_buf
c3e89820 b oob_buf
c3e89860 b none_oobinfo
c3e89ab0 A _end
