c3e00010 T _start
c3e00030 t _undefined_instruction
c3e00034 t _software_interrupt
c3e00038 t _prefetch_abort
c3e0003c t _data_abort
c3e00040 t _not_used
c3e00044 t _irq
c3e00048 t _fiq
c3e0004c t _pad
c3e00050 T _end_vect
c3e00050 t _TEXT_BASE
c3e00054 t _TEXT_PHY_BASE
c3e00058 T _armboot_start
c3e0005c T _bss_start
c3e00060 T _bss_end
c3e00064 t reset
c3e00068 t cpu_init_crit
c3e00170 t nand_boot
c3e0017c t onenand_boot
c3e00184 t mmcsd_boot
c3e0018c t nor_boot
c3e00194 t after_copy
c3e00194 t enable_mmu
c3e001b4 t mmu_on
c3e001d0 t skip_hw_init
c3e001d0 t stack_setup
c3e001d4 t clear_bss
c3e001e0 t clbss_l
c3e001f4 t _start_armboot
c3e001f8 t _mmu_table_base
c3e001fc T copy_from_nand
c3e00238 t copy_failed
c3e00240 t compare_failed
c3e00248 T theLastJump
c3e00264 t phy_last_jump
c3e002a0 t undefined_instruction
c3e00300 t software_interrupt
c3e00360 t prefetch_abort
c3e003c0 t data_abort
c3e00420 t not_used
c3e00480 t irq
c3e004e0 t fiq
c3e00540 T arm_cache_flush
c3e00560 T v7_flush_dcache_all
c3e00578 t Loop1
c3e005b8 t Loop2
c3e005bc t Loop3
c3e005d8 t Skip
c3e005e4 t Finished
c3e00600 T disable_l2cache
c3e00620 T enable_l2cache
c3e00640 T set_l2cache_auxctrl
c3e00660 T set_l2cache_auxctrl_cycle
c3e00680 t CoInvalidateDCacheIndex
c3e006c0 T mem_ctrl_asm_init
c3e0077c t find_lock_val
c3e008e8 t find_lock_val1
c3e00a38 T cleanDCache
c3e00a44 T cleanFlushDCache
c3e00a50 T cleanFlushCache
c3e00ad4 t _TEXT_BASE
c3e00ad8 T lowlevel_init
c3e00be4 t wakeup_reset_from_didle
c3e00be8 t lockloop
c3e00bfc t wakeup_reset_pre
c3e00c14 t wakeup_reset
c3e00c24 t exit_wakeup
c3e00c38 t system_clock_init
c3e00c4c t retryloop
c3e00cfc t uart_asm_init
c3e00d4c t nand_asm_init
c3e00de4 t tzpc_init
c3e00e38 t onenandcon_init
c3e00e6c t wait_orwb
c3e00f3c T onenand_readw
c3e00f44 T onenand_writew
c3e00f4c T onenand_loadpage
c3e00fd0 T onenand_isbad
c3e00ff8 T onenand_readpage
c3e01044 T onenand_bl2_copy
c3e010a0 t nand_readpage
c3e01140 T copy_uboot_to_ram
c3e01220 T movi_bl2_copy
c3e01284 T movi_zImage_copy
c3e012c8 T print_movi_bl2_info
c3e012e0 T movi_write_bl1
c3e01334 T movi_write_env
c3e0134c T movi_read_env
c3e01364 T Check_Signature
c3e0140c T SHA1_digest
c3e014ac T Delay
c3e014b0 T SCLH_SDAH
c3e014d4 T SCLH_SDAL
c3e014f8 T SCLL_SDAH
c3e0151c T SCLL_SDAL
c3e01540 T IIC_ELow
c3e01558 T IIC_EHigh
c3e01570 T IIC_EStart
c3e01588 T IIC_EEnd
c3e015a0 T IIC_EAck
c3e01620 T IIC_ESetport
c3e01670 T IIC_EWrite
c3e01714 T PMIC_InitIp
c3e017f0 T enable_interrupts
c3e017f4 T disable_interrupts
c3e017fc T set_timer
c3e0180c T reset_timer_masked
c3e0182c T reset_timer
c3e01830 T get_timer_masked
c3e01878 T get_timer
c3e0188c T udelay
c3e018fc T udelay_masked
c3e0196c T get_ticks
c3e01980 T get_tbclk
c3e01998 T interrupt_init
c3e01a14 T show_regs
c3e01b54 T bad_mode
c3e01b70 T do_irq
c3e01b94 T do_fiq
c3e01bb8 T do_not_used
c3e01bdc T do_data_abort
c3e01c00 T do_prefetch_abort
c3e01c24 T do_software_interrupt
c3e01c48 T do_undefined_instruction
c3e01c6c t read_p15_c1
c3e01c74 t write_p15_c1
c3e01c7c t cp_delay
c3e01ca8 T cpu_init
c3e01cb0 T icache_enable
c3e01ccc T icache_disable
c3e01ce8 T icache_status
c3e01cfc T dcache_enable
c3e01d18 T dcache_disable
c3e01d34 T dcache_status
c3e01d48 T branch_enable
c3e01d64 T branch_disable
c3e01d80 T branch_status
c3e01d94 T cpu_mmc_init
c3e01da8 T reset_cpu
c3e01ddc T do_reset
c3e01df4 T cleanup_before_linux
c3e01e20 T setup_hsmmc_cfg_gpio
c3e01e94 T setup_sdhci0_cfg_card
c3e01ee4 T setup_hsmmc_clock
c3e01f78 T serial_setbrg
c3e01f7c T serial_init
c3e01f8c t T.32
c3e01f98 T serial_tstc
c3e01fac T serial_putc
c3e01fdc T serial_puts
c3e02004 T serial_getc
c3e02020 t get_PLLCLK
c3e020a8 T get_UCLK
c3e020b0 T get_MPLL_CLK
c3e020b8 T get_FCLK
c3e020c0 T get_SCLKA2M
c3e020e8 T get_HCLKP
c3e02144 T get_PCLKP
c3e0216c T get_HCLKD
c3e021c8 T get_PCLKD
c3e021f0 T get_HCLK
c3e02248 T get_PCLK
c3e02270 T get_ARMCLK
c3e02298 T print_cpuinfo
c3e02460 T __divsi3
c3e02578 t Ldiv0
c3e025a0 T __udivsi3
c3e025b8 t Loop1
c3e025cc t Lbignum
c3e025e0 t Loop3
c3e02620 t Lgot_result
c3e02628 t Ldiv0
c3e02638 T sbrk
c3e02670 T __coloured_LED_init
c3e02670 W coloured_LED_init
c3e02674 T __red_LED_on
c3e02674 W red_LED_on
c3e02678 T __red_LED_off
c3e02678 W red_LED_off
c3e0267c T __green_LED_on
c3e0267c W green_LED_on
c3e02680 T __green_LED_off
c3e02680 W green_LED_off
c3e02684 T __yellow_LED_on
c3e02684 W yellow_LED_on
c3e02688 T __yellow_LED_off
c3e02688 W yellow_LED_off
c3e0268c T hang
c3e0269c t display_dram_config
c3e026d8 t display_banner
c3e026f8 t init_baudrate
c3e02758 T strmhz
c3e027c0 T start_armboot
c3e029dc T __div0
c3e029e0 T __modsi3
c3e02ab4 t Ldiv0
c3e02ae0 t __fswab16
c3e02af8 t __fswab32
c3e02b14 t startAgainTimeout
c3e02b28 t startAgainHandler
c3e02b2c T NetSetHandler
c3e02b3c T NetCksum
c3e02b84 T NetCksumOk
c3e02ba8 T copy_filename
c3e02c00 T string_to_VLAN
c3e02c4c T getenv_VLAN
c3e02c5c T string_to_ip
c3e02cc4 T getenv_IPaddr
c3e02cd4 T NetEthHdrSize
c3e02d18 T VLAN_to_string
c3e02d78 T ip_to_string
c3e02dbc T print_IPaddr
c3e02dd8 t NetCopyIP
c3e02de0 T NetSetIP
c3e02ee0 T NetSetEther
c3e02f90 t NetReadIP
c3e02fac t PingHandler
c3e02fd4 t NetWriteIP
c3e02ff0 T NetSendPacket
c3e02ff4 T ArpRequest
c3e030e0 T NetReceive
c3e03648 T PingSend
c3e03784 T NetSetTimeout
c3e037b4 T NetSendUDPPacket
c3e038f4 T NetStartAgain
c3e03970 T ArpTimeoutCheck
c3e039e4 t PingTimeout
c3e03a00 T NetLoop
c3e03e10 t __fswab16
c3e03e28 t TftpSend
c3e03fa8 T TftpStart
c3e04214 t TftpTimeout
c3e04270 t TftpHandler
c3e04510 t __fswab16
c3e04528 t __fswab32
c3e04544 t truncate_sz
c3e04578 t NetCopyLong
c3e04580 t NetCopyIP
c3e04588 t NetReadLong
c3e045a4 t DhcpOptionsProcess
c3e04774 t DhcpExtended
c3e04960 t T.63
c3e04980 t DhcpHandler
c3e04cec T BootpRequest
c3e04e9c T DhcpRequest
c3e04ea0 t BootpTimeout
c3e04ee8 T RarpRequest
c3e04fe4 t RarpHandler
c3e05040 t RarpTimeout
c3e05088 T eth_initialize
c3e05090 t __fswab32
c3e050ac t basename
c3e050e8 t dirname
c3e05104 t rpc_add_credentials
c3e051e4 t rpc_lookup_reply
c3e05290 t nfs_mount_reply
c3e05324 t nfs_umountall_reply
c3e053a4 t nfs_lookup_reply
c3e05430 t rpc_req
c3e0552c t rpc_lookup_req
c3e0558c t nfs_mount_req
c3e05620 t nfs_umountall_req
c3e05678 t nfs_lookup_req
c3e05720 t nfs_read_req
c3e05798 t nfs_readlink_req
c3e057e8 t NfsSend
c3e0587c T NfsStart
c3e05ab4 t NfsTimeout
c3e05afc t nfs_readlink_reply
c3e05bf4 t nfs_read_reply
c3e05d30 t NfsHandler
c3e05f10 t __fswab32
c3e05f2c T mmc_send_cmd
c3e05f3c T mmc_set_blocklen
c3e05f70 T mmc_send_ext_csd
c3e05fc0 T mmc_set_relative_addr
c3e05ff4 T mmc_switch
c3e06040 T mmc_change_freq
c3e06120 T sd_switch
c3e06190 T mmc_set_ios
c3e061a0 T mmc_set_clock
c3e061c0 T mmc_set_bus_width
c3e061c8 T mmc_send_if_cond
c3e06244 t __def_mmc_init
c3e06244 W board_mmc_init
c3e0624c T print_mmc_devices
c3e062c0 T find_mmc_device
c3e0630c T mmc_get_dev
c3e06320 t mmc_bwrite
c3e063e4 T movi_write
c3e063fc t mmc_bread_primitive
c3e064b0 t mmc_bread
c3e06524 T movi_read
c3e0653c T sd_change_freq
c3e06710 T mmc_startup
c3e06d4c T mmc_send_app_op_cond
c3e06e48 T mmc_go_idle
c3e06e9c T mmc_send_op_cond
c3e06f3c T mmc_init
c3e06fa0 T mmc_initialize
c3e0704c T mmc_register
c3e070b4 t s3c_hsmmc_initialize
c3e071a4 T smdk_s3c_hsmmc_init
c3e071cc t sdhci_change_clock
c3e072a0 t s3c_hsmmc_set_ios
c3e072e8 t s3c_hsmmc_send_command
c3e075f8 t T.36
c3e07658 t s3c_hsmmc_init
c3e076ac T nand_init
c3e07748 t generic_ffs
c3e0779c t nand_release_device
c3e077b4 t nand_read_byte
c3e077c4 t nand_read_byte16
c3e077d8 t nand_read_word
c3e077e8 t nand_write_buf
c3e07814 t nand_read_buf
c3e0783c t nand_verify_buf
c3e0787c t nand_write_buf16
c3e078b0 t nand_read_buf16
c3e078e4 t nand_verify_buf16
c3e0792c t nand_block_bad
c3e07a44 t nand_check_wp
c3e07a80 T nand_wait_ready
c3e07a94 t nand_read_page_raw
c3e07acc t nand_read_page_swecc
c3e07bd8 t nand_read_page_hwecc
c3e07d04 t nand_read_page_syndrome
c3e07e28 t nand_read_oob_std
c3e07e6c t nand_read_oob_syndrome
c3e07f68 t nand_write_oob_std
c3e07fd8 t nand_write_oob_syndrome
c3e08188 t nand_write_page_raw
c3e081bc t nand_write_page_swecc
c3e08274 t nand_write_page_hwecc
c3e08334 t nand_write_page_syndrome
c3e08424 t single_erase_cmd
c3e08460 t multi_erase_cmd
c3e084ec t nand_sync
c3e084f0 t nand_suspend
c3e084f8 T nand_release
c3e08520 t nand_resume
c3e08540 T nand_scan_ident
c3e08a6c T nand_scan_tail
c3e08f50 T nand_scan
c3e08f70 t nand_select_chip
c3e08fcc t nand_fill_oob
c3e090d8 t nand_do_write_oob
c3e091e0 t nand_do_write_ops
c3e09500 t nand_write_oob
c3e09594 t nand_write
c3e09614 t nand_transfer_oob
c3e09720 t nand_command
c3e098dc t nand_command_lp
c3e09b24 t nand_do_read_ops
c3e09ee4 t nand_read_oob
c3e0a0a4 T nand_read
c3e0a124 t nand_write_page
c3e0a210 t nand_default_block_markbad
c3e0a2b8 T nand_erase_nand
c3e0a570 t nand_erase
c3e0a578 t nand_wait
c3e0a64c t nand_block_isbad
c3e0a69c t nand_block_markbad
c3e0a6d8 T nand_calculate_ecc
c3e0a7cc T nand_correct_data
c3e0a8ec t check_pattern
c3e0a99c t scan_read_raw
c3e0a9e8 t search_bbt
c3e0ab98 T nand_isbad_bbt
c3e0abe8 t create_bbt
c3e0af54 t read_bbt
c3e0b14c t read_abs_bbt
c3e0b230 t write_bbt
c3e0b8b8 T nand_update_bbt
c3e0ba04 t mark_bbt_region
c3e0bb8c T nand_scan_bbt
c3e0bff4 T nand_default_bbt
c3e0c0b8 t dm9000_outblk_8bit
c3e0c0dc t dm9000_outblk_16bit
c3e0c110 t dm9000_outblk_32bit
c3e0c144 t dm9000_inblk_8bit
c3e0c168 t dm9000_inblk_16bit
c3e0c19c t dm9000_inblk_32bit
c3e0c1d0 t dm9000_rx_status_32bit
c3e0c1f0 t dm9000_rx_status_16bit
c3e0c210 t dm9000_rx_status_8bit
c3e0c240 t DM9000_ior
c3e0c254 t DM9000_iow
c3e0c26c T write_srom_word
c3e0c2c4 T read_srom_word
c3e0c318 t phy_write
c3e0c370 T eth_halt
c3e0c3a8 t phy_read
c3e0c400 t dm9000_reset
c3e0c4a0 T eth_rx
c3e0c5e4 T eth_send
c3e0c6b4 T eth_init
c3e0cc3c T __show_boot_progress
c3e0cc3c W show_boot_progress
c3e0cc40 T parse_line
c3e0cccc T do_run
c3e0cd40 T run_command
c3e0d108 t cread_add_char
c3e0d1f4 t cread_add_str
c3e0d248 T readline_into_buffer
c3e0d8ac T readline
c3e0d8b8 T main_loop
c3e0d9e8 t __fswab32
c3e0da04 T autoscript
c3e0db30 T do_autoscript
c3e0db74 t print_num
c3e0db88 T do_bdinfo
c3e0dc7c t __fswab32
c3e0dc98 t image_get_data
c3e0dca0 t image_check_type
c3e0dcb8 T image_multi_count
c3e0dce0 t get_table_entry_name
c3e0dd0c T genimg_get_os_name
c3e0dd24 T genimg_get_arch_name
c3e0dd3c T genimg_get_type_name
c3e0dd54 T genimg_get_comp_name
c3e0dd6c T genimg_get_image
c3e0dd70 T genimg_has_config
c3e0dd78 t get_table_entry_id
c3e0ddc4 T genimg_get_comp_id
c3e0dddc T genimg_get_type_id
c3e0ddf4 T genimg_get_arch_id
c3e0de0c T genimg_get_os_id
c3e0de24 t image_check_magic
c3e0de48 T genimg_get_format
c3e0de84 t image_get_data_size
c3e0de8c t image_get_load
c3e0de94 T image_multi_getimg
c3e0df1c T memmove_wd
c3e0df20 T getenv_bootm_size
c3e0df54 T getenv_bootm_low
c3e0df88 T getenv_yesno
c3e0dfac t genimg_print_size
c3e0dfd8 T image_print_contents
c3e0e1bc T image_check_dcrc
c3e0e204 T image_check_hcrc
c3e0e258 T boot_get_ramdisk
c3e0e4b4 W do_go_exec
c3e0e4cc T do_go
c3e0e550 t __fswab32
c3e0e56c T __board_lmb_reserve
c3e0e56c W board_lmb_reserve
c3e0e570 t do_imls
c3e0e624 t image_check_magic
c3e0e648 t image_info
c3e0e710 t image_get_size
c3e0e718 t image_get_ep
c3e0e720 T print_image_hdr
c3e0e8c8 T do_iminfo
c3e0e928 T do_bootd
c3e0e94c T do_bootm
c3e0f074 t on_off
c3e0f0b0 T do_dcache
c3e0f134 T do_icache
c3e0f1b8 T do_coninfo
c3e0f2bc T valid_elf_image
c3e0f310 T load_elf_image
c3e0f410 T do_bootvx
c3e0f58c W do_bootelf_exec
c3e0f5d0 T do_bootelf
c3e0f668 T ext_format
c3e0f754 T do_ext3_format
c3e0f764 T do_ext2_format
c3e0f774 T do_ext2load
c3e0fa4c T do_ext2ls
c3e0fb90 T do_fat_format
c3e0fc78 T do_fat_fsinfo
c3e0fd78 T do_fat_ls
c3e0fe80 T do_fat_fsload
c3e1001c t flash_fill_sect_ranges
c3e101c8 T flash_sect_protect
c3e102bc t addr_spec
c3e1041c t abbrev_spec
c3e10560 T do_protect
c3e107f0 T flash_sect_erase
c3e108c8 T do_flerase
c3e10a60 T do_flinfo
c3e10adc t evalstr
c3e10af8 t evalexp
c3e10b40 T binary_test
c3e10d20 T do_itest
c3e10dc8 T ktrans
c3e10df0 T chk1
c3e10e20 t bin_data_init
c3e10e40 t bin_data_char
c3e10e74 T k_data_init
c3e10e94 T k_data_save
c3e10eb8 T k_data_restore
c3e10ed8 T k_data_char
c3e10f2c T send_pad
c3e10f5c T s1_sendpacket
c3e10f88 T handle_send_packet
c3e1114c T send_nack
c3e111ac T send_ack
c3e1120c t load_serial_ymodem
c3e11340 t getcxmodem
c3e11360 T do_load_serial_bin
c3e117c0 t load_serial
c3e119f8 T do_load_serial
c3e11ad8 T do_mem_base
c3e11b1c T do_mem_crc
c3e11bd8 T do_mem_mtest
c3e11d00 T cmd_get_data_size
c3e11d50 T do_mem_loop
c3e11e54 T do_mem_cp
c3e11f80 T do_mem_cmp
c3e1211c T do_mem_mw
c3e121e8 t mod_mem
c3e1233c T do_mem_nm
c3e1235c T do_mem_mm
c3e1237c T do_mem_md
c3e1245c T do_sleep
c3e124ec T do_mmcinfo
c3e1266c T do_mmcops
c3e1296c t str2long
c3e129a8 T nand_block_write
c3e12b28 T nand_block_read
c3e12cb4 t arg_off_size
c3e12d94 T do_nand
c3e13964 T do_ping
c3e139ec t netboot_common
c3e13ce8 T do_nfs
c3e13cf4 T do_dhcp
c3e13d00 T do_rarpb
c3e13d0c T do_tftpb
c3e13d18 T do_bootp
c3e13d24 T envmatch
c3e13d84 T getenv_r
c3e13e24 T do_saveenv
c3e13e50 T getenv
c3e13eb8 T _do_setenv
c3e1431c T do_setenv
c3e14354 T setenv
c3e14398 T do_printenv
c3e14510 T do_reginfo
c3e14518 T do_usbd_dnw
c3e14620 T do_imgextract
c3e1485c T find_cmd
c3e148f0 T do_echo
c3e14970 T do_help
c3e14b14 T do_version
c3e14b34 T do_exit
c3e14b64 T do_test
c3e14fcc t console_setfile
c3e1506c T fgetc
c3e15094 T ftstc
c3e150bc T fputc
c3e150e8 T fputs
c3e15114 T disable_ctrlc
c3e1512c T had_ctrlc
c3e1513c T clear_ctrlc
c3e15150 T dbg
c3e1515c T console_init_f
c3e1516c T console_assign
c3e151fc T fprintf
c3e15244 T puts
c3e15260 T vprintf
c3e1528c T printf
c3e152cc T console_init_r
c3e15434 T serial_printf
c3e15474 T putc
c3e15494 T tstc
c3e154ac T getc
c3e154c4 T ctrlc
c3e15510 T devices_done
c3e1552c T device_register
c3e15550 T devices_init
c3e155fc T malloc_bin_reloc
c3e15634 T malloc_usable_size
c3e15678 T mallopt
c3e156f0 T malloc_trim
c3e157bc T free
c3e159e0 T cfree
c3e159e4 T malloc
c3e15fbc T memalign
c3e160cc T pvalloc
c3e160e4 T valloc
c3e160f0 T calloc
c3e161d0 T realloc
c3e16630 T env_get_char_memory
c3e16654 T env_get_addr
c3e16678 T set_default_env
c3e16684 T env_relocate
c3e166dc T env_get_char
c3e1670c T env_crc_update
c3e16738 t dummy
c3e1673c T get_version
c3e16744 T jumptable_init
c3e1681c T flash_protect
c3e168f4 T addr2info
c3e1693c T flash_perror
c3e16a1c T flash_write
c3e16b84 t b_reset
c3e16ba0 T simple_itoa
c3e16bf8 t static_get
c3e16c14 t static_peek
c3e16c20 t file_peek
c3e16c2c t setup_string_in_str
c3e16c58 t indenter
c3e16c68 t is_assignment
c3e16cc0 T mapset
c3e16cec T u_boot_hush_start
c3e16d68 t file_get
c3e16f34 t syntax_err
c3e16f40 t xmalloc
c3e16f60 T new_pipe
c3e16f88 t free_pipe_list
c3e17078 t b_free
c3e1709c t xrealloc
c3e170bc t done_command
c3e17144 t initialize_context
c3e1717c t done_pipe
c3e171cc T reserved_word
c3e17304 t done_word
c3e1747c t insert_var_value
c3e17628 T update_ifs_map
c3e17698 t b_addchr
c3e17710 t b_addqchr
c3e1775c t T.120
c3e178d0 t run_list_real
c3e18088 t parse_stream_outer
c3e18658 T parse_file_outer
c3e186a0 T parse_string_outer
c3e18768 T GetHandleSize
c3e18770 T ListSetAllocationPolicy
c3e18784 T ListGetPtrToItem
c3e187b4 T ListGetDataPtr
c3e187c0 T ListGetItemSize
c3e187cc T ListNumItems
c3e187d8 T ListGetItems
c3e1881c T SetHandleSize
c3e18898 T ListInsertItems
c3e18a58 T ListInsertItem
c3e18a60 T DisposeHandle
c3e18a80 T ListDispose
c3e18a84 T NewHandle
c3e18ae0 T ListCreate
c3e18b40 t hex1_bin
c3e18b78 t hex2_bin
c3e18bac T srec_decode
c3e18e1c T usb_disable_asynch
c3e18e34 T usb_maxpacket
c3e18e58 T usb_set_maxpacket
c3e18f78 T usb_get_dev_index
c3e18fa8 T usb_hub_reset
c3e18fbc T usb_hub_allocate
c3e19004 T usb_alloc_new_device
c3e190a4 T usb_parse_config
c3e191f4 T usb_submit_int_msg
c3e191f8 T usb_stop
c3e19228 T wait_ms
c3e1924c T usb_bulk_msg
c3e192b0 T usb_control_msg
c3e19388 T usb_get_port_status
c3e193e8 T usb_get_hub_status
c3e1943c T usb_set_port_feature
c3e1949c T usb_clear_port_feature
c3e194fc T usb_clear_hub_feature
c3e19550 T usb_get_hub_descriptor
c3e195b0 T usb_get_string
c3e19640 t usb_string_sub
c3e19740 T usb_string
c3e1983c T usb_get_class_descriptor
c3e198b4 T usb_get_report
c3e1992c T usb_set_idle
c3e19990 T usb_set_protocol
c3e199f0 T usb_set_configuration
c3e19a60 T usb_set_interface
c3e19b20 T usb_set_address
c3e19b64 T usb_get_descriptor
c3e19bd4 T usb_get_configuration_no
c3e19c6c T usb_clear_halt
c3e19d10 t usb_hub_power_on
c3e19d54 T usb_hub_port_connect_change
c3e19e90 T usb_hub_configure
c3e1a0b8 T usb_hub_probe
c3e1a114 T usb_new_device
c3e1a344 T usb_scan_devices
c3e1a3a8 T usb_init
c3e1a424 T parse_num
c3e1a548 T xyzModem_error
c3e1a568 T xyzModem_stream_close
c3e1a5b8 T CYGACC_COMM_IF_PUTC
c3e1a5c0 T CYGACC_COMM_IF_GETC_TIMEOUT
c3e1a618 t xyzModem_flush
c3e1a640 T xyzModem_stream_terminate
c3e1a714 t xyzModem_get_hdr
c3e1a99c T xyzModem_stream_read
c3e1ac30 T xyzModem_stream_open
c3e1ad88 T do_movi
c3e1b0ec T init_raw_area_table
c3e1b29c t reset_handler
c3e1b2b8 T fastboot_flash_get_ptn
c3e1b2dc T fastboot_flash_get_ptn_count
c3e1b2ec T fastboot_flash_find_ptn
c3e1b360 T fastboot_flash_dump_ptn
c3e1b440 T fastboot_flash_add_ptn
c3e1b47c t write_to_ptn
c3e1b600 t memparse
c3e1b668 t set_env
c3e1b69c t save_env
c3e1b818 t set_partition_table
c3e1bc98 T do_fastboot
c3e1be50 t T.91
c3e1c0b4 t rx_handler
c3e1ca94 t update_from_sd
c3e1cbfc T do_sdfuse
c3e1ce30 T calc_unit
c3e1ce90 T encode_chs
c3e1ceb0 T get_SDInfo
c3e1cf98 T make_partitionInfo
c3e1d190 T put_mmc_mbr
c3e1d204 T get_mmc_mbr
c3e1d274 T get_mmc_block_count
c3e1d2cc T decode_partitionInfo
c3e1d30c T get_mmc_part_info
c3e1d3a8 T print_mmc_part_info
c3e1d53c T encode_partitionInfo
c3e1d5ac T make_mmc_partition
c3e1d868 T create_mmc_fdisk
c3e1d8f0 T do_fdisk
c3e1d968 T env_get_char_spec
c3e1d974 T env_init
c3e1d990 t use_default
c3e1da1c T env_relocate_spec_onenand
c3e1da20 T env_relocate_spec_movinand
c3e1da98 T env_relocate_spec_nor
c3e1daf0 T saveenv_onenand
c3e1db08 T saveenv_nor
c3e1dbfc T saveenv_movinand
c3e1dc28 t T.70
c3e1dc60 t T.71
c3e1dc98 T env_relocate_spec_nand
c3e1dd0c T env_relocate_spec
c3e1dd58 t T.72
c3e1dd90 T saveenv_nand
c3e1dedc T saveenv
c3e1df4c T saveenv_nand_adv
c3e1e020 T gunzip
c3e1e178 T zfree
c3e1e180 T zalloc
c3e1e190 T cyg_crc16
c3e1e1d8 T board_init
c3e1e240 T dram_init
c3e1e270 T board_late_init
c3e1e278 T virt_to_phy_smdkc110
c3e1e2a8 T checkboard
c3e1e2c0 T read_hword
c3e1e2d4 T flash_print_info
c3e1e3f8 t write_hword
c3e1e50c T write_buff
c3e1e6e8 T flash_erase_all
c3e1e7ec T flash_erase
c3e1e9d8 T flash_init
c3e1ea9c T crc32
c3e1eba8 T crc32_no_comp
c3e1ecac T crc32_wd
c3e1ecb0 T print_size
c3e1ed78 T display_options
c3e1ed98 T print_buffer
c3e1eef8 T lmb_dump_all
c3e1eefc t lmb_addrs_adjacent
c3e1ef20 t lmb_remove_region
c3e1ef5c T lmb_init
c3e1ef84 t lmb_add_region
c3e1f154 T lmb_add
c3e1f158 T lmb_free
c3e1f250 T lmb_reserve
c3e1f258 T lmb_overlaps_region
c3e1f2ac t lmb_align_down
c3e1f2b8 T __lmb_alloc_base
c3e1f3c8 T lmb_is_reserved
c3e1f428 T lmb_alloc_base
c3e1f45c T lmb_alloc
c3e1f464 T strcpy
c3e1f480 T strncpy
c3e1f4a8 T strcat
c3e1f4d8 T strncat
c3e1f534 T strcmp
c3e1f564 T strncmp
c3e1f5ac T strchr
c3e1f5d8 T strlen
c3e1f5f8 T strrchr
c3e1f630 T strnlen
c3e1f658 T strspn
c3e1f69c T strpbrk
c3e1f6d4 T strtok
c3e1f750 T strsep
c3e1f784 T strswab
c3e1f7cc T memset
c3e1f7ec T bcopy
c3e1f814 T memcpy
c3e1f838 T memmove
c3e1f894 T memcmp
c3e1f8cc T memscan
c3e1f8fc T strstr
c3e1f95c T memchr
c3e1f988 T strdup
c3e1f9bc T simple_strtoul
c3e1fa6c T simple_strtol
c3e1fa94 t skip_atoi
c3e1facc t number
c3e1fd10 T panic
c3e1fd60 T vsprintf
c3e20184 T sprintf
c3e201ac t falloc
c3e201d0 t ffree
c3e201d4 t inflate_trees_free
c3e20208 t huft_build
c3e207c4 t inflate_trees_fixed
c3e2099c t inflate_codes_new
c3e209ec t inflate_codes_free
c3e20a0c t inflate_blocks_reset
c3e20ad4 T inflateEnd
c3e20b68 T inflateReset
c3e20bc8 T inflateSync
c3e20cc8 T inflateInit2
c3e20e0c T inflateInit
c3e20e14 T adler32
c3e20f88 T inflateIncomp
c3e210b0 t inflate_flush
c3e2121c T inflate
c3e22ecc t td_alloc
c3e22f08 T rh_check_port_status
c3e22f10 T submit_common_msg
c3e22f18 T submit_bulk_msg
c3e22f20 T submit_control_msg
c3e22f28 T submit_int_msg
c3e22f30 T usb_lowlevel_init
c3e22f38 T usb_lowlevel_stop
c3e22f40 t T.59
c3e22f80 t T.60
c3e23028 T sohci_submit_job
c3e2356c t s3c_nand_hwcontrol
c3e235e0 t s3c_nand_device_ready
c3e235fc t s3c_nand_wait_enc
c3e23614 t s3c_nand_wait_dec
c3e2362c t s3c_nand_enable_hwecc
c3e23690 t s3c_nand_calculate_ecc
c3e23744 t s3c_nand_wait_ecc_busy_8bit
c3e2375c T s3c_nand_enable_hwecc_8bit
c3e238c0 T s3c_nand_read_oob_8bit
c3e23904 T s3c_nand_write_oob_8bit
c3e2396c t s3c_nand_write_oob_1bit
c3e23a4c t s3c_nand_read_oob_1bit
c3e23ae0 t s3c_nand_write_page_1bit
c3e23c4c t s3c_nand_read_page_1bit
c3e23db8 t s3c_nand_read_page_4bit
c3e23ecc t s3c_nand_write_page_4bit
c3e23f8c T board_nand_init
c3e241ec t s3c_nand_correct_data
c3e243b8 T s3c_nand_correct_data_8bit
c3e2450c T s3c_nand_calculate_ecc_8bit
c3e24640 T s3c_nand_read_page_8bit
c3e24730 T s3c_nand_write_page_8bit
c3e247f8 t s3c_nand_scan_bbt
c3e247fc T s3c_usb_phy_off
c3e24828 T s3c_usb_core_soft_reset
c3e24848 T s3c_usb_init_core
c3e24864 T s3c_usb_check_current_mode
c3e24878 T s3c_usb_set_soft_disconnect
c3e2488c T s3c_usb_clear_soft_disconnect
c3e248a0 T s3c_usb_init_device
c3e248c8 T s3c_usbc_activate
c3e248d0 T s3c_usb_stop
c3e248e4 T s3c_usb_set_inep_xfersize
c3e24910 T s3c_usb_set_outep_xfersize
c3e24940 T s3c_usb_write_ep0_fifo
c3e24990 T s3c_usb_write_in_fifo
c3e249e0 T s3c_usb_read_out_fifo
c3e24a2c T s3c_usb_get_desc
c3e24b38 T s3c_usb_clear_feature
c3e24ba8 T s3c_usb_set_feature
c3e24cfc T s3c_usb_get_status
c3e24d94 T s3c_usb_ep0_int_hndlr
c3e24f1c T s3c_usb_set_otherspeed_conf_desc
c3e25004 T s3c_usb_transfer_ep0
c3e25890 T s3c_usb_int_bulkin
c3e25954 T s3c_usb_upload_start
c3e25aa4 T s3c_usb_download_start
c3e25bc0 T s3c_usb_dma_in_done
c3e25c58 T s3c_usb_set_all_outep_nak
c3e25c80 T s3c_usb_clear_all_outep_nak
c3e25ca8 T s3c_usb_set_max_pktsize
c3e25ce4 T s3c_usb_set_endpoint
c3e25d24 T s3c_usb_set_descriptors
c3e25e74 T s3c_usb_check_speed
c3e25e8c T s3c_usb_clear_dnfile_info
c3e25ea8 T s3c_usb_clear_upfile_info
c3e25ec4 T s3c_usb_check_setconf
c3e25edc T s3c_usb_set_opmode
c3e25f48 T s3c_usb_reset
c3e25fa4 T s3c_usb_set_init
c3e26000 T s3c_usb_verify_checksum
c3e260a8 T s3c_usb_download_continue
c3e26150 T s3c_usb_int_bulkout
c3e26178 T s3c_usb_pkt_receive
c3e261ec T s3c_usb_print_pkt
c3e26238 T s3c_usb_dma_out_done
c3e262dc T s3c_usb_transfer
c3e263d4 T s3c_udc_int_hndlr
c3e26470 T s3c_usb_wait_cable_insert
c3e264bc T s3c_usb_init_phy
c3e264fc T s3c_usbctl_init
c3e26584 T fboot_usb_phy_off
c3e265b0 T fboot_usb_core_soft_reset
c3e265d0 T fboot_usb_init_core
c3e265ec T fboot_usb_check_current_mode
c3e26600 T fboot_usb_set_soft_disconnect
c3e26614 T fboot_usb_clear_soft_disconnect
c3e26628 T fboot_usb_init_device
c3e26650 T fboot_usbc_activate
c3e26658 T fboot_usb_stop
c3e2666c T fboot_usb_set_inep_xfersize
c3e26698 T fboot_usb_set_outep_xfersize
c3e266c8 T fboot_usb_write_ep0_fifo
c3e26718 T fboot_usb_write_in_fifo
c3e26768 T fboot_usb_read_out_fifo
c3e267b4 T fboot_usb_get_desc
c3e268d4 T fboot_usb_clear_feature
c3e26944 T fboot_usb_set_feature
c3e26a98 T fboot_usb_get_status
c3e26b30 T fboot_usb_ep0_int_hndlr
c3e26cb8 T fboot_usb_set_otherspeed_conf_desc
c3e26da0 T fboot_usb_transfer_ep0
c3e2764c T fboot_usb_upload_start
c3e2779c T fboot_usb_download_start
c3e278b8 T fboot_usb_dma_in_done
c3e27950 T fboot_usb_set_all_outep_nak
c3e27978 T fboot_usb_clear_all_outep_nak
c3e279a0 T fboot_usb_set_max_pktsize
c3e279dc T fboot_usb_set_endpoint
c3e27a1c T fboot_usb_set_descriptors
c3e27b70 T fboot_usb_check_speed
c3e27b88 T fboot_usb_clear_dnfile_info
c3e27ba4 T fboot_usb_clear_upfile_info
c3e27bc0 T fboot_usb_check_setconf
c3e27bd8 T fboot_usb_set_opmode
c3e27c44 T fboot_usb_reset
c3e27ca0 T fastboot_shutdown
c3e27ca4 T fastboot_fifo_size
c3e27cc0 T fastboot_getvar
c3e27cc8 T fboot_usb_int_bulkin
c3e27d50 T fastboot_preboot
c3e27dec T fboot_usb_set_init
c3e27e48 T fboot_usb_verify_checksum
c3e27ee4 T fboot_usb_download_continue
c3e27f8c T fboot_usb_print_pkt
c3e27fcc T fboot_usb_dma_out_done
c3e28070 T fboot_usb_transfer
c3e2816c T fboot_usb_wait_cable_insert
c3e281a8 T fboot_usb_init_phy
c3e281e8 T fboot_usbctl_init
c3e28270 T fastboot_init
c3e28348 T fboot_usb_int_bulkout
c3e283d4 T fboot_usb_pkt_receive
c3e28448 T fboot_usb_int_hndlr
c3e28500 T fastboot_poll
c3e28550 T fastboot_tx_status
c3e2859c T LCD_setfgcolor
c3e285ac T LCD_setleftcolor
c3e285bc T LCD_setprogress
c3e28674 T LCD_Initialize_NONAME1
c3e289a0 T LCD_turnon
c3e289a4 T __ashldi3
c3e289c0 T __ashrdi3
c3e289dc T __umodsi3
c3e289f0 t Loop1
c3e28a04 t Lbignum
c3e28a18 t Loop3
c3e28a80 t Ldiv0
c3e28a90 T setup_mtdpartition_tag
c3e28b44 T do_bootm_linux
c3e28d9c T flush_cache
c3e28da0 t downcase
c3e28dcc T disk_read
c3e28e18 t setstr
c3e28e48 t dirdelim
c3e28e7c t compare_sign
c3e28eac t get_fatent
c3e29008 t slot2str
c3e290cc t mkcksum
c3e290fc t read_bootsectandvi
c3e291f0 T file_fat_detectfs
c3e2933c t get_cluster
c3e293e0 t get_vfatname
c3e29578 t get_name
c3e29634 T do_fat_read
c3e29f3c T file_fat_read
c3e29f74 T file_fat_ls
c3e29f84 T fat_register_device
c3e2a094 T fat_format_device
c3e2a6fc T get_random_val
c3e2a718 T default_journal_size
c3e2a758 T ext2fs_format
c3e2cff0 T ext2fs_free_node
c3e2d010 T ext2fs_close
c3e2d0c4 t ext2fs_read_inode
c3e2d18c T ext2fs_mount
c3e2d23c T ext2fs_read_file
c3e2d710 T ext2fs_read
c3e2d748 t ext2fs_iterate_dir
c3e2d9c0 T ext2fs_find_file1
c3e2dc50 T ext2fs_find_file
c3e2dcd0 T ext2fs_open
c3e2dd68 T ext2fs_ls
c3e2dddc T ext2fs_devread
c3e2dfb0 T ext2fs_set_blk_dev
c3e2dffc T dev_print
c3e2e1cc T get_partition_info
c3e2e1f0 T init_part
c3e2e20c T get_dev
c3e2e270 T print_part
c3e2e34c t le32_to_int
c3e2e370 t is_extended
c3e2e390 T test_part_dos
c3e2e3e4 t get_partition_info_extended
c3e2e630 T get_partition_info_dos
c3e2e650 t print_partition_extended
c3e2e81c T print_part_dos
c3e2e848 t nand_block_bad_scrub
c3e2e850 T nand_lock
c3e2e8a4 T nand_unlock
c3e2e9b0 T nand_get_lock_status
c3e2ea3c T nand_read_opts
c3e2edf4 T nand_write_opts
c3e2f314 T nand_erase_opts
c3e2f670 T GregorianDay
c3e2f760 T to_tm
c3e2f868 T mktime
c3e2f900 T __div64_32
c3e2f9f8 r C.30.2920
c3e2fa78 R version_string
c3e2fabc r default_nand_name
c3e2fac4 r __FUNCTION__.5051
c3e2fad4 r __FUNCTION__.3209
c3e2fae8 r __FUNCTION__.4405
c3e2faf8 r __FUNCTION__.3805
c3e2fb0c r nand_ecc_precalc_table
c3e2fc0c r CSWTCH.74
c3e2fc58 r CSWTCH.77
c3e2fca0 r CSWTCH.80
c3e2fcc4 r CSWTCH.83
c3e2fcd0 r CSWTCH.106
c3e2fd28 r CSWTCH.56
c3e2fd48 r C.29.2749
c3e2fd5c r C.30.2750
c3e2fd70 r C.31.2751
c3e2fd80 r crc16_tab
c3e2ff80 r crc_table
c3e30380 r border
c3e303cc r inflate_mask
c3e30410 R config_full
c3e3041c R config_full_total
c3e3043c R config_high
c3e30448 R config_high_total
c3e30468 R qualifier_desc
c3e30474 R string_desc0
c3e30478 R string_desc1
c3e30490 R string_desc2
c3e304bc R fboot_config_full
c3e304c8 R fboot_config_full_total
c3e304e8 R fboot_config_high
c3e304f4 R fboot_config_high_total
c3e30514 R fboot_qualifier_desc
c3e30520 R fboot_string_desc0
c3e30524 R fboot_string_desc1
c3e3053c R fboot_string_desc2
c3e30554 R string_desc3
c3e30570 r block_drvr
c3e30580 r C.29.2567
c3e38f00 D init_sequence
c3e38f34 D NetOurVLAN
c3e38f38 D NetBcastAddr
c3e38f3e D NetOurNativeVLAN
c3e38f40 d TftpBlkSize
c3e38f44 d nfs_offset
c3e38f48 d cur_dev_num
c3e38f4c D nand_curr_device
c3e38f50 d nand_oob_8
c3e391a0 d nand_oob_16
c3e393f0 d nand_oob_64
c3e39640 d nand_oob_128
c3e39890 D nand_flash_ids
c3e39e18 D nand_manuf_ids
c3e39e58 d bbt_main_descr
c3e39e7c d bbt_mirror_descr
c3e39ea0 d agand_flashbased
c3e39ec4 d smallpage_flashbased
c3e39ee8 d largepage_flashbased
c3e39f0c d smallpage_memorybased
c3e39f30 d largepage_memorybased
c3e39f54 d bbt_pattern
c3e39f58 d mirror_pattern
c3e39f5c d scan_agand_pattern
c3e39f64 d scan_ff_pattern
c3e39f68 d hist_cur
c3e39f6c d uimage_os
c3e39fcc d uimage_arch
c3e3a0bc d uimage_type
c3e3a134 d uimage_comp
c3e3a164 D load_addr
c3e3a168 D op_table
c3e3a1d0 d do_echo
c3e3a1d4 D dp_last_length
c3e3a1d8 D stdio_names
c3e3a1e4 d av_
c3e3a5ec d trim_threshold
c3e3a5f0 d mmap_threshold
c3e3a5f4 d sbrk_base
c3e3a5f8 D default_environment
c3e3e5f8 D default_environment_size
c3e3e5fc d blanks.3178
c3e3e624 d reserved_list
c3e3e6a8 d interface
c3e3e6c4 d static_pcount
c3e3e6c8 D env_name_spec
c3e3e6cc D _ctype
c3e3e7cc d fixed_left
c3e3e7d0 d cplens
c3e3e84c d cplext
c3e3e8c8 d cpdist
c3e3e940 d cpdext
c3e3e9b8 D zlib_version
c3e3e9bc D z_errmsg
c3e3e9dc d s3c_nand_oob_64
c3e3ec2c d s3c_nand_oob_16
c3e3ee7c d s3c_nand_oob_mlc_64
c3e3f0cc D test_pkt
c3e3f104 D fboot_test_pkt
c3e3f13c D ptable_default
c3e3f200 D ptable_default_size
c3e3f204 d gFgColor
c3e3f208 d gLeftColor
c3e3f20c d cur_part
c3e3f210 D indir1_blkno
c3e3f214 D indir2_blkno
c3e3f218 d autoplace_oobinfo
c3e3f468 d jffs2_oobinfo
c3e3f6b8 d yaffs_oobinfo
c3e3f908 d month_days
c3e3f938 A __u_boot_cmd_start
c3e3f938 D __u_boot_cmd_autoscr
c3e3f950 D __u_boot_cmd_bdinfo
c3e3f968 D __u_boot_cmd_go
c3e3f980 D __u_boot_cmd_reset
c3e3f998 D __u_boot_cmd_re
c3e3f9b0 D __u_boot_cmd_bootm
c3e3f9c8 D __u_boot_cmd_boot
c3e3f9e0 D __u_boot_cmd_bootd
c3e3f9f8 D __u_boot_cmd_iminfo
c3e3fa10 D __u_boot_cmd_imls
c3e3fa28 D __u_boot_cmd_icache
c3e3fa40 D __u_boot_cmd_dcache
c3e3fa58 D __u_boot_cmd_coninfo
c3e3fa70 D __u_boot_cmd_bootelf
c3e3fa88 D __u_boot_cmd_bootvx
c3e3faa0 D __u_boot_cmd_ext2ls
c3e3fab8 D __u_boot_cmd_ext2load
c3e3fad0 D __u_boot_cmd_ext2format
c3e3fae8 D __u_boot_cmd_ext3format
c3e3fb00 D __u_boot_cmd_fatload
c3e3fb18 D __u_boot_cmd_fatls
c3e3fb30 D __u_boot_cmd_fatinfo
c3e3fb48 D __u_boot_cmd_fatformat
c3e3fb60 D __u_boot_cmd_flinfo
c3e3fb78 D __u_boot_cmd_erase
c3e3fb90 D __u_boot_cmd_protect
c3e3fba8 D __u_boot_cmd_itest
c3e3fbc0 D __u_boot_cmd_loads
c3e3fbd8 D __u_boot_cmd_loadb
c3e3fbf0 D __u_boot_cmd_loady
c3e3fc08 D __u_boot_cmd_md
c3e3fc20 D __u_boot_cmd_mm
c3e3fc38 D __u_boot_cmd_nm
c3e3fc50 D __u_boot_cmd_mw
c3e3fc68 D __u_boot_cmd_cp
c3e3fc80 D __u_boot_cmd_cmp
c3e3fc98 D __u_boot_cmd_crc32
c3e3fcb0 D __u_boot_cmd_base
c3e3fcc8 D __u_boot_cmd_loop
c3e3fce0 D __u_boot_cmd_mtest
c3e3fcf8 D __u_boot_cmd_sleep
c3e3fd10 D __u_boot_cmd_mmcinfo
c3e3fd28 D __u_boot_cmd_mmc
c3e3fd40 D __u_boot_cmd_nand
c3e3fd58 D __u_boot_cmd_bootp
c3e3fd70 D __u_boot_cmd_tftpboot
c3e3fd88 D __u_boot_cmd_rarpboot
c3e3fda0 D __u_boot_cmd_dhcp
c3e3fdb8 D __u_boot_cmd_nfs
c3e3fdd0 D __u_boot_cmd_ping
c3e3fde8 D __u_boot_cmd_printenv
c3e3fe00 D __u_boot_cmd_setenv
c3e3fe18 D __u_boot_cmd_saveenv
c3e3fe30 D __u_boot_cmd_run
c3e3fe48 D __u_boot_cmd_reginfo
c3e3fe60 D __u_boot_cmd_dnw
c3e3fe78 D __u_boot_cmd_imxtract
c3e3fe90 D __u_boot_cmd_version
c3e3fea8 D __u_boot_cmd_echo
c3e3fec0 D __u_boot_cmd_test
c3e3fed8 D __u_boot_cmd_exit
c3e3fef0 D __u_boot_cmd_help
c3e3ff08 D __u_boot_cmd_question_mark
c3e3ff20 D __u_boot_cmd_movi
c3e3ff38 D __u_boot_cmd_fastboot
c3e3ff50 D __u_boot_cmd_sdfuse
c3e3ff68 D __u_boot_cmd_fdisk
c3e3ff80 A __u_boot_cmd_end
c3e40000 R mmu_table
c3e44000 A __bss_start
c3e44000 b timestamp
c3e44004 b lastdec
c3e44008 B timer_load_val
c3e4400c b mem_malloc_brk
c3e44010 b mem_malloc_start
c3e44014 b mem_malloc_end
c3e44018 B monitor_flash_len
c3e4401c B NetState
c3e44020 b packetHandler
c3e44024 B NetIPID
c3e44028 B NetOurIP
c3e4402c B NetOurEther
c3e44034 B NetPingIP
c3e44038 B NetTxPacket
c3e4403c B NetArpWaitPacketIP
c3e44040 B NetOurSubnetMask
c3e44044 B NetOurGatewayIP
c3e44048 B NetArpWaitReplyIP
c3e4404c B NetRxPkt
c3e44050 B NetRxPktLen
c3e44054 B NetArpWaitPacketMAC
c3e44058 B NetArpWaitTxPacket
c3e4405c B NetArpWaitTxPacketSize
c3e44060 B NetServerIP
c3e44064 B NetServerEther
c3e4406c b mac.3133
c3e44074 B NetEtherNullAddr
c3e4407a b PingSeqNo
c3e4407c B NetArpWaitTry
c3e44080 B NetArpWaitTimerStart
c3e44084 b timeHandler
c3e44088 b timeStart
c3e4408c b timeDelta
c3e44090 B PktBuf
c3e45eb0 B NetRxPackets
c3e45ec0 B NetArpWaitPacketBuf
c3e464e0 B NetBootFileXferSize
c3e464e4 B NetOurDNSIP
c3e464e8 B NetOurNISDomain
c3e46508 B NetOurHostName
c3e46528 B NetOurRootPath
c3e46568 B NetBootFileSize
c3e4656c B BootFile
c3e465ec b TftpState
c3e465f0 b tftp_filename
c3e46670 b TftpBlock
c3e46674 b TftpServerIP
c3e46678 b TftpServerPort
c3e4667c b TftpOurPort
c3e46680 b default_filename
c3e46690 b TftpTimeoutCount
c3e46694 b TftpBlockWrap
c3e46698 b TftpBlockWrapOffset
c3e4669c b TftpLastBlock
c3e466a0 B dhcp_leasetime
c3e466a4 B NetDHCPServerIP
c3e466a8 B BootpID
c3e466ac B dhcp_state
c3e466b0 B BootpTry
c3e466b4 B RarpTry
c3e466b8 b rpc_id
c3e466bc b NfsSrvMountPort
c3e466c0 b NfsSrvNfsPort
c3e466c4 b fs_mounted
c3e466c8 b dirfh
c3e466e8 b filefh
c3e46708 b NfsServerIP
c3e4670c b NfsOurPort
c3e46710 b NfsState
c3e46714 b nfs_path
c3e46718 b nfs_filename
c3e4671c b nfs_len
c3e46720 b NfsDownloadState
c3e46724 b nfs_path_buff
c3e46f24 b default_filename
c3e46f64 b NfsTimeoutCount
c3e46f68 b mmc_devices
c3e46f70 B mmc_global
c3e46f7c B mmc_default
c3e46f80 B mmc_channel
c3e473c0 B mmc_host
c3e47490 B nand_info
c3e47544 b nand_chip
c3e47648 b dm9000_info
c3e476f4 b nfloor
c3e476f8 b initted.3034
c3e476fc b hist_max
c3e47700 b hist_add_idx
c3e47704 B hist_num
c3e47708 B hist_lines
c3e48b08 B hist_list
c3e48b58 B console_buffer
c3e48c58 b images
c3e48ca8 b os_data_state
c3e48cac B os_data_count
c3e48cb0 b os_data_addr
c3e48cb4 b bin_start_address
c3e48cb8 b k_data_escape
c3e48cbc B os_data_init
c3e48cc0 b k_data_escape_saved
c3e48cc4 b os_data_state_saved
c3e48cc8 b os_data_count_saved
c3e48ccc b os_data_addr_saved
c3e48cd0 B os_data_char
c3e48cd4 B his_quote
c3e48cd8 B his_pad_count
c3e48cdc B his_pad_char
c3e48cdd B his_eol
c3e48ce0 B send_ptr
c3e48ce4 B send_parms
c3e48cf8 b a_b
c3e48d10 b base_address
c3e48d14 B mm_last_addr
c3e48d18 B mm_last_size
c3e48d1c B dp_last_addr
c3e48d20 B dp_last_size
c3e48d24 b ctrlc_disabled
c3e48d28 b ctrlc_was_pressed
c3e48d2c B devlist
c3e48d30 B stdio_devices
c3e48d3c b top_pad
c3e48d40 b n_mmaps_max
c3e48d44 b current_mallinfo
c3e48d6c b max_sbrked_mem
c3e48d70 b max_total_mem
c3e48d74 b local.2838
c3e48d8c b map
c3e48e8c b top_vars
c3e48e90 b flag_repeat
c3e48e94 b do_repeat
c3e48e98 b the_command.2867
c3e48f98 b buf.3527
c3e48fc0 B last_return_code
c3e48fc4 b ifs
c3e48fc8 B nesting_level
c3e48fcc b asynch_allowed
c3e48fd0 b usb_dev
c3e55850 b usb_hub_index
c3e55854 b hub_dev
c3e55954 b dev_index
c3e55958 B usb_started
c3e5595c b setup_packet
c3e55964 b running
c3e55968 b xyz
c3e55da4 B raw_area_control
c3e55fa4 b download_size
c3e55fa8 b download_bytes
c3e55fac b download_error
c3e55fb0 b pcount
c3e55fb4 b ptable
c3e56174 B env_ptr
c3e56178 B flash_info
c3e56458 B ___strtok
c3e5645c b fixed_mem
c3e574ec b fixed_lock
c3e574f0 b fixed_built
c3e574f4 b fixed_bl
c3e574f8 b fixed_tl
c3e574fc b fixed_bd
c3e57500 b fixed_td
c3e57600 B ptd
c3e57604 B urb_priv
c3e576d8 b gohci
c3e577a0 B ohci_dev
c3e57940 B gtd
c3e58a00 B ghcca
c3e58b00 B phcca
c3e58b04 B got_rhsc
c3e58b08 B devgone
c3e58c00 B cur_ecc_mode
c3e58c04 B nand_type
c3e58c08 B otg
c3e58c8c B remode_wakeup
c3e58c90 B get_status
c3e58c96 B config_value
c3e58c98 B get_intf
c3e58c9c B s3c_usbd_dn_addr
c3e58ca0 B op_mode
c3e58ca4 B s3c_usbd_dn_cnt
c3e58ca8 B s3c_receive_done
c3e58cac B speed
c3e58cb0 B s3c_got_header
c3e58cb4 B DNW
c3e58cb8 B fboot_otg
c3e58d3c B fboot_remode_wakeup
c3e58d40 B fboot_get_status
c3e58d46 B fboot_config_value
c3e58d48 B fboot_get_intf
c3e58d4c B fboot_usbd_dn_addr
c3e58d50 B fboot_response_flag
c3e58d54 B reply_msg
c3e58d58 B fboot_op_mode
c3e58d5c B fboot_usbd_dn_cnt
c3e58d60 B fboot_receive_done
c3e58d64 B fboot_speed
c3e58d68 b device_strings
c3e58d70 b serial_number.4451
c3e58d90 b fastboot_interface
c3e58d94 b fastboot_bulk_fifo
c3e58f98 B transfer_size
c3e58f9c B fboot_got_header
c3e58fa0 B tx_msg_buf
c3e58fa4 B total_dn_size
c3e58fa8 b params
c3e58fac b part_offset
c3e58fb0 b cur_dev
c3e58fb4 B get_vfatname_block
c3e68fb4 B do_fat_read_block
c3e78fb4 B get_dentfromdir_block
c3e88fb4 B ext2fs_root
c3e88fb8 B ext2fs_file
c3e88fbc B indir1_block
c3e88fc0 B indir1_size
c3e88fc4 B indir2_block
c3e88fc8 B indir2_size
c3e88fcc B symlinknest
c3e88fd0 b part_info
c3e8901c b ext2fs_block_dev_desc
c3e89020 b data_buf
c3e89820 b oob_buf
c3e89860 b none_oobinfo
c3e89ab0 A _end
