Archive member included because of file (symbol)

cpu/s5pc11x/libs5pc11x.a(interrupts.o)
                              cpu/s5pc11x/start.o (do_irq)
cpu/s5pc11x/libs5pc11x.a(cpu.o)
                              cpu/s5pc11x/libs5pc11x.a(interrupts.o) (reset_cpu)
cpu/s5pc11x/libs5pc11x.a(setup_hsmmc.o)
                              cpu/s5pc11x/libs5pc11x.a(cpu.o) (setup_hsmmc_cfg_gpio)
cpu/s5pc11x/libs5pc11x.a(serial.o)
                              cpu/s5pc11x/libs5pc11x.a(cpu.o) (serial_tstc)
cpu/s5pc11x/s5pc110/libs5pc110.a(speed.o)
                              cpu/s5pc11x/libs5pc11x.a(setup_hsmmc.o) (get_MPLL_CLK)
lib_arm/libarm.a(_divsi3.o)   cpu/s5pc11x/libs5pc11x.a(interrupts.o) (__divsi3)
lib_arm/libarm.a(_udivsi3.o)  cpu/s5pc11x/libs5pc11x.a(interrupts.o) (__udivsi3)
lib_arm/libarm.a(board.o)     cpu/s5pc11x/s5pc110/libs5pc110.a(speed.o) (hang)
lib_arm/libarm.a(div0.o)      lib_arm/libarm.a(_divsi3.o) (__div0)
lib_arm/libarm.a(_modsi3.o)   lib_arm/libarm.a(board.o) (__modsi3)
net/libnet.a(net.o)           lib_arm/libarm.a(board.o) (copy_filename)
net/libnet.a(tftp.o)          net/libnet.a(net.o) (TftpStart)
net/libnet.a(bootp.o)         net/libnet.a(net.o) (BootpRequest)
net/libnet.a(rarp.o)          net/libnet.a(net.o) (RarpRequest)
net/libnet.a(eth.o)           lib_arm/libarm.a(board.o) (eth_initialize)
net/libnet.a(nfs.o)           net/libnet.a(net.o) (NfsStart)
drivers/mmc/libmmc.a(mmc.o)   cpu/s5pc11x/movi.o (movi_write)
drivers/mmc/libmmc.a(s3c_hsmmc.o)
                              cpu/s5pc11x/libs5pc11x.a(cpu.o) (smdk_s3c_hsmmc_init)
drivers/mtd/nand/libnand.a(nand.o)
                              lib_arm/libarm.a(board.o) (nand_init)
drivers/mtd/nand/libnand.a(nand_base.o)
                              drivers/mtd/nand/libnand.a(nand.o) (nand_scan)
drivers/mtd/nand/libnand.a(nand_ids.o)
                              drivers/mtd/nand/libnand.a(nand_base.o) (nand_flash_ids)
drivers/mtd/nand/libnand.a(nand_ecc.o)
                              drivers/mtd/nand/libnand.a(nand_base.o) (nand_calculate_ecc)
drivers/mtd/nand/libnand.a(nand_bbt.o)
                              drivers/mtd/nand/libnand.a(nand_base.o) (nand_isbad_bbt)
drivers/net/libnet.a(dm9000x.o)
                              net/libnet.a(net.o) (eth_halt)
common/libcommon.a(main.o)    lib_arm/libarm.a(board.o) (main_loop)
common/libcommon.a(cmd_autoscript.o)
                              (__u_boot_cmd_autoscr)
common/libcommon.a(cmd_bdinfo.o)
                              (__u_boot_cmd_bdinfo)
common/libcommon.a(image.o)   common/libcommon.a(cmd_autoscript.o) (genimg_get_format)
common/libcommon.a(cmd_boot.o)
                              (__u_boot_cmd_go)
common/libcommon.a(cmd_bootm.o)
                              common/libcommon.a(main.o) (do_bootd)
common/libcommon.a(cmd_cache.o)
                              (__u_boot_cmd_icache)
common/libcommon.a(cmd_console.o)
                              (__u_boot_cmd_coninfo)
common/libcommon.a(cmd_elf.o)
                              common/libcommon.a(cmd_bootm.o) (do_bootvx)
common/libcommon.a(cmd_ext2.o)
                              (__u_boot_cmd_ext2ls)
common/libcommon.a(cmd_fat.o)
                              (__u_boot_cmd_fatload)
common/libcommon.a(cmd_flash.o)
                              (__u_boot_cmd_flinfo)
common/libcommon.a(cmd_itest.o)
                              (__u_boot_cmd_itest)
common/libcommon.a(cmd_load.o)
                              (__u_boot_cmd_loads)
common/libcommon.a(cmd_mem.o)
                              common/libcommon.a(cmd_itest.o) (cmd_get_data_size)
common/libcommon.a(cmd_misc.o)
                              (__u_boot_cmd_sleep)
common/libcommon.a(cmd_mmc.o)
                              (__u_boot_cmd_mmcinfo)
common/libcommon.a(cmd_nand.o)
                              (__u_boot_cmd_nand)
common/libcommon.a(cmd_net.o)
                              (__u_boot_cmd_bootp)
common/libcommon.a(cmd_nvedit.o)
                              lib_arm/libarm.a(board.o) (getenv_r)
common/libcommon.a(cmd_reginfo.o)
                              (__u_boot_cmd_reginfo)
common/libcommon.a(cmd_usbd.o)
                              (__u_boot_cmd_dnw)
common/libcommon.a(cmd_ximg.o)
                              (__u_boot_cmd_imxtract)
common/libcommon.a(command.o)
                              common/libcommon.a(main.o) (find_cmd)
common/libcommon.a(console.o)
                              cpu/s5pc11x/movi.o (printf)
common/libcommon.a(devices.o)
                              lib_arm/libarm.a(board.o) (devices_init)
common/libcommon.a(dlmalloc.o)
                              drivers/mmc/libmmc.a(mmc.o) (free)
common/libcommon.a(env_common.o)
                              common/libcommon.a(cmd_nvedit.o) (env_get_addr)
common/libcommon.a(exports.o)
                              lib_arm/libarm.a(board.o) (jumptable_init)
common/libcommon.a(flash.o)   common/libcommon.a(cmd_load.o) (addr2info)
[...]
Memory Configuration

Name             Origin             Length             Attributes
*default*        0x00000000         0xffffffff

Linker script and memory map

                0x00000000                . = 0x0
                0x00000000                . = ALIGN (0x4)

.text           0xc3e00000    0x2f978
 cpu/s5pc11x/start.o(.text)
 .text          0xc3e00000      0x6c0 cpu/s5pc11x/start.o
                0xc3e00010                _start
                0xc3e00050                _end_vect
                0xc3e00058                _armboot_start
                0xc3e0005c                _bss_start
                0xc3e00060                _bss_end
                0xc3e001fc                copy_from_nand
                0xc3e00248                theLastJump
                0xc3e00540                arm_cache_flush
                0xc3e00560                v7_flush_dcache_all
                0xc3e00600                disable_l2cache
                0xc3e00620                enable_l2cache
                0xc3e00640                set_l2cache_auxctrl
                0xc3e00660                set_l2cache_auxctrl_cycle
 cpu/s5pc11x/s5pc110/cpu_init.o(.text)
 .text          0xc3e006c0      0x40c cpu/s5pc11x/s5pc110/cpu_init.o
                0xc3e006c0                mem_ctrl_asm_init
                0xc3e00a38                cleanDCache
                0xc3e00a44                cleanFlushDCache
                0xc3e00a50                cleanFlushCache
 board/samsung/smdkc110/lowlevel_init.o(.text)
 .text          0xc3e00acc      0x3ec board/samsung/smdkc110/lowlevel_init.o
                0xc3e00ad0                lowlevel_init
 cpu/s5pc11x/onenand_cp.o(.text)
 .text          0xc3e00eb8      0x164 cpu/s5pc11x/onenand_cp.o
                0xc3e00eb8                onenand_readw
                0xc3e00ec0                onenand_writew
                0xc3e00ec8                onenand_loadpage
                0xc3e00f4c                onenand_isbad
                0xc3e00f74                onenand_readpage
                0xc3e00fc0                onenand_bl2_copy
 cpu/s5pc11x/nand_cp.o(.text)
 .text          0xc3e0101c      0x180 cpu/s5pc11x/nand_cp.o
                0xc3e010bc                copy_uboot_to_ram
 cpu/s5pc11x/movi.o(.text)
 .text          0xc3e0119c      0x144 cpu/s5pc11x/movi.o
                0xc3e0119c                movi_bl2_copy
                0xc3e01200                movi_zImage_copy
                0xc3e01244                print_movi_bl2_info
                0xc3e0125c                movi_write_bl1
                0xc3e012b0                movi_write_env
                0xc3e012c8                movi_read_env
 common/secure_boot.o(.text)
 .text          0xc3e012e0       0xa8 common/secure_boot.o
                0xc3e012e0                Check_Signature
 common/ace_sha1.o(.text)
 .text          0xc3e01388       0xa0 common/ace_sha1.o
                0xc3e01388                SHA1_digest
 cpu/s5pc11x/pmic.o(.text)
 .text          0xc3e01428      0x344 cpu/s5pc11x/pmic.o
                0xc3e01428                Delay
                0xc3e0142c                SCLH_SDAH
                0xc3e01450                SCLH_SDAL
                0xc3e01474                SCLL_SDAH
                0xc3e01498                SCLL_SDAL
                0xc3e014bc                IIC_ELow
                0xc3e014d4                IIC_EHigh
                0xc3e014ec                IIC_EStart
                0xc3e01504                IIC_EEnd
                0xc3e0151c                IIC_EAck
                0xc3e0159c                IIC_ESetport
                0xc3e015ec                IIC_EWrite
                0xc3e01690                PMIC_InitIp
 *(.text)
 .text          0xc3e0176c      0x47c cpu/s5pc11x/libs5pc11x.a(interrupts.o)
                0xc3e0176c                enable_interrupts
                0xc3e01770                disable_interrupts
                0xc3e01778                set_timer
                0xc3e01788                reset_timer_masked
                0xc3e017a8                reset_timer
                0xc3e017ac                get_timer_masked
                0xc3e017f4                get_timer
                0xc3e01808                udelay
                0xc3e01878                udelay_masked
                0xc3e018e8                get_ticks
                0xc3e018fc                get_tbclk
                0xc3e01914                interrupt_init
                0xc3e01990                show_regs
                0xc3e01ad0                bad_mode
                0xc3e01aec                do_irq
                0xc3e01b10                do_fiq
                0xc3e01b34                do_not_used
                0xc3e01b58                do_data_abort
                0xc3e01b7c                do_prefetch_abort
                0xc3e01ba0                do_software_interrupt
                0xc3e01bc4                do_undefined_instruction
 .text          0xc3e01be8      0x1b4 cpu/s5pc11x/libs5pc11x.a(cpu.o)
                0xc3e01c24                cpu_init
                0xc3e01c2c                icache_enable
                0xc3e01c48                icache_disable
                0xc3e01c64                icache_status
                0xc3e01c78                dcache_enable
                0xc3e01c94                dcache_disable
                0xc3e01cb0                dcache_status
                0xc3e01cc4                branch_enable
                0xc3e01ce0                branch_disable
                0xc3e01cfc                branch_status
                0xc3e01d10                cpu_mmc_init
                0xc3e01d24                reset_cpu
                0xc3e01d58                do_reset
                0xc3e01d70                cleanup_before_linux
 .text          0xc3e01d9c      0x158 cpu/s5pc11x/libs5pc11x.a(setup_hsmmc.o)
                0xc3e01d9c                setup_hsmmc_cfg_gpio
                0xc3e01e10                setup_sdhci0_cfg_card
                0xc3e01e60                setup_hsmmc_clock
 .text          0xc3e01ef4       0xa8 cpu/s5pc11x/libs5pc11x.a(serial.o)
                0xc3e01ef4                serial_setbrg
                0xc3e01ef8                serial_init
                0xc3e01f14                serial_tstc
                0xc3e01f28                serial_putc
                0xc3e01f58                serial_puts
                0xc3e01f80                serial_getc
 .text          0xc3e01f9c      0x43c cpu/s5pc11x/s5pc110/libs5pc110.a(speed.o)
                0xc3e02024                get_UCLK
                0xc3e0202c                get_MPLL_CLK
                0xc3e02034                get_FCLK
                0xc3e0203c                get_SCLKA2M
                0xc3e02064                get_HCLKP
                0xc3e020c0                get_PCLKP
                0xc3e020e8                get_HCLKD
                0xc3e02144                get_PCLKD
                0xc3e0216c                get_HCLK
                0xc3e021c4                get_PCLK
                0xc3e021ec                get_ARMCLK
                0xc3e02214                print_cpuinfo
 *fill*         0xc3e023d8        0x8 00
 .text          0xc3e023e0      0x140 lib_arm/libarm.a(_divsi3.o)
                0xc3e023e0                __divsi3
 .text          0xc3e02520       0x98 lib_arm/libarm.a(_udivsi3.o)
                0xc3e02520                __udivsi3
 .text          0xc3e025b8      0x3a4 lib_arm/libarm.a(board.o)
                0xc3e025b8                sbrk
                0xc3e025f0                coloured_LED_init
                0xc3e025f0                __coloured_LED_init
                0xc3e025f4                red_LED_on
                0xc3e025f4                __red_LED_on
                0xc3e025f8                __red_LED_off
                0xc3e025f8                red_LED_off
                0xc3e025fc                green_LED_on
                0xc3e025fc                __green_LED_on
                0xc3e02600                __green_LED_off
                0xc3e02600                green_LED_off
                0xc3e02604                __yellow_LED_on
                0xc3e02604                yellow_LED_on
                0xc3e02608                __yellow_LED_off
                0xc3e02608                yellow_LED_off
                0xc3e0260c                hang
                0xc3e026d8                strmhz
                0xc3e02740                start_armboot
 .text          0xc3e0295c        0x4 lib_arm/libarm.a(div0.o)
                0xc3e0295c                __div0
 .text          0xc3e02960      0x100 lib_arm/libarm.a(_modsi3.o)
                0xc3e02960                __modsi3
 .text          0xc3e02a60     0x1330 net/libnet.a(net.o)
                0xc3e02aac                NetSetHandler
                0xc3e02abc                NetCksum
                0xc3e02b04                NetCksumOk
                0xc3e02b28                copy_filename
                0xc3e02b80                string_to_VLAN
                0xc3e02bcc                getenv_VLAN
                0xc3e02bdc                string_to_ip
                0xc3e02c44                getenv_IPaddr
                0xc3e02c54                NetEthHdrSize
                0xc3e02c98                VLAN_to_string
                0xc3e02cf8                ip_to_string
                0xc3e02d3c                print_IPaddr
                0xc3e02d60                NetSetIP
                0xc3e02e60                NetSetEther
                0xc3e02f70                NetSendPacket
                0xc3e02f74                ArpRequest
                0xc3e03060                NetReceive
                0xc3e035c8                PingSend
                0xc3e03704                NetSetTimeout
                0xc3e03734                NetSendUDPPacket
                0xc3e03874                NetStartAgain
                0xc3e038f0                ArpTimeoutCheck
                0xc3e03980                NetLoop
 .text          0xc3e03d90      0x700 net/libnet.a(tftp.o)
                0xc3e03f28                TftpStart
 .text          0xc3e04490      0x9d8 net/libnet.a(bootp.o)
                0xc3e04c6c                BootpRequest
                0xc3e04e1c                DhcpRequest
 .text          0xc3e04e68      0x1a0 net/libnet.a(rarp.o)
                0xc3e04e68                RarpRequest
 .text          0xc3e05008        0x8 net/libnet.a(eth.o)
                0xc3e05008                eth_initialize
 .text          0xc3e05010      0xe80 net/libnet.a(nfs.o)
                0xc3e057fc                NfsStart
 .text          0xc3e05e90     0x11a4 drivers/mmc/libmmc.a(mmc.o)
                0xc3e05eac                mmc_send_cmd
                0xc3e05ebc                mmc_set_blocklen
                0xc3e05ef0                mmc_send_ext_csd
                0xc3e05f40                mmc_set_relative_addr
                0xc3e05f74                mmc_switch
                0xc3e05fc0                mmc_change_freq
                0xc3e060a0                sd_switch
                0xc3e06110                mmc_set_ios
                0xc3e06120                mmc_set_clock
                0xc3e06140                mmc_set_bus_width
                0xc3e06148                mmc_send_if_cond
                0xc3e061c4                board_mmc_init
                0xc3e061cc                print_mmc_devices
                0xc3e06240                find_mmc_device
                0xc3e0628c                mmc_get_dev
                0xc3e06364                movi_write
                0xc3e064a4                movi_read
                0xc3e064bc                sd_change_freq
                0xc3e06690                mmc_startup
                0xc3e06ccc                mmc_send_app_op_cond
                0xc3e06dc8                mmc_go_idle
                0xc3e06e1c                mmc_send_op_cond
                0xc3e06ebc                mmc_init
                0xc3e06f20                mmc_initialize
                0xc3e06fcc                mmc_register
 .text          0xc3e07034      0x5f8 drivers/mmc/libmmc.a(s3c_hsmmc.o)
                0xc3e07124                smdk_s3c_hsmmc_init
 .text          0xc3e0762c       0x9c drivers/mtd/nand/libnand.a(nand.o)
                0xc3e0762c                nand_init
 .text          0xc3e076c8     0x2f90 drivers/mtd/nand/libnand.a(nand_base.o)
                0xc3e07a00                nand_wait_ready
                0xc3e08478                nand_release
                0xc3e084c0                nand_scan_ident
                0xc3e089ec                nand_scan_tail
                0xc3e08ed0                nand_scan
                0xc3e0a024                nand_read
                0xc3e0a238                nand_erase_nand
 .text          0xc3e0a658        0x0 drivers/mtd/nand/libnand.a(nand_ids.o)
 .text          0xc3e0a658      0x214 drivers/mtd/nand/libnand.a(nand_ecc.o)
                0xc3e0a658                nand_calculate_ecc
                0xc3e0a74c                nand_correct_data
 .text          0xc3e0a86c     0x17cc drivers/mtd/nand/libnand.a(nand_bbt.o)
                0xc3e0ab18                nand_isbad_bbt
                0xc3e0b838                nand_update_bbt
                0xc3e0bb0c                nand_scan_bbt
                0xc3e0bf74                nand_default_bbt
 .text          0xc3e0c038      0xb84 drivers/net/libnet.a(dm9000x.o)
                0xc3e0c1ec                write_srom_word
                0xc3e0c244                read_srom_word
                0xc3e0c2f0                eth_halt
                0xc3e0c420                eth_rx
                0xc3e0c564                eth_send
                0xc3e0c634                eth_init
 .text          0xc3e0cbbc      0xdac common/libcommon.a(main.o)
                0xc3e0cbbc                __show_boot_progress
                0xc3e0cbbc                show_boot_progress
                0xc3e0cbc0                parse_line
                0xc3e0cc4c                do_run
                0xc3e0ccc0                run_command
                0xc3e0d1c8                readline_into_buffer
                0xc3e0d82c                readline
                0xc3e0d838                main_loop
 .text          0xc3e0d968      0x18c common/libcommon.a(cmd_autoscript.o)
                0xc3e0d984                autoscript
                0xc3e0dab0                do_autoscript
 .text          0xc3e0daf4      0x108 common/libcommon.a(cmd_bdinfo.o)
                0xc3e0db08                do_bdinfo
 .text          0xc3e0dbfc      0x838 common/libcommon.a(image.o)
                0xc3e0dc38                image_multi_count
                0xc3e0dc8c                genimg_get_os_name
                0xc3e0dca4                genimg_get_arch_name
                0xc3e0dcbc                genimg_get_type_name
                0xc3e0dcd4                genimg_get_comp_name
                0xc3e0dcec                genimg_get_image
                0xc3e0dcf0                genimg_has_config
                0xc3e0dd44                genimg_get_comp_id
                0xc3e0dd5c                genimg_get_type_id
                0xc3e0dd74                genimg_get_arch_id
                0xc3e0dd8c                genimg_get_os_id
                0xc3e0ddc8                genimg_get_format
                0xc3e0de14                image_multi_getimg
                0xc3e0de9c                memmove_wd
                0xc3e0dea0                getenv_bootm_size
                0xc3e0ded4                getenv_bootm_low
                0xc3e0df08                getenv_yesno
                0xc3e0df58                image_print_contents
                0xc3e0e13c                image_check_dcrc
                0xc3e0e184                image_check_hcrc
                0xc3e0e1d8                boot_get_ramdisk
 .text          0xc3e0e434       0x9c common/libcommon.a(cmd_boot.o)
                0xc3e0e434                do_go_exec
                0xc3e0e44c                do_go
 .text          0xc3e0e4d0      0xb24 common/libcommon.a(cmd_bootm.o)
                0xc3e0e4ec                board_lmb_reserve
                0xc3e0e4ec                __board_lmb_reserve
                0xc3e0e6a0                print_image_hdr
                0xc3e0e848                do_iminfo
                0xc3e0e8a8                do_bootd
                0xc3e0e8cc                do_bootm
 .text          0xc3e0eff4      0x144 common/libcommon.a(cmd_cache.o)
                0xc3e0f030                do_dcache
                0xc3e0f0b4                do_icache
 .text          0xc3e0f138      0x104 common/libcommon.a(cmd_console.o)
                0xc3e0f138                do_coninfo
 .text          0xc3e0f23c      0x3ac common/libcommon.a(cmd_elf.o)
                0xc3e0f23c                valid_elf_image
                0xc3e0f290                load_elf_image
                0xc3e0f390                do_bootvx
                0xc3e0f50c                do_bootelf_exec
                0xc3e0f550                do_bootelf
 .text          0xc3e0f5e8      0x528 common/libcommon.a(cmd_ext2.o)
                0xc3e0f5e8                ext_format
                0xc3e0f6d4                do_ext3_format
                0xc3e0f6e4                do_ext2_format
                0xc3e0f6f4                do_ext2load
                0xc3e0f9cc                do_ext2ls
 .text          0xc3e0fb10      0x48c common/libcommon.a(cmd_fat.o)
                0xc3e0fb10                do_fat_format
                0xc3e0fbf8                do_fat_fsinfo
                0xc3e0fcf8                do_fat_ls
                0xc3e0fe00                do_fat_fsload
 .text          0xc3e0ff9c      0xac0 common/libcommon.a(cmd_flash.o)
                0xc3e10148                flash_sect_protect
                0xc3e104e0                do_protect
                0xc3e10770                flash_sect_erase
                0xc3e10848                do_flerase
                0xc3e109e0                do_flinfo
 .text          0xc3e10a5c      0x2ec common/libcommon.a(cmd_itest.o)
                0xc3e10ac0                binary_test
                0xc3e10ca0                do_itest
 .text          0xc3e10d48      0xd10 common/libcommon.a(cmd_load.o)
                0xc3e10d48                ktrans
                0xc3e10d70                chk1
                0xc3e10df4                k_data_init
                0xc3e10e14                k_data_save
                0xc3e10e38                k_data_restore
                0xc3e10e58                k_data_char
                0xc3e10eac                send_pad
                0xc3e10edc                s1_sendpacket
                0xc3e10f08                handle_send_packet
                0xc3e110cc                send_nack
                0xc3e1112c                send_ack
                0xc3e112e0                do_load_serial_bin
                0xc3e11978                do_load_serial
 .text          0xc3e11a58      0x984 common/libcommon.a(cmd_mem.o)
                0xc3e11a58                do_mem_base
                0xc3e11a9c                do_mem_crc
                0xc3e11b58                do_mem_mtest
                0xc3e11c80                cmd_get_data_size
                0xc3e11cd0                do_mem_loop
                0xc3e11dd4                do_mem_cp
                0xc3e11f00                do_mem_cmp
                0xc3e1209c                do_mem_mw
                0xc3e122bc                do_mem_nm
                0xc3e122dc                do_mem_mm
                0xc3e122fc                do_mem_md
 .text          0xc3e123dc       0x90 common/libcommon.a(cmd_misc.o)
                0xc3e123dc                do_sleep
 .text          0xc3e1246c      0x480 common/libcommon.a(cmd_mmc.o)
                0xc3e1246c                do_mmcinfo
                0xc3e125ec                do_mmcops
 .text          0xc3e128ec      0xff8 common/libcommon.a(cmd_nand.o)
                0xc3e12928                nand_block_write
                0xc3e12aa8                nand_block_read
                0xc3e12d14                do_nand
 .text          0xc3e138e4      0x3c0 common/libcommon.a(cmd_net.o)
                0xc3e138e4                do_ping
                0xc3e13c68                do_nfs
                0xc3e13c74                do_dhcp
                0xc3e13c80                do_rarpb
                0xc3e13c8c                do_tftpb
                0xc3e13c98                do_bootp
 .text          0xc3e13ca4      0x7ec common/libcommon.a(cmd_nvedit.o)
                0xc3e13ca4                envmatch
                0xc3e13d04                getenv_r
                0xc3e13da4                do_saveenv
                0xc3e13dd0                getenv
                0xc3e13e38                _do_setenv
                0xc3e1429c                do_setenv
                0xc3e142d4                setenv
                0xc3e14318                do_printenv
 .text          0xc3e14490        0x8 common/libcommon.a(cmd_reginfo.o)
                0xc3e14490                do_reginfo
 .text          0xc3e14498      0x108 common/libcommon.a(cmd_usbd.o)
                0xc3e14498                do_usbd_dnw
 .text          0xc3e145a0      0x23c common/libcommon.a(cmd_ximg.o)
                0xc3e145a0                do_imgextract
 .text          0xc3e147dc      0x770 common/libcommon.a(command.o)
                0xc3e147dc                find_cmd
                0xc3e14870                do_echo
                0xc3e148f0                do_help
                0xc3e14a94                do_version
                0xc3e14ab4                do_exit
                0xc3e14ae4                do_test
 .text          0xc3e14f4c      0x544 common/libcommon.a(console.o)
                0xc3e14fec                fgetc
                0xc3e15014                ftstc
                0xc3e1503c                fputc
                0xc3e15068                fputs
                0xc3e15094                disable_ctrlc
                0xc3e150ac                had_ctrlc
                0xc3e150bc                clear_ctrlc
                0xc3e150d0                dbg
                0xc3e150dc                console_init_f
                0xc3e150ec                console_assign
                0xc3e1517c                fprintf
                0xc3e151c4                puts
                0xc3e151e0                vprintf
                0xc3e1520c                printf
                0xc3e1524c                console_init_r
                0xc3e153b4                serial_printf
                0xc3e153f4                putc
                0xc3e15414                tstc
                0xc3e1542c                getc
                0xc3e15444                ctrlc
 .text          0xc3e15490       0xec common/libcommon.a(devices.o)
                0xc3e15490                devices_done
                0xc3e154ac                device_register
                0xc3e154d0                devices_init
 .text          0xc3e1557c     0x1034 common/libcommon.a(dlmalloc.o)
                0xc3e1557c                malloc_bin_reloc
                0xc3e155b4                malloc_usable_size
                0xc3e155f8                mallopt
                0xc3e15670                malloc_trim
                0xc3e1573c                free
                0xc3e15960                cfree
                0xc3e15964                malloc
                0xc3e15f3c                memalign
                0xc3e1604c                pvalloc
                0xc3e16064                valloc
                0xc3e16070                calloc
                0xc3e16150                realloc
 .text          0xc3e165b0      0x108 common/libcommon.a(env_common.o)
                0xc3e165b0                env_get_char_memory
                0xc3e165d4                env_get_addr
                0xc3e165f8                set_default_env
                0xc3e16604                env_relocate
                0xc3e1665c                env_get_char
                0xc3e1668c                env_crc_update
 .text          0xc3e166b8       0xe4 common/libcommon.a(exports.o)
                0xc3e166bc                get_version
                0xc3e166c4                jumptable_init
 .text          0xc3e1679c      0x368 common/libcommon.a(flash.o)
                0xc3e1679c                flash_protect
                0xc3e16874                addr2info
                0xc3e168bc                flash_perror
                0xc3e1699c                flash_write
 .text          0xc3e16b04     0x1be4 common/libcommon.a(hush.o)
                0xc3e16b20                simple_itoa
                0xc3e16c40                mapset
                0xc3e16c6c                u_boot_hush_start
                0xc3e16ee0                new_pipe
                0xc3e1714c                reserved_word
                0xc3e175a8                update_ifs_map
                0xc3e185d8                parse_file_outer
                0xc3e18620                parse_string_outer
 .text          0xc3e186e8      0x3d8 common/libcommon.a(lists.o)
                0xc3e186e8                GetHandleSize
                0xc3e186f0                ListSetAllocationPolicy
                0xc3e18704                ListGetPtrToItem
                0xc3e18734                ListGetDataPtr
                0xc3e18740                ListGetItemSize
                0xc3e1874c                ListNumItems
                0xc3e18758                ListGetItems
                0xc3e1879c                SetHandleSize
                0xc3e18818                ListInsertItems
                0xc3e189d8                ListInsertItem
                0xc3e189e0                DisposeHandle
                0xc3e18a00                ListDispose
                0xc3e18a04                NewHandle
                0xc3e18a60                ListCreate
 .text          0xc3e18ac0      0x2dc common/libcommon.a(s_record.o)
                0xc3e18b2c                srec_decode
 .text          0xc3e18d9c     0x1608 common/libcommon.a(usb.o)
                0xc3e18d9c                usb_disable_asynch
                0xc3e18db4                usb_maxpacket
                0xc3e18dd8                usb_set_maxpacket
                0xc3e18ef8                usb_get_dev_index
                0xc3e18f28                usb_hub_reset
                0xc3e18f3c                usb_hub_allocate
                0xc3e18f84                usb_alloc_new_device
                0xc3e19024                usb_parse_config
                0xc3e19174                usb_submit_int_msg
                0xc3e19178                usb_stop
                0xc3e191a8                wait_ms
                0xc3e191cc                usb_bulk_msg
                0xc3e19230                usb_control_msg
                0xc3e19308                usb_get_port_status
                0xc3e19368                usb_get_hub_status
                0xc3e193bc                usb_set_port_feature
                0xc3e1941c                usb_clear_port_feature
                0xc3e1947c                usb_clear_hub_feature
                0xc3e194d0                usb_get_hub_descriptor
                0xc3e19530                usb_get_string
                0xc3e196c0                usb_string
                0xc3e197bc                usb_get_class_descriptor
                0xc3e19834                usb_get_report
                0xc3e198ac                usb_set_idle
                0xc3e19910                usb_set_protocol
                0xc3e19970                usb_set_configuration
                0xc3e199e0                usb_set_interface
                0xc3e19aa0                usb_set_address
                0xc3e19ae4                usb_get_descriptor
                0xc3e19b54                usb_get_configuration_no
                0xc3e19bec                usb_clear_halt
                0xc3e19cd4                usb_hub_port_connect_change
                0xc3e19e10                usb_hub_configure
                0xc3e1a038                usb_hub_probe
                0xc3e1a094                usb_new_device
                0xc3e1a2c4                usb_scan_devices
                0xc3e1a328                usb_init
 .text          0xc3e1a3a4      0x964 common/libcommon.a(xyzModem.o)
                0xc3e1a3a4                parse_num
                0xc3e1a4c8                xyzModem_error
                0xc3e1a4e8                xyzModem_stream_close
                0xc3e1a538                CYGACC_COMM_IF_PUTC
                0xc3e1a540                CYGACC_COMM_IF_GETC_TIMEOUT
                0xc3e1a5c0                xyzModem_stream_terminate
                0xc3e1a91c                xyzModem_stream_read
                0xc3e1abb0                xyzModem_stream_open
 .text          0xc3e1ad08      0x514 common/libcommon.a(cmd_movi.o)
                0xc3e1ad08                do_movi
                0xc3e1b06c                init_raw_area_table
 .text          0xc3e1b21c     0x1b94 common/libcommon.a(cmd_fastboot.o)
                0xc3e1b238                fastboot_flash_get_ptn
                0xc3e1b25c                fastboot_flash_get_ptn_count
                0xc3e1b26c                fastboot_flash_find_ptn
                0xc3e1b2e0                fastboot_flash_dump_ptn
                0xc3e1b3c0                fastboot_flash_add_ptn
                0xc3e1bc18                do_fastboot
                0xc3e1cb7c                do_sdfuse
 .text          0xc3e1cdb0      0xb38 common/libcommon.a(cmd_mmc_fdisk.o)
                0xc3e1cdb0                calc_unit
                0xc3e1ce10                encode_chs
                0xc3e1ce30                get_SDInfo
                0xc3e1cf18                make_partitionInfo
                0xc3e1d110                put_mmc_mbr
                0xc3e1d184                get_mmc_mbr
                0xc3e1d1f4                get_mmc_block_count
                0xc3e1d24c                decode_partitionInfo
                0xc3e1d28c                get_mmc_part_info
                0xc3e1d328                print_mmc_part_info
                0xc3e1d4bc                encode_partitionInfo
                0xc3e1d52c                make_mmc_partition
                0xc3e1d7e8                create_mmc_fdisk
                0xc3e1d870                do_fdisk
 .text          0xc3e1d8e8      0x6b8 common/libcommon.a(env_auto.o)
                0xc3e1d8e8                env_get_char_spec
                0xc3e1d8f4                env_init
                0xc3e1d99c                env_relocate_spec_onenand
                0xc3e1d9a0                env_relocate_spec_movinand
                0xc3e1da18                env_relocate_spec_nor
                0xc3e1da70                saveenv_onenand
                0xc3e1da88                saveenv_nor
                0xc3e1db7c                saveenv_movinand
                0xc3e1dc18                env_relocate_spec_nand
                0xc3e1dc8c                env_relocate_spec
                0xc3e1dd10                saveenv_nand
                0xc3e1de5c                saveenv
                0xc3e1decc                saveenv_nand_adv
 .text          0xc3e1dfa0      0x170 common/libcommon.a(gunzip.o)
                0xc3e1dfa0                gunzip
                0xc3e1e0f8                zfree
                0xc3e1e100                zalloc
 .text          0xc3e1e110       0x48 common/libcommon.a(crc16.o)
                0xc3e1e110                cyg_crc16
 .text          0xc3e1e158       0xe8 board/samsung/smdkc110/libsmdkc110.a(smdkc110.o)
                0xc3e1e158                board_init
                0xc3e1e1bc                dram_init
                0xc3e1e1f0                board_late_init
                0xc3e1e1f8                virt_to_phy_smdkc110
                0xc3e1e228                checkboard
 .text          0xc3e1e240      0x7dc board/samsung/smdkc110/libsmdkc110.a(flash.o)
                0xc3e1e240                read_hword
                0xc3e1e254                flash_print_info
                0xc3e1e48c                write_buff
                0xc3e1e668                flash_erase_all
                0xc3e1e76c                flash_erase
                0xc3e1e958                flash_init
 .text          0xc3e1ea1c      0x214 lib_generic/libgeneric.a(crc32.o)
                0xc3e1ea1c                crc32
                0xc3e1eb28                crc32_no_comp
                0xc3e1ec2c                crc32_wd
 .text          0xc3e1ec30        0x0 lib_generic/libgeneric.a(ctype.o)
 .text          0xc3e1ec30      0x248 lib_generic/libgeneric.a(display_options.o)
                0xc3e1ec30                print_size
                0xc3e1ecf8                display_options
                0xc3e1ed18                print_buffer
 .text          0xc3e1ee78      0x56c lib_generic/libgeneric.a(lmb.o)
                0xc3e1ee78                lmb_dump_all
                0xc3e1eedc                lmb_init
                0xc3e1f0d4                lmb_add
                0xc3e1f0d8                lmb_free
                0xc3e1f1d0                lmb_reserve
                0xc3e1f1d8                lmb_overlaps_region
                0xc3e1f238                __lmb_alloc_base
                0xc3e1f348                lmb_is_reserved
                0xc3e1f3a8                lmb_alloc_base
                0xc3e1f3dc                lmb_alloc
 .text          0xc3e1f3e4      0x558 lib_generic/libgeneric.a(string.o)
                0xc3e1f3e4                strcpy
                0xc3e1f400                strncpy
                0xc3e1f428                strcat
                0xc3e1f458                strncat
                0xc3e1f4b4                strcmp
                0xc3e1f4e4                strncmp
                0xc3e1f52c                strchr
                0xc3e1f558                strlen
                0xc3e1f578                strrchr
                0xc3e1f5b0                strnlen
                0xc3e1f5d8                strspn
                0xc3e1f61c                strpbrk
                0xc3e1f654                strtok
                0xc3e1f6d0                strsep
                0xc3e1f704                strswab
                0xc3e1f74c                memset
                0xc3e1f76c                bcopy
                0xc3e1f794                memcpy
                0xc3e1f7b8                memmove
                0xc3e1f814                memcmp
                0xc3e1f84c                memscan
                0xc3e1f87c                strstr
                0xc3e1f8dc                memchr
                0xc3e1f908                strdup
 .text          0xc3e1f93c      0x7f0 lib_generic/libgeneric.a(vsprintf.o)
                0xc3e1f93c                simple_strtoul
                0xc3e1f9ec                simple_strtol
                0xc3e1fc90                panic
                0xc3e1fce0                vsprintf
                0xc3e20104                sprintf
 .text          0xc3e2012c     0x2d20 lib_generic/libgeneric.a(zlib.o)
                0xc3e20a54                inflateEnd
                0xc3e20ae8                inflateReset
                0xc3e20b48                inflateSync
                0xc3e20c48                inflateInit2
                0xc3e20d8c                inflateInit
                0xc3e20d94                adler32
                0xc3e20f08                inflateIncomp
                0xc3e2119c                inflate
 .text          0xc3e22e4c      0x6a0 cpu/s5pc11x/libs5pc11x.a(usb_ohci.o)
                0xc3e22e88                rh_check_port_status
                0xc3e22e90                submit_common_msg
                0xc3e22e98                submit_bulk_msg
                0xc3e22ea0                submit_control_msg
                0xc3e22ea8                submit_int_msg
                0xc3e22eb0                usb_lowlevel_init
                0xc3e22eb8                usb_lowlevel_stop
                0xc3e22fa8                sohci_submit_job
 .text          0xc3e234ec     0x1290 cpu/s5pc11x/libs5pc11x.a(nand.o)
                0xc3e236dc                s3c_nand_enable_hwecc_8bit
                0xc3e23840                s3c_nand_read_oob_8bit
                0xc3e23884                s3c_nand_write_oob_8bit
                0xc3e23f0c                board_nand_init
                0xc3e24338                s3c_nand_correct_data_8bit
                0xc3e2448c                s3c_nand_calculate_ecc_8bit
                0xc3e245c0                s3c_nand_read_page_8bit
                0xc3e246b0                s3c_nand_write_page_8bit
 .text          0xc3e2477c     0x1d88 cpu/s5pc11x/libs5pc11x.a(usbd-otg-hs.o)
                0xc3e2477c                s3c_usb_phy_off
                0xc3e247a8                s3c_usb_core_soft_reset
                0xc3e247c8                s3c_usb_init_core
                0xc3e247e4                s3c_usb_check_current_mode
                0xc3e247f8                s3c_usb_set_soft_disconnect
                0xc3e2480c                s3c_usb_clear_soft_disconnect
                0xc3e24820                s3c_usb_init_device
                0xc3e24848                s3c_usbc_activate
                0xc3e24850                s3c_usb_stop
                0xc3e24864                s3c_usb_set_inep_xfersize
                0xc3e24890                s3c_usb_set_outep_xfersize
                0xc3e248c0                s3c_usb_write_ep0_fifo
                0xc3e24910                s3c_usb_write_in_fifo
                0xc3e24960                s3c_usb_read_out_fifo
                0xc3e249ac                s3c_usb_get_desc
                0xc3e24ab8                s3c_usb_clear_feature
                0xc3e24b28                s3c_usb_set_feature
                0xc3e24c7c                s3c_usb_get_status
                0xc3e24d14                s3c_usb_ep0_int_hndlr
                0xc3e24e9c                s3c_usb_set_otherspeed_conf_desc
                0xc3e24f84                s3c_usb_transfer_ep0
                0xc3e25810                s3c_usb_int_bulkin
                0xc3e258d4                s3c_usb_upload_start
                0xc3e25a24                s3c_usb_download_start
                0xc3e25b40                s3c_usb_dma_in_done
                0xc3e25bd8                s3c_usb_set_all_outep_nak
                0xc3e25c00                s3c_usb_clear_all_outep_nak
                0xc3e25c28                s3c_usb_set_max_pktsize
                0xc3e25c64                s3c_usb_set_endpoint
                0xc3e25ca4                s3c_usb_set_descriptors
                0xc3e25df4                s3c_usb_check_speed
                0xc3e25e0c                s3c_usb_clear_dnfile_info
                0xc3e25e28                s3c_usb_clear_upfile_info
                0xc3e25e44                s3c_usb_check_setconf
                0xc3e25e5c                s3c_usb_set_opmode
                0xc3e25ec8                s3c_usb_reset
                0xc3e25f24                s3c_usb_set_init
                0xc3e25f80                s3c_usb_verify_checksum
                0xc3e26028                s3c_usb_download_continue
                0xc3e260d0                s3c_usb_int_bulkout
                0xc3e260f8                s3c_usb_pkt_receive
                0xc3e2616c                s3c_usb_print_pkt
                0xc3e261b8                s3c_usb_dma_out_done
                0xc3e2625c                s3c_usb_transfer
                0xc3e26354                s3c_udc_int_hndlr
                0xc3e263f0                s3c_usb_wait_cable_insert
                0xc3e2643c                s3c_usb_init_phy
                0xc3e2647c                s3c_usbctl_init
 .text          0xc3e26504     0x2018 cpu/s5pc11x/libs5pc11x.a(fastboot.o)
                0xc3e26504                fboot_usb_phy_off
                0xc3e26530                fboot_usb_core_soft_reset
                0xc3e26550                fboot_usb_init_core
                0xc3e2656c                fboot_usb_check_current_mode
                0xc3e26580                fboot_usb_set_soft_disconnect
                0xc3e26594                fboot_usb_clear_soft_disconnect
                0xc3e265a8                fboot_usb_init_device
                0xc3e265d0                fboot_usbc_activate
                0xc3e265d8                fboot_usb_stop
                0xc3e265ec                fboot_usb_set_inep_xfersize
                0xc3e26618                fboot_usb_set_outep_xfersize
                0xc3e26648                fboot_usb_write_ep0_fifo
                0xc3e26698                fboot_usb_write_in_fifo
                0xc3e266e8                fboot_usb_read_out_fifo
                0xc3e26734                fboot_usb_get_desc
                0xc3e26854                fboot_usb_clear_feature
                0xc3e268c4                fboot_usb_set_feature
                0xc3e26a18                fboot_usb_get_status
                0xc3e26ab0                fboot_usb_ep0_int_hndlr
                0xc3e26c38                fboot_usb_set_otherspeed_conf_desc
                0xc3e26d20                fboot_usb_transfer_ep0
                0xc3e275cc                fboot_usb_upload_start
                0xc3e2771c                fboot_usb_download_start
                0xc3e27838                fboot_usb_dma_in_done
                0xc3e278d0                fboot_usb_set_all_outep_nak
                0xc3e278f8                fboot_usb_clear_all_outep_nak
                0xc3e27920                fboot_usb_set_max_pktsize
                0xc3e2795c                fboot_usb_set_endpoint
                0xc3e2799c                fboot_usb_set_descriptors
                0xc3e27af0                fboot_usb_check_speed
                0xc3e27b08                fboot_usb_clear_dnfile_info
                0xc3e27b24                fboot_usb_clear_upfile_info
                0xc3e27b40                fboot_usb_check_setconf
                0xc3e27b58                fboot_usb_set_opmode
                0xc3e27bc4                fboot_usb_reset
                0xc3e27c20                fastboot_shutdown
                0xc3e27c24                fastboot_fifo_size
                0xc3e27c40                fastboot_getvar
                0xc3e27c48                fboot_usb_int_bulkin
                0xc3e27cd0                fastboot_preboot
                0xc3e27d6c                fboot_usb_set_init
                0xc3e27dc8                fboot_usb_verify_checksum
                0xc3e27e64                fboot_usb_download_continue
                0xc3e27f0c                fboot_usb_print_pkt
                0xc3e27f4c                fboot_usb_dma_out_done
                0xc3e27ff0                fboot_usb_transfer
                0xc3e280ec                fboot_usb_wait_cable_insert
                0xc3e28128                fboot_usb_init_phy
                0xc3e28168                fboot_usbctl_init
                0xc3e281f0                fastboot_init
                0xc3e282c8                fboot_usb_int_bulkout
                0xc3e28354                fboot_usb_pkt_receive
                0xc3e283c8                fboot_usb_int_hndlr
                0xc3e28480                fastboot_poll
                0xc3e284d0                fastboot_tx_status
 .text          0xc3e2851c      0x408 cpu/s5pc11x/libs5pc11x.a(fimd.o)
                0xc3e2851c                LCD_setfgcolor
                0xc3e2852c                LCD_setleftcolor
                0xc3e2853c                LCD_setprogress
                0xc3e285f4                LCD_Initialize_NONAME1
                0xc3e28920                LCD_turnon
 .text          0xc3e28924       0x1c lib_arm/libarm.a(_ashldi3.o)
                0xc3e28924                __ashldi3
 .text          0xc3e28940       0x1c lib_arm/libarm.a(_ashrdi3.o)
                0xc3e28940                __ashrdi3
 .text          0xc3e2895c       0xb4 lib_arm/libarm.a(_umodsi3.o)
                0xc3e2895c                __umodsi3
 .text          0xc3e28a10      0x30c lib_arm/libarm.a(bootm.o)
                0xc3e28a10                setup_mtdpartition_tag
                0xc3e28ac4                do_bootm_linux
 .text          0xc3e28d1c        0x4 lib_arm/libarm.a(cache.o)
                0xc3e28d1c                flush_cache
 .text          0xc3e28d20     0x195c fs/fat/libfat.a(fat.o)
                0xc3e28d4c                disk_read
                0xc3e29170                file_fat_detectfs
                0xc3e295b4                do_fat_read
                0xc3e29ebc                file_fat_read
                0xc3e29ef4                file_fat_ls
                0xc3e29f04                fat_register_device
                0xc3e2a014                fat_format_device
 .text          0xc3e2a67c     0x36e0 fs/ext2/libext2fs.a(ext2fs.o)
                0xc3e2a67c                get_random_val
                0xc3e2a698                default_journal_size
                0xc3e2a6d8                ext2fs_format
                0xc3e2cf70                ext2fs_free_node
                0xc3e2cf90                ext2fs_close
                0xc3e2d10c                ext2fs_mount
                0xc3e2d1bc                ext2fs_read_file
                0xc3e2d690                ext2fs_read
                0xc3e2d940                ext2fs_find_file1
                0xc3e2dbd0                ext2fs_find_file
                0xc3e2dc50                ext2fs_open
                0xc3e2dce8                ext2fs_ls
 .text          0xc3e2dd5c      0x220 fs/ext2/libext2fs.a(dev.o)
                0xc3e2dd5c                ext2fs_devread
                0xc3e2df30                ext2fs_set_blk_dev
 .text          0xc3e2df7c      0x350 disk/libdisk.a(part.o)
                0xc3e2df7c                dev_print
                0xc3e2e14c                get_partition_info
                0xc3e2e170                init_part
                0xc3e2e18c                get_dev
                0xc3e2e1f0                print_part
 .text          0xc3e2e2cc      0x4fc disk/libdisk.a(part_dos.o)
                0xc3e2e310                test_part_dos
                0xc3e2e5b0                get_partition_info_dos
                0xc3e2e79c                print_part_dos
 .text          0xc3e2e7c8      0xe28 drivers/mtd/nand/libnand.a(nand_util.o)
                0xc3e2e7d0                nand_lock
                0xc3e2e824                nand_unlock
                0xc3e2e930                nand_get_lock_status
                0xc3e2e9bc                nand_read_opts
                0xc3e2ed74                nand_write_opts
                0xc3e2f294                nand_erase_opts
 .text          0xc3e2f5f0      0x290 drivers/rtc/librtc.a(date.o)
                0xc3e2f5f0                GregorianDay
                0xc3e2f6e0                to_tm
                0xc3e2f7e8                mktime
 .text          0xc3e2f880       0xf8 lib_generic/libgeneric.a(div64.o)
                0xc3e2f880                __div64_32

.glue_7         0xc3e2f978        0x0
 .glue_7        0x00000000        0x0 linker stubs

.glue_7t        0xc3e2f978        0x0
 .glue_7t       0x00000000        0x0 linker stubs

.vfp11_veneer   0xc3e2f978        0x0
 .vfp11_veneer  0x00000000        0x0 linker stubs

.v4_bx          0xc3e2f978        0x0
 .v4_bx         0x00000000        0x0 linker stubs
                0xc3e2f978                . = ALIGN (0x4)

.rodata         0xc3e2f978      0xbb8
 *(.rodata)
 .rodata        0xc3e2f978       0x80 cpu/s5pc11x/libs5pc11x.a(interrupts.o)
 .rodata        0xc3e2f9f8       0x3c lib_arm/libarm.a(board.o)
                0xc3e2f9f8                version_string
 .rodata        0xc3e2fa34        0x7 net/libnet.a(net.o)
 *fill*         0xc3e2fa3b        0x1 00
 .rodata        0xc3e2fa3c        0x8 drivers/mtd/nand/libnand.a(nand.o)
 .rodata        0xc3e2fa44       0x48 drivers/mtd/nand/libnand.a(nand_base.o)
 .rodata        0xc3e2fa8c      0x100 drivers/mtd/nand/libnand.a(nand_ecc.o)
 .rodata        0xc3e2fb8c       0xc4 common/libcommon.a(cmd_bootm.o)
 .rodata        0xc3e2fc50       0x58 common/libcommon.a(cmd_mem.o)
 .rodata        0xc3e2fca8       0x20 common/libcommon.a(xyzModem.o)
 .rodata        0xc3e2fcc8       0x38 common/libcommon.a(cmd_fastboot.o)
 .rodata        0xc3e2fd00      0x200 common/libcommon.a(crc16.o)
 .rodata        0xc3e2ff00      0x400 lib_generic/libgeneric.a(crc32.o)
 .rodata        0xc3e30300       0x90 lib_generic/libgeneric.a(zlib.o)
 .rodata        0xc3e30390       0xac cpu/s5pc11x/libs5pc11x.a(usbd-otg-hs.o)
                0xc3e30390                config_full
                0xc3e3039c                config_full_total
                0xc3e303bc                config_high
                0xc3e303c8                config_high_total
                0xc3e303e8                qualifier_desc
                0xc3e303f4                string_desc0
                0xc3e303f8                string_desc1
                0xc3e30410                string_desc2
 .rodata        0xc3e3043c       0xb4 cpu/s5pc11x/libs5pc11x.a(fastboot.o)
                0xc3e3043c                fboot_config_full
                0xc3e30448                fboot_config_full_total
                0xc3e30468                fboot_config_high
                0xc3e30474                fboot_config_high_total
                0xc3e30494                fboot_qualifier_desc
                0xc3e304a0                fboot_string_desc0
                0xc3e304a4                fboot_string_desc1
                0xc3e304bc                fboot_string_desc2
                0xc3e304d4                string_desc3
 .rodata        0xc3e304f0       0x10 disk/libdisk.a(part.o)
 .rodata        0xc3e30500       0x30 drivers/rtc/librtc.a(date.o)

.rodata.str1.1  0xc3e30530     0x894f
 .rodata.str1.1
                0xc3e30530       0x1d cpu/s5pc11x/movi.o
 .rodata.str1.1
                0xc3e3054d      0x264 cpu/s5pc11x/libs5pc11x.a(interrupts.o)
                                0x27b (size before relaxing)
 .rodata.str1.1
                0xc3e307b1        0xd cpu/s5pc11x/libs5pc11x.a(cpu.o)
 .rodata.str1.1
                0xc3e307be      0x10b cpu/s5pc11x/s5pc110/libs5pc110.a(speed.o)
 .rodata.str1.1
                0xc3e308c9       0x8f lib_arm/libarm.a(board.o)
                                 0x95 (size before relaxing)
 .rodata.str1.1
                0xc3e30958      0x1b1 net/libnet.a(net.o)
                                0x1bc (size before relaxing)
 .rodata.str1.1
                0xc3e30b09      0x18e net/libnet.a(tftp.o)
                                0x1cc (size before relaxing)
 .rodata.str1.1
                0xc3e30c97      0x108 net/libnet.a(bootp.o)
                                0x138 (size before relaxing)
 .rodata.str1.1
                0xc3e30d9f       0x13 net/libnet.a(rarp.o)
                                 0x47 (size before relaxing)
 .rodata.str1.1
                0xc3e30db2       0xed net/libnet.a(nfs.o)
                                0x16c (size before relaxing)
 .rodata.str1.1
                0xc3e30e9f      0x1d7 drivers/mmc/libmmc.a(mmc.o)
                                0x1e3 (size before relaxing)
 .rodata.str1.1
                0xc3e31076      0x141 drivers/mmc/libmmc.a(s3c_hsmmc.o)
 .rodata.str1.1
                0xc3e311b7        0x7 drivers/mtd/nand/libnand.a(nand.o)
                                  0x9 (size before relaxing)
 .rodata.str1.1
                0xc3e311be      0x23d drivers/mtd/nand/libnand.a(nand_base.o)
 .rodata.str1.1
                0xc3e313fb      0x3e2 drivers/mtd/nand/libnand.a(nand_ids.o)
                                0x3f8 (size before relaxing)
 .rodata.str1.1
                0xc3e317dd      0x270 drivers/mtd/nand/libnand.a(nand_bbt.o)
 .rodata.str1.1
                0xc3e31a4d      0x20b drivers/net/libnet.a(dm9000x.o)
                                0x219 (size before relaxing)
 .rodata.str1.1
                0xc3e31c58       0xec common/libcommon.a(main.o)
                                 0xed (size before relaxing)
 .rodata.str1.1
                0xc3e31d44      0x10f common/libcommon.a(cmd_autoscript.o)
 .rodata.str1.1
                0xc3e31e53       0xb2 common/libcommon.a(cmd_bdinfo.o)
 .rodata.str1.1
                0xc3e31f05      0x440 common/libcommon.a(image.o)
                                0x4dd (size before relaxing)
 .rodata.str1.1
                0xc3e32345      0x106 common/libcommon.a(cmd_boot.o)
                                0x114 (size before relaxing)
 .rodata.str1.1
                0xc3e3244b      0x72d common/libcommon.a(cmd_bootm.o)
                                0x8ff (size before relaxing)
 .rodata.str1.1
                0xc3e32b78      0x115 common/libcommon.a(cmd_cache.o)
                                0x12a (size before relaxing)
 .rodata.str1.1
                0xc3e32c8d       0x6b common/libcommon.a(cmd_console.o)
                                 0x6c (size before relaxing)
 .rodata.str1.1
                0xc3e32cf8      0x297 common/libcommon.a(cmd_elf.o)
                                0x2a0 (size before relaxing)
 .rodata.str1.1
                0xc3e32f8f      0x481 common/libcommon.a(cmd_ext2.o)
                                0x4b4 (size before relaxing)
 .rodata.str1.1
                0xc3e33410      0x3c7 common/libcommon.a(cmd_fat.o)
                                0x51c (size before relaxing)
 .rodata.str1.1
                0xc3e337d7      0x744 common/libcommon.a(cmd_flash.o)
                                0x760 (size before relaxing)
 .rodata.str1.1
                0xc3e33f1b       0xbd common/libcommon.a(cmd_itest.o)
                                 0xca (size before relaxing)
 .rodata.str1.1
                0xc3e33fd8      0x35c common/libcommon.a(cmd_load.o)
                                0x376 (size before relaxing)
 .rodata.str1.1
                0xc3e34334      0x59b common/libcommon.a(cmd_mem.o)
                                0x5c0 (size before relaxing)
 .rodata.str1.1
                0xc3e348cf       0x6b common/libcommon.a(cmd_misc.o)
                                 0x76 (size before relaxing)
 .rodata.str1.1
                0xc3e3493a      0x222 common/libcommon.a(cmd_mmc.o)
                                0x237 (size before relaxing)
 .rodata.str1.1
                0xc3e34b5c      0x8fc common/libcommon.a(cmd_nand.o)
                                0x950 (size before relaxing)
 .rodata.str1.1
                0xc3e35458      0x24a common/libcommon.a(cmd_net.o)
                                0x282 (size before relaxing)
 .rodata.str1.1
                0xc3e356a2      0x305 common/libcommon.a(cmd_nvedit.o)
                                0x388 (size before relaxing)
 .rodata.str1.1
                0xc3e359a7       0x2e common/libcommon.a(cmd_reginfo.o)
 .rodata.str1.1
                0xc3e359d5       0x93 common/libcommon.a(cmd_usbd.o)
                                 0x9e (size before relaxing)
 .rodata.str1.1
                0xc3e35a68      0x11a common/libcommon.a(cmd_ximg.o)
                                0x1a8 (size before relaxing)
 .rodata.str1.1
                0xc3e35b82      0x2e8 common/libcommon.a(command.o)
                                0x31a (size before relaxing)
 .rodata.str1.1
                0xc3e35e6a       0x76 common/libcommon.a(console.o)
                                 0x7a (size before relaxing)
 .rodata.str1.1
                0xc3e35ee0       0x2f common/libcommon.a(devices.o)
                                 0x43 (size before relaxing)
 .rodata.str1.1
                0xc3e35f0f       0x62 common/libcommon.a(env_common.o)
 .rodata.str1.1
                0xc3e35f71      0x10c common/libcommon.a(flash.o)
 .rodata.str1.1
                0xc3e3607d      0x15a common/libcommon.a(hush.o)
                                0x1b3 (size before relaxing)
 .rodata.str1.1
                0xc3e361d7      0x265 common/libcommon.a(usb.o)
 .rodata.str1.1
                0xc3e3643c       0xe3 common/libcommon.a(xyzModem.o)
                                 0xe5 (size before relaxing)
 .rodata.str1.1
                0xc3e3651f      0x2ff common/libcommon.a(cmd_movi.o)
                                0x336 (size before relaxing)
 .rodata.str1.1
                0xc3e3681e      0xa52 common/libcommon.a(cmd_fastboot.o)
                                0xb19 (size before relaxing)
 .rodata.str1.1
                0xc3e37270      0x231 common/libcommon.a(cmd_mmc_fdisk.o)
                                0x233 (size before relaxing)
 .rodata.str1.1
                0xc3e374a1      0x135 common/libcommon.a(env_auto.o)
                                0x16a (size before relaxing)
 .rodata.str1.1
                0xc3e375d6       0x7f common/libcommon.a(gunzip.o)
 .rodata.str1.1
                0xc3e37655       0x5c board/samsung/smdkc110/libsmdkc110.a(smdkc110.o)
 .rodata.str1.1
                0xc3e376b1       0xff board/samsung/smdkc110/libsmdkc110.a(flash.o)
                                0x115 (size before relaxing)
 .rodata.str1.1
                0xc3e377b0       0x11 lib_generic/libgeneric.a(display_options.o)
                                 0x36 (size before relaxing)
 .rodata.str1.1
                0xc3e377c1       0x34 lib_generic/libgeneric.a(lmb.o)
 .rodata.str1.1
                0xc3e377f5       0x51 lib_generic/libgeneric.a(vsprintf.o)
 .rodata.str1.1
                0xc3e37846      0x1f3 lib_generic/libgeneric.a(zlib.o)
                                0x1f4 (size before relaxing)
 .rodata.str1.1
                0xc3e37a39       0xbd cpu/s5pc11x/libs5pc11x.a(usb_ohci.o)
 .rodata.str1.1
                0xc3e37af6       0xd7 cpu/s5pc11x/libs5pc11x.a(nand.o)
 .rodata.str1.1
                0xc3e37bcd      0x145 cpu/s5pc11x/libs5pc11x.a(usbd-otg-hs.o)
                                0x14a (size before relaxing)
 .rodata.str1.1
                0xc3e37d12       0x6f cpu/s5pc11x/libs5pc11x.a(fastboot.o)
                                0x181 (size before relaxing)
 .rodata.str1.1
                0xc3e37d81       0x6e lib_arm/libarm.a(bootm.o)
                                 0x77 (size before relaxing)
 .rodata.str1.1
                0xc3e37def      0x351 fs/fat/libfat.a(fat.o)
                                0x35e (size before relaxing)
 .rodata.str1.1
                0xc3e38140      0x4ef fs/ext2/libext2fs.a(ext2fs.o)
                                0x579 (size before relaxing)
 .rodata.str1.1
                0xc3e3862f       0xdc fs/ext2/libext2fs.a(dev.o)
 .rodata.str1.1
                0xc3e3870b      0x15f disk/libdisk.a(part.o)
                                0x18b (size before relaxing)
 .rodata.str1.1
                0xc3e3886a       0xea disk/libdisk.a(part_dos.o)
                                 0xf6 (size before relaxing)
 .rodata.str1.1
                0xc3e38954      0x52b drivers/mtd/nand/libnand.a(nand_util.o)
                                0x52d (size before relaxing)
                0xc3e38e80                . = ALIGN (0x4)

.data           0xc3e38e80     0x6a38
 *(.data)
 .data          0xc3e38e80        0x0 cpu/s5pc11x/start.o
 .data          0xc3e38e80        0x0 cpu/s5pc11x/s5pc110/cpu_init.o
 .data          0xc3e38e80        0x0 board/samsung/smdkc110/lowlevel_init.o
 .data          0xc3e38e80        0x0 cpu/s5pc11x/onenand_cp.o
 .data          0xc3e38e80        0x0 cpu/s5pc11x/nand_cp.o
 .data          0xc3e38e80        0x0 cpu/s5pc11x/movi.o
 .data          0xc3e38e80        0x0 common/secure_boot.o
 .data          0xc3e38e80        0x0 common/ace_sha1.o
 .data          0xc3e38e80        0x0 cpu/s5pc11x/pmic.o
 .data          0xc3e38e80        0x0 cpu/s5pc11x/libs5pc11x.a(interrupts.o)
 .data          0xc3e38e80        0x0 cpu/s5pc11x/libs5pc11x.a(cpu.o)
 .data          0xc3e38e80        0x0 cpu/s5pc11x/libs5pc11x.a(setup_hsmmc.o)
 .data          0xc3e38e80        0x0 cpu/s5pc11x/libs5pc11x.a(serial.o)
 .data          0xc3e38e80        0x0 cpu/s5pc11x/s5pc110/libs5pc110.a(speed.o)
 .data          0xc3e38e80        0x0 lib_arm/libarm.a(_divsi3.o)
 .data          0xc3e38e80        0x0 lib_arm/libarm.a(_udivsi3.o)
 .data          0xc3e38e80       0x34 lib_arm/libarm.a(board.o)
                0xc3e38e80                init_sequence
 .data          0xc3e38eb4        0x0 lib_arm/libarm.a(div0.o)
 .data          0xc3e38eb4        0x0 lib_arm/libarm.a(_modsi3.o)
 .data          0xc3e38eb4        0xc net/libnet.a(net.o)
                0xc3e38eb4                NetOurVLAN
                0xc3e38eb8                NetBcastAddr
                0xc3e38ebe                NetOurNativeVLAN
 .data          0xc3e38ec0        0x2 net/libnet.a(tftp.o)
 .data          0xc3e38ec2        0x0 net/libnet.a(bootp.o)
 .data          0xc3e38ec2        0x0 net/libnet.a(rarp.o)
 .data          0xc3e38ec2        0x0 net/libnet.a(eth.o)
 *fill*         0xc3e38ec2        0x2 00
 .data          0xc3e38ec4        0x4 net/libnet.a(nfs.o)
 .data          0xc3e38ec8        0x4 drivers/mmc/libmmc.a(mmc.o)
 .data          0xc3e38ecc        0x0 drivers/mmc/libmmc.a(s3c_hsmmc.o)
 .data          0xc3e38ecc        0x4 drivers/mtd/nand/libnand.a(nand.o)
                0xc3e38ecc                nand_curr_device
 .data          0xc3e38ed0      0x940 drivers/mtd/nand/libnand.a(nand_base.o)
 .data          0xc3e39810      0x5c8 drivers/mtd/nand/libnand.a(nand_ids.o)
                0xc3e39810                nand_flash_ids
                0xc3e39d98                nand_manuf_ids
 .data          0xc3e39dd8        0x0 drivers/mtd/nand/libnand.a(nand_ecc.o)
 .data          0xc3e39dd8      0x110 drivers/mtd/nand/libnand.a(nand_bbt.o)
 .data          0xc3e39ee8        0x0 drivers/net/libnet.a(dm9000x.o)
 .data          0xc3e39ee8        0x4 common/libcommon.a(main.o)
 .data          0xc3e39eec        0x0 common/libcommon.a(cmd_autoscript.o)
 .data          0xc3e39eec        0x0 common/libcommon.a(cmd_bdinfo.o)
 .data          0xc3e39eec      0x1f8 common/libcommon.a(image.o)
 .data          0xc3e3a0e4        0x0 common/libcommon.a(cmd_boot.o)
 .data          0xc3e3a0e4        0x4 common/libcommon.a(cmd_bootm.o)
                0xc3e3a0e4                load_addr
 .data          0xc3e3a0e8        0x0 common/libcommon.a(cmd_cache.o)
 .data          0xc3e3a0e8        0x0 common/libcommon.a(cmd_console.o)
 .data          0xc3e3a0e8        0x0 common/libcommon.a(cmd_elf.o)
 .data          0xc3e3a0e8        0x0 common/libcommon.a(cmd_ext2.o)
 .data          0xc3e3a0e8        0x0 common/libcommon.a(cmd_fat.o)
 .data          0xc3e3a0e8        0x0 common/libcommon.a(cmd_flash.o)
 .data          0xc3e3a0e8       0x68 common/libcommon.a(cmd_itest.o)
                0xc3e3a0e8                op_table
 .data          0xc3e3a150        0x4 common/libcommon.a(cmd_load.o)
 .data          0xc3e3a154        0x4 common/libcommon.a(cmd_mem.o)
                0xc3e3a154                dp_last_length
 .data          0xc3e3a158        0x0 common/libcommon.a(cmd_misc.o)
 .data          0xc3e3a158        0x0 common/libcommon.a(cmd_mmc.o)
 .data          0xc3e3a158        0x0 common/libcommon.a(cmd_nand.o)
 .data          0xc3e3a158        0x0 common/libcommon.a(cmd_net.o)
 .data          0xc3e3a158        0x0 common/libcommon.a(cmd_nvedit.o)
 .data          0xc3e3a158        0x0 common/libcommon.a(cmd_reginfo.o)
 .data          0xc3e3a158        0x0 common/libcommon.a(cmd_usbd.o)
 .data          0xc3e3a158        0x0 common/libcommon.a(cmd_ximg.o)
 .data          0xc3e3a158        0x0 common/libcommon.a(command.o)
 .data          0xc3e3a158        0x0 common/libcommon.a(console.o)
 .data          0xc3e3a158        0xc common/libcommon.a(devices.o)
                0xc3e3a158                stdio_names
 .data          0xc3e3a164      0x414 common/libcommon.a(dlmalloc.o)
 .data          0xc3e3a578     0x4004 common/libcommon.a(env_common.o)
                0xc3e3a578                default_environment
                0xc3e3e578                default_environment_size
 .data          0xc3e3e57c        0x0 common/libcommon.a(exports.o)
 .data          0xc3e3e57c        0x0 common/libcommon.a(flash.o)
 .data          0xc3e3e57c       0xac common/libcommon.a(hush.o)
 .data          0xc3e3e628        0x0 common/libcommon.a(lists.o)
 .data          0xc3e3e628        0x0 common/libcommon.a(s_record.o)
 .data          0xc3e3e628        0x0 common/libcommon.a(usb.o)
 .data          0xc3e3e628        0x0 common/libcommon.a(xyzModem.o)
 .data          0xc3e3e628        0x0 common/libcommon.a(cmd_movi.o)
 .data          0xc3e3e628       0x20 common/libcommon.a(cmd_fastboot.o)
 .data          0xc3e3e648        0x0 common/libcommon.a(cmd_mmc_fdisk.o)
 .data          0xc3e3e648        0x4 common/libcommon.a(env_auto.o)
                0xc3e3e648                env_name_spec
 .data          0xc3e3e64c        0x0 common/libcommon.a(gunzip.o)
 .data          0xc3e3e64c        0x0 common/libcommon.a(crc16.o)
 .data          0xc3e3e64c        0x0 board/samsung/smdkc110/libsmdkc110.a(smdkc110.o)
 .data          0xc3e3e64c        0x0 board/samsung/smdkc110/libsmdkc110.a(flash.o)
 .data          0xc3e3e64c        0x0 lib_generic/libgeneric.a(crc32.o)
 .data          0xc3e3e64c      0x100 lib_generic/libgeneric.a(ctype.o)
                0xc3e3e64c                _ctype
 .data          0xc3e3e74c        0x0 lib_generic/libgeneric.a(display_options.o)
 .data          0xc3e3e74c        0x0 lib_generic/libgeneric.a(lmb.o)
 .data          0xc3e3e74c        0x0 lib_generic/libgeneric.a(string.o)
 .data          0xc3e3e74c        0x0 lib_generic/libgeneric.a(vsprintf.o)
 .data          0xc3e3e74c      0x210 lib_generic/libgeneric.a(zlib.o)
                0xc3e3e938                zlib_version
                0xc3e3e93c                z_errmsg
 .data          0xc3e3e95c        0x0 cpu/s5pc11x/libs5pc11x.a(usb_ohci.o)
 .data          0xc3e3e95c      0x6f0 cpu/s5pc11x/libs5pc11x.a(nand.o)
 .data          0xc3e3f04c       0x38 cpu/s5pc11x/libs5pc11x.a(usbd-otg-hs.o)
                0xc3e3f04c                test_pkt
 .data          0xc3e3f084      0x100 cpu/s5pc11x/libs5pc11x.a(fastboot.o)
                0xc3e3f084                fboot_test_pkt
                0xc3e3f0bc                ptable_default
                0xc3e3f180                ptable_default_size
 .data          0xc3e3f184        0x8 cpu/s5pc11x/libs5pc11x.a(fimd.o)
 .data          0xc3e3f18c        0x0 lib_arm/libarm.a(_ashldi3.o)
 .data          0xc3e3f18c        0x0 lib_arm/libarm.a(_ashrdi3.o)
 .data          0xc3e3f18c        0x0 lib_arm/libarm.a(_umodsi3.o)
 .data          0xc3e3f18c        0x0 lib_arm/libarm.a(bootm.o)
 .data          0xc3e3f18c        0x0 lib_arm/libarm.a(cache.o)
 .data          0xc3e3f18c        0x4 fs/fat/libfat.a(fat.o)
 .data          0xc3e3f190        0x8 fs/ext2/libext2fs.a(ext2fs.o)
                0xc3e3f190                indir1_blkno
                0xc3e3f194                indir2_blkno
 .data          0xc3e3f198        0x0 fs/ext2/libext2fs.a(dev.o)
 .data          0xc3e3f198        0x0 disk/libdisk.a(part.o)
 .data          0xc3e3f198        0x0 disk/libdisk.a(part_dos.o)
 .data          0xc3e3f198      0x6f0 drivers/mtd/nand/libnand.a(nand_util.o)
 .data          0xc3e3f888       0x30 drivers/rtc/librtc.a(date.o)
 .data          0xc3e3f8b8        0x0 lib_generic/libgeneric.a(div64.o)
                0xc3e3f8b8                . = ALIGN (0x4)

.got
 *(.got)
                0xc3e3f8b8                __u_boot_cmd_start = .

.u_boot_cmd     0xc3e3f8b8      0x648
 *(.u_boot_cmd)
 .u_boot_cmd    0xc3e3f8b8       0x18 common/libcommon.a(cmd_autoscript.o)
                0xc3e3f8b8                __u_boot_cmd_autoscr
 .u_boot_cmd    0xc3e3f8d0       0x18 common/libcommon.a(cmd_bdinfo.o)
                0xc3e3f8d0                __u_boot_cmd_bdinfo
 .u_boot_cmd    0xc3e3f8e8       0x48 common/libcommon.a(cmd_boot.o)
                0xc3e3f8e8                __u_boot_cmd_go
                0xc3e3f900                __u_boot_cmd_reset
                0xc3e3f918                __u_boot_cmd_re
 .u_boot_cmd    0xc3e3f930       0x78 common/libcommon.a(cmd_bootm.o)
                0xc3e3f930                __u_boot_cmd_bootm
                0xc3e3f948                __u_boot_cmd_boot
                0xc3e3f960                __u_boot_cmd_bootd
                0xc3e3f978                __u_boot_cmd_iminfo
                0xc3e3f990                __u_boot_cmd_imls
 .u_boot_cmd    0xc3e3f9a8       0x30 common/libcommon.a(cmd_cache.o)
                0xc3e3f9a8                __u_boot_cmd_icache
                0xc3e3f9c0                __u_boot_cmd_dcache
 .u_boot_cmd    0xc3e3f9d8       0x18 common/libcommon.a(cmd_console.o)
                0xc3e3f9d8                __u_boot_cmd_coninfo
 .u_boot_cmd    0xc3e3f9f0       0x30 common/libcommon.a(cmd_elf.o)
                0xc3e3f9f0                __u_boot_cmd_bootelf
                0xc3e3fa08                __u_boot_cmd_bootvx
 .u_boot_cmd    0xc3e3fa20       0x60 common/libcommon.a(cmd_ext2.o)
                0xc3e3fa20                __u_boot_cmd_ext2ls
                0xc3e3fa38                __u_boot_cmd_ext2load
                0xc3e3fa50                __u_boot_cmd_ext2format
                0xc3e3fa68                __u_boot_cmd_ext3format
 .u_boot_cmd    0xc3e3fa80       0x60 common/libcommon.a(cmd_fat.o)
                0xc3e3fa80                __u_boot_cmd_fatload
                0xc3e3fa98                __u_boot_cmd_fatls
                0xc3e3fab0                __u_boot_cmd_fatinfo
                0xc3e3fac8                __u_boot_cmd_fatformat
 .u_boot_cmd    0xc3e3fae0       0x48 common/libcommon.a(cmd_flash.o)
                0xc3e3fae0                __u_boot_cmd_flinfo
                0xc3e3faf8                __u_boot_cmd_erase
                0xc3e3fb10                __u_boot_cmd_protect
 .u_boot_cmd    0xc3e3fb28       0x18 common/libcommon.a(cmd_itest.o)
                0xc3e3fb28                __u_boot_cmd_itest
 .u_boot_cmd    0xc3e3fb40       0x48 common/libcommon.a(cmd_load.o)
                0xc3e3fb40                __u_boot_cmd_loads
                0xc3e3fb58                __u_boot_cmd_loadb
                0xc3e3fb70                __u_boot_cmd_loady
 .u_boot_cmd    0xc3e3fb88       0xf0 common/libcommon.a(cmd_mem.o)
                0xc3e3fb88                __u_boot_cmd_md
                0xc3e3fba0                __u_boot_cmd_mm
                0xc3e3fbb8                __u_boot_cmd_nm
                0xc3e3fbd0                __u_boot_cmd_mw
                0xc3e3fbe8                __u_boot_cmd_cp
                0xc3e3fc00                __u_boot_cmd_cmp
                0xc3e3fc18                __u_boot_cmd_crc32
                0xc3e3fc30                __u_boot_cmd_base
                0xc3e3fc48                __u_boot_cmd_loop
                0xc3e3fc60                __u_boot_cmd_mtest
 .u_boot_cmd    0xc3e3fc78       0x18 common/libcommon.a(cmd_misc.o)
                0xc3e3fc78                __u_boot_cmd_sleep
 .u_boot_cmd    0xc3e3fc90       0x30 common/libcommon.a(cmd_mmc.o)
                0xc3e3fc90                __u_boot_cmd_mmcinfo
                0xc3e3fca8                __u_boot_cmd_mmc
 .u_boot_cmd    0xc3e3fcc0       0x18 common/libcommon.a(cmd_nand.o)
                0xc3e3fcc0                __u_boot_cmd_nand
 .u_boot_cmd    0xc3e3fcd8       0x90 common/libcommon.a(cmd_net.o)
                0xc3e3fcd8                __u_boot_cmd_bootp
                0xc3e3fcf0                __u_boot_cmd_tftpboot
                0xc3e3fd08                __u_boot_cmd_rarpboot
                0xc3e3fd20                __u_boot_cmd_dhcp
                0xc3e3fd38                __u_boot_cmd_nfs
                0xc3e3fd50                __u_boot_cmd_ping
 .u_boot_cmd    0xc3e3fd68       0x60 common/libcommon.a(cmd_nvedit.o)
                0xc3e3fd68                __u_boot_cmd_printenv
                0xc3e3fd80                __u_boot_cmd_setenv
                0xc3e3fd98                __u_boot_cmd_saveenv
                0xc3e3fdb0                __u_boot_cmd_run
 .u_boot_cmd    0xc3e3fdc8       0x18 common/libcommon.a(cmd_reginfo.o)
                0xc3e3fdc8                __u_boot_cmd_reginfo
 .u_boot_cmd    0xc3e3fde0       0x18 common/libcommon.a(cmd_usbd.o)
                0xc3e3fde0                __u_boot_cmd_dnw
 .u_boot_cmd    0xc3e3fdf8       0x18 common/libcommon.a(cmd_ximg.o)
                0xc3e3fdf8                __u_boot_cmd_imxtract
 .u_boot_cmd    0xc3e3fe10       0x90 common/libcommon.a(command.o)
                0xc3e3fe10                __u_boot_cmd_version
                0xc3e3fe28                __u_boot_cmd_echo
                0xc3e3fe40                __u_boot_cmd_test
                0xc3e3fe58                __u_boot_cmd_exit
                0xc3e3fe70                __u_boot_cmd_help
                0xc3e3fe88                __u_boot_cmd_question_mark
 .u_boot_cmd    0xc3e3fea0       0x18 common/libcommon.a(cmd_movi.o)
                0xc3e3fea0                __u_boot_cmd_movi
 .u_boot_cmd    0xc3e3feb8       0x30 common/libcommon.a(cmd_fastboot.o)
                0xc3e3feb8                __u_boot_cmd_fastboot
                0xc3e3fed0                __u_boot_cmd_sdfuse
 .u_boot_cmd    0xc3e3fee8       0x18 common/libcommon.a(cmd_mmc_fdisk.o)
                0xc3e3fee8                __u_boot_cmd_fdisk
                0xc3e3ff00                __u_boot_cmd_end = .
                0xc3e3ff00                . = ALIGN (0x4)

.mmudata        0xc3e40000     0x4000
 *(.mmudata)
 .mmudata       0xc3e40000     0x4000 board/samsung/smdkc110/lowlevel_init.o
                0xc3e40000                mmu_table
                0xc3e44000                . = ALIGN (0x4)
                0xc3e44000                __bss_start = .

.bss            0xc3e44000    0x45ab0
 *(.bss)
 .bss           0xc3e44000        0x0 cpu/s5pc11x/start.o
 .bss           0xc3e44000        0x0 cpu/s5pc11x/s5pc110/cpu_init.o
 .bss           0xc3e44000        0x0 board/samsung/smdkc110/lowlevel_init.o
 .bss           0xc3e44000        0x0 cpu/s5pc11x/onenand_cp.o
 .bss           0xc3e44000        0x0 cpu/s5pc11x/nand_cp.o
 .bss           0xc3e44000        0x0 cpu/s5pc11x/movi.o
 .bss           0xc3e44000        0x0 common/secure_boot.o
 .bss           0xc3e44000        0x0 common/ace_sha1.o
 .bss           0xc3e44000        0x0 cpu/s5pc11x/pmic.o
 .bss           0xc3e44000        0xc cpu/s5pc11x/libs5pc11x.a(interrupts.o)
                0xc3e44008                timer_load_val
 .bss           0xc3e4400c        0x0 cpu/s5pc11x/libs5pc11x.a(cpu.o)
 .bss           0xc3e4400c        0x0 cpu/s5pc11x/libs5pc11x.a(setup_hsmmc.o)
 .bss           0xc3e4400c        0x0 cpu/s5pc11x/libs5pc11x.a(serial.o)
 .bss           0xc3e4400c        0x0 cpu/s5pc11x/s5pc110/libs5pc110.a(speed.o)
 .bss           0xc3e4400c        0x0 lib_arm/libarm.a(_divsi3.o)
 .bss           0xc3e4400c        0x0 lib_arm/libarm.a(_udivsi3.o)
 .bss           0xc3e4400c       0x10 lib_arm/libarm.a(board.o)
                0xc3e44018                monitor_flash_len
 .bss           0xc3e4401c        0x0 lib_arm/libarm.a(div0.o)
 .bss           0xc3e4401c        0x0 lib_arm/libarm.a(_modsi3.o)
 .bss           0xc3e4401c     0x25d0 net/libnet.a(net.o)
                0xc3e4401c                NetState
                0xc3e44024                NetIPID
                0xc3e44028                NetOurIP
                0xc3e4402c                NetOurEther
                0xc3e44034                NetPingIP
                0xc3e44038                NetTxPacket
                0xc3e4403c                NetArpWaitPacketIP
                0xc3e44040                NetOurSubnetMask
                0xc3e44044                NetOurGatewayIP
                0xc3e44048                NetArpWaitReplyIP
                0xc3e4404c                NetRxPkt
                0xc3e44050                NetRxPktLen
                0xc3e44054                NetArpWaitPacketMAC
                0xc3e44058                NetArpWaitTxPacket
                0xc3e4405c                NetArpWaitTxPacketSize
                0xc3e44060                NetServerIP
                0xc3e44064                NetServerEther
                0xc3e44074                NetEtherNullAddr
                0xc3e4407c                NetArpWaitTry
                0xc3e44080                NetArpWaitTimerStart
                0xc3e44090                PktBuf
                0xc3e45eb0                NetRxPackets
                0xc3e45ec0                NetArpWaitPacketBuf
                0xc3e464e0                NetBootFileXferSize
                0xc3e464e4                NetOurDNSIP
                0xc3e464e8                NetOurNISDomain
                0xc3e46508                NetOurHostName
                0xc3e46528                NetOurRootPath
                0xc3e46568                NetBootFileSize
                0xc3e4656c                BootFile
 .bss           0xc3e465ec       0xb4 net/libnet.a(tftp.o)
 .bss           0xc3e466a0       0x14 net/libnet.a(bootp.o)
                0xc3e466a0                dhcp_leasetime
                0xc3e466a4                NetDHCPServerIP
                0xc3e466a8                BootpID
                0xc3e466ac                dhcp_state
                0xc3e466b0                BootpTry
 .bss           0xc3e466b4        0x4 net/libnet.a(rarp.o)
                0xc3e466b4                RarpTry
 .bss           0xc3e466b8        0x0 net/libnet.a(eth.o)
 .bss           0xc3e466b8      0x8b0 net/libnet.a(nfs.o)
 .bss           0xc3e46f68       0x18 drivers/mmc/libmmc.a(mmc.o)
                0xc3e46f70                mmc_global
                0xc3e46f7c                mmc_default
 .bss           0xc3e46f80      0x510 drivers/mmc/libmmc.a(s3c_hsmmc.o)
                0xc3e46f80                mmc_channel
                0xc3e473c0                mmc_host
 .bss           0xc3e47490      0x1b8 drivers/mtd/nand/libnand.a(nand.o)
                0xc3e47490                nand_info
 .bss           0xc3e47648        0x0 drivers/mtd/nand/libnand.a(nand_base.o)
 .bss           0xc3e47648        0x0 drivers/mtd/nand/libnand.a(nand_ids.o)
 .bss           0xc3e47648        0x0 drivers/mtd/nand/libnand.a(nand_ecc.o)
 .bss           0xc3e47648        0x0 drivers/mtd/nand/libnand.a(nand_bbt.o)
 .bss           0xc3e47648       0xb0 drivers/net/libnet.a(dm9000x.o)
 .bss           0xc3e476f8     0x1560 common/libcommon.a(main.o)
                0xc3e47704                hist_num
                0xc3e47708                hist_lines
                0xc3e48b08                hist_list
                0xc3e48b58                console_buffer
 .bss           0xc3e48c58        0x0 common/libcommon.a(cmd_autoscript.o)
 .bss           0xc3e48c58        0x0 common/libcommon.a(cmd_bdinfo.o)
 .bss           0xc3e48c58        0x0 common/libcommon.a(image.o)
 .bss           0xc3e48c58        0x0 common/libcommon.a(cmd_boot.o)
 .bss           0xc3e48c58       0x50 common/libcommon.a(cmd_bootm.o)
 .bss           0xc3e48ca8        0x0 common/libcommon.a(cmd_cache.o)
 .bss           0xc3e48ca8        0x0 common/libcommon.a(cmd_console.o)
 .bss           0xc3e48ca8        0x0 common/libcommon.a(cmd_elf.o)
 .bss           0xc3e48ca8        0x0 common/libcommon.a(cmd_ext2.o)
 .bss           0xc3e48ca8        0x0 common/libcommon.a(cmd_fat.o)
 .bss           0xc3e48ca8        0x0 common/libcommon.a(cmd_flash.o)
 .bss           0xc3e48ca8        0x0 common/libcommon.a(cmd_itest.o)
 .bss           0xc3e48ca8       0x68 common/libcommon.a(cmd_load.o)
                0xc3e48cac                os_data_count
                0xc3e48cbc                os_data_init
                0xc3e48cd0                os_data_char
                0xc3e48cd4                his_quote
                0xc3e48cd8                his_pad_count
                0xc3e48cdc                his_pad_char
                0xc3e48cdd                his_eol
                0xc3e48ce0                send_ptr
                0xc3e48ce4                send_parms
 .bss           0xc3e48d10       0x14 common/libcommon.a(cmd_mem.o)
                0xc3e48d14                mm_last_addr
                0xc3e48d18                mm_last_size
                0xc3e48d1c                dp_last_addr
                0xc3e48d20                dp_last_size
 .bss           0xc3e48d24        0x0 common/libcommon.a(cmd_misc.o)
 .bss           0xc3e48d24        0x0 common/libcommon.a(cmd_mmc.o)
 .bss           0xc3e48d24        0x0 common/libcommon.a(cmd_nand.o)
 .bss           0xc3e48d24        0x0 common/libcommon.a(cmd_net.o)
 .bss           0xc3e48d24        0x0 common/libcommon.a(cmd_nvedit.o)
 .bss           0xc3e48d24        0x0 common/libcommon.a(cmd_reginfo.o)
 .bss           0xc3e48d24        0x0 common/libcommon.a(cmd_usbd.o)
 .bss           0xc3e48d24        0x0 common/libcommon.a(cmd_ximg.o)
 .bss           0xc3e48d24        0x0 common/libcommon.a(command.o)
 .bss           0xc3e48d24        0x8 common/libcommon.a(console.o)
 .bss           0xc3e48d2c       0x10 common/libcommon.a(devices.o)
                0xc3e48d2c                devlist
                0xc3e48d30                stdio_devices
 .bss           0xc3e48d3c       0x38 common/libcommon.a(dlmalloc.o)
 .bss           0xc3e48d74        0x0 common/libcommon.a(env_common.o)
 .bss           0xc3e48d74        0x0 common/libcommon.a(exports.o)
 .bss           0xc3e48d74        0x0 common/libcommon.a(flash.o)
 .bss           0xc3e48d74      0x258 common/libcommon.a(hush.o)
                0xc3e48fc0                last_return_code
                0xc3e48fc8                nesting_level
 .bss           0xc3e48fcc        0x0 common/libcommon.a(lists.o)
 .bss           0xc3e48fcc        0x0 common/libcommon.a(s_record.o)
 .bss           0xc3e48fcc     0xc99c common/libcommon.a(usb.o)
                0xc3e55958                usb_started
 .bss           0xc3e55968      0x43c common/libcommon.a(xyzModem.o)
 .bss           0xc3e55da4      0x200 common/libcommon.a(cmd_movi.o)
                0xc3e55da4                raw_area_control
 .bss           0xc3e55fa4      0x1d0 common/libcommon.a(cmd_fastboot.o)
 .bss           0xc3e56174        0x0 common/libcommon.a(cmd_mmc_fdisk.o)
 .bss           0xc3e56174        0x4 common/libcommon.a(env_auto.o)
                0xc3e56174                env_ptr
 .bss           0xc3e56178        0x0 common/libcommon.a(gunzip.o)
 .bss           0xc3e56178        0x0 common/libcommon.a(crc16.o)
 .bss           0xc3e56178        0x0 board/samsung/smdkc110/libsmdkc110.a(smdkc110.o)
 .bss           0xc3e56178      0x2e0 board/samsung/smdkc110/libsmdkc110.a(flash.o)
                0xc3e56178                flash_info
 .bss           0xc3e56458        0x0 lib_generic/libgeneric.a(crc32.o)
 .bss           0xc3e56458        0x0 lib_generic/libgeneric.a(ctype.o)
 .bss           0xc3e56458        0x0 lib_generic/libgeneric.a(display_options.o)
 .bss           0xc3e56458        0x0 lib_generic/libgeneric.a(lmb.o)
 .bss           0xc3e56458        0x4 lib_generic/libgeneric.a(string.o)
                0xc3e56458                ___strtok
 .bss           0xc3e5645c        0x0 lib_generic/libgeneric.a(vsprintf.o)
 .bss           0xc3e5645c     0x10a8 lib_generic/libgeneric.a(zlib.o)
 *fill*         0xc3e57504       0xfc 00
 .bss           0xc3e57600     0x1600 cpu/s5pc11x/libs5pc11x.a(usb_ohci.o)
                0xc3e57600                ptd
                0xc3e57604                urb_priv
                0xc3e577a0                ohci_dev
                0xc3e57940                gtd
                0xc3e58a00                ghcca
                0xc3e58b00                phcca
                0xc3e58b04                got_rhsc
                0xc3e58b08                devgone
 .bss           0xc3e58c00        0x8 cpu/s5pc11x/libs5pc11x.a(nand.o)
                0xc3e58c00                cur_ecc_mode
                0xc3e58c04                nand_type
 .bss           0xc3e58c08       0xb0 cpu/s5pc11x/libs5pc11x.a(usbd-otg-hs.o)
                0xc3e58c08                otg
                0xc3e58c8c                remode_wakeup
                0xc3e58c90                get_status
                0xc3e58c96                config_value
                0xc3e58c98                get_intf
                0xc3e58c9c                s3c_usbd_dn_addr
                0xc3e58ca0                op_mode
                0xc3e58ca4                s3c_usbd_dn_cnt
                0xc3e58ca8                s3c_receive_done
                0xc3e58cac                speed
                0xc3e58cb0                s3c_got_header
                0xc3e58cb4                DNW
 .bss           0xc3e58cb8      0x2f0 cpu/s5pc11x/libs5pc11x.a(fastboot.o)
                0xc3e58cb8                fboot_otg
                0xc3e58d3c                fboot_remode_wakeup
                0xc3e58d40                fboot_get_status
                0xc3e58d46                fboot_config_value
                0xc3e58d48                fboot_get_intf
                0xc3e58d4c                fboot_usbd_dn_addr
                0xc3e58d50                fboot_response_flag
                0xc3e58d54                reply_msg
                0xc3e58d58                fboot_op_mode
                0xc3e58d5c                fboot_usbd_dn_cnt
                0xc3e58d60                fboot_receive_done
                0xc3e58d64                fboot_speed
                0xc3e58f98                transfer_size
                0xc3e58f9c                fboot_got_header
                0xc3e58fa0                tx_msg_buf
                0xc3e58fa4                total_dn_size
 .bss           0xc3e58fa8        0x0 cpu/s5pc11x/libs5pc11x.a(fimd.o)
 .bss           0xc3e58fa8        0x0 lib_arm/libarm.a(_ashldi3.o)
 .bss           0xc3e58fa8        0x0 lib_arm/libarm.a(_ashrdi3.o)
 .bss           0xc3e58fa8        0x0 lib_arm/libarm.a(_umodsi3.o)
 .bss           0xc3e58fa8        0x4 lib_arm/libarm.a(bootm.o)
 .bss           0xc3e58fac        0x0 lib_arm/libarm.a(cache.o)
 .bss           0xc3e58fac    0x30008 fs/fat/libfat.a(fat.o)
                0xc3e58fb4                get_vfatname_block
                0xc3e68fb4                do_fat_read_block
                0xc3e78fb4                get_dentfromdir_block
 .bss           0xc3e88fb4       0x1c fs/ext2/libext2fs.a(ext2fs.o)
                0xc3e88fb4                ext2fs_root
                0xc3e88fb8                ext2fs_file
                0xc3e88fbc                indir1_block
                0xc3e88fc0                indir1_size
                0xc3e88fc4                indir2_block
                0xc3e88fc8                indir2_size
                0xc3e88fcc                symlinknest
 .bss           0xc3e88fd0       0x50 fs/ext2/libext2fs.a(dev.o)
 .bss           0xc3e89020        0x0 disk/libdisk.a(part.o)
 .bss           0xc3e89020        0x0 disk/libdisk.a(part_dos.o)
 .bss           0xc3e89020      0xa90 drivers/mtd/nand/libnand.a(nand_util.o)
 .bss           0xc3e89ab0        0x0 drivers/rtc/librtc.a(date.o)
 .bss           0xc3e89ab0        0x0 lib_generic/libgeneric.a(div64.o)
                0xc3e89ab0                _end = .
Address of section .text set to 0xc3e00000
LOAD cpu/s5pc11x/start.o
START GROUP
LOAD lib_generic/libgeneric.a
LOAD cpu/s5pc11x/libs5pc11x.a
LOAD cpu/s5pc11x/s5pc110/libs5pc110.a
LOAD lib_arm/libarm.a
LOAD fs/cramfs/libcramfs.a
LOAD fs/fat/libfat.a
LOAD fs/fdos/libfdos.a
LOAD fs/jffs2/libjffs2.a
LOAD fs/reiserfs/libreiserfs.a
LOAD fs/ext2/libext2fs.a
LOAD net/libnet.a
LOAD disk/libdisk.a
LOAD drivers/bios_emulator/libatibiosemu.a
LOAD drivers/block/libblock.a
LOAD drivers/dma/libdma.a
LOAD drivers/hwmon/libhwmon.a
LOAD drivers/i2c/libi2c.a
LOAD drivers/input/libinput.a
LOAD drivers/misc/libmisc.a
LOAD drivers/mmc/libmmc.a
LOAD drivers/mtd/libmtd.a
LOAD drivers/mtd/nand/libnand.a
LOAD drivers/mtd/nand_legacy/libnand_legacy.a
LOAD drivers/mtd/onenand/libonenand.a
LOAD drivers/mtd/ubi/libubi.a
LOAD drivers/mtd/spi/libspi_flash.a
LOAD drivers/net/libnet.a
LOAD drivers/net/sk98lin/libsk98lin.a
LOAD drivers/pci/libpci.a
LOAD drivers/pcmcia/libpcmcia.a
LOAD drivers/spi/libspi.a
LOAD drivers/rtc/librtc.a
LOAD drivers/serial/libserial.a
LOAD drivers/usb/libusb.a
LOAD drivers/video/libvideo.a
LOAD common/libcommon.a
LOAD libfdt/libfdt.a
LOAD api/libapi.a
LOAD post/libpost.a
LOAD board/samsung/smdkc110/libsmdkc110.a
END GROUP
LOAD /usr/local/arm/arm-2009q3/bin/../lib/gcc/arm-none-linux-gnueabi/4.4.1/libgcc.a
OUTPUT(u-boot elf32-littlearm)

.ARM.attributes
                0x00000000       0x10
 .ARM.attributes
                0x00000000       0x10 cpu/s5pc11x/start.o
 .ARM.attributes
                0x00000010       0x10 cpu/s5pc11x/s5pc110/cpu_init.o
 .ARM.attributes
                0x00000020       0x10 board/samsung/smdkc110/lowlevel_init.o
 .ARM.attributes
                0x00000030       0x10 cpu/s5pc11x/onenand_cp.o
 .ARM.attributes
                0x00000040       0x10 cpu/s5pc11x/nand_cp.o
 .ARM.attributes
                0x00000050       0x10 cpu/s5pc11x/movi.o
 .ARM.attributes
                0x00000060       0x10 common/secure_boot.o
 .ARM.attributes
                0x00000070       0x10 common/ace_sha1.o
 .ARM.attributes
                0x00000080       0x10 cpu/s5pc11x/pmic.o
 .ARM.attributes
                0x00000090       0x10 cpu/s5pc11x/libs5pc11x.a(interrupts.o)
 .ARM.attributes
                0x000000a0       0x10 cpu/s5pc11x/libs5pc11x.a(cpu.o)
 .ARM.attributes
                0x000000b0       0x10 cpu/s5pc11x/libs5pc11x.a(setup_hsmmc.o)
 .ARM.attributes
                0x000000c0       0x10 cpu/s5pc11x/libs5pc11x.a(serial.o)
 .ARM.attributes
                0x000000d0       0x10 cpu/s5pc11x/s5pc110/libs5pc110.a(speed.o)
 .ARM.attributes
                0x000000e0       0x10 lib_arm/libarm.a(_divsi3.o)
 .ARM.attributes
                0x000000f0       0x10 lib_arm/libarm.a(_udivsi3.o)
 .ARM.attributes
                0x00000100       0x10 lib_arm/libarm.a(board.o)
 .ARM.attributes
                0x00000110       0x10 lib_arm/libarm.a(div0.o)
 .ARM.attributes
                0x00000120       0x10 lib_arm/libarm.a(_modsi3.o)
 .ARM.attributes
                0x00000130       0x10 net/libnet.a(net.o)
 .ARM.attributes
                0x00000140       0x10 net/libnet.a(tftp.o)
 .ARM.attributes
                0x00000150       0x10 net/libnet.a(bootp.o)
 .ARM.attributes
                0x00000160       0x10 net/libnet.a(rarp.o)
 .ARM.attributes
                0x00000170       0x10 net/libnet.a(eth.o)
 .ARM.attributes
                0x00000180       0x10 net/libnet.a(nfs.o)
 .ARM.attributes
                0x00000190       0x10 drivers/mmc/libmmc.a(mmc.o)
 .ARM.attributes
                0x000001a0       0x10 drivers/mmc/libmmc.a(s3c_hsmmc.o)
 .ARM.attributes
                0x000001b0       0x10 drivers/mtd/nand/libnand.a(nand.o)
 .ARM.attributes
                0x000001c0       0x10 drivers/mtd/nand/libnand.a(nand_base.o)
 .ARM.attributes
                0x000001d0       0x10 drivers/mtd/nand/libnand.a(nand_ids.o)
 .ARM.attributes
                0x000001e0       0x10 drivers/mtd/nand/libnand.a(nand_ecc.o)
 .ARM.attributes
                0x000001f0       0x10 drivers/mtd/nand/libnand.a(nand_bbt.o)
 .ARM.attributes
                0x00000200       0x10 drivers/net/libnet.a(dm9000x.o)
 .ARM.attributes
                0x00000210       0x10 common/libcommon.a(main.o)
 .ARM.attributes
                0x00000220       0x10 common/libcommon.a(cmd_autoscript.o)
 .ARM.attributes
                0x00000230       0x10 common/libcommon.a(cmd_bdinfo.o)
 .ARM.attributes
                0x00000240       0x10 common/libcommon.a(image.o)
 .ARM.attributes
                0x00000250       0x10 common/libcommon.a(cmd_boot.o)
 .ARM.attributes
                0x00000260       0x10 common/libcommon.a(cmd_bootm.o)
 .ARM.attributes
                0x00000270       0x10 common/libcommon.a(cmd_cache.o)
 .ARM.attributes
                0x00000280       0x10 common/libcommon.a(cmd_console.o)
 .ARM.attributes
                0x00000290       0x10 common/libcommon.a(cmd_elf.o)
 .ARM.attributes
                0x000002a0       0x10 common/libcommon.a(cmd_ext2.o)
 .ARM.attributes
                0x000002b0       0x10 common/libcommon.a(cmd_fat.o)
 .ARM.attributes
                0x000002c0       0x10 common/libcommon.a(cmd_flash.o)
 .ARM.attributes
                0x000002d0       0x10 common/libcommon.a(cmd_itest.o)
 .ARM.attributes
                0x000002e0       0x10 common/libcommon.a(cmd_load.o)
 .ARM.attributes
                0x000002f0       0x10 common/libcommon.a(cmd_mem.o)
 .ARM.attributes
                0x00000300       0x10 common/libcommon.a(cmd_misc.o)
 .ARM.attributes
                0x00000310       0x10 common/libcommon.a(cmd_mmc.o)
 .ARM.attributes
                0x00000320       0x10 common/libcommon.a(cmd_nand.o)
 .ARM.attributes
                0x00000330       0x10 common/libcommon.a(cmd_net.o)
 .ARM.attributes
                0x00000340       0x10 common/libcommon.a(cmd_nvedit.o)
 .ARM.attributes
                0x00000350       0x10 common/libcommon.a(cmd_reginfo.o)
 .ARM.attributes
                0x00000360       0x10 common/libcommon.a(cmd_usbd.o)
 .ARM.attributes
                0x00000370       0x10 common/libcommon.a(cmd_ximg.o)
 .ARM.attributes
                0x00000380       0x10 common/libcommon.a(command.o)
 .ARM.attributes
                0x00000390       0x10 common/libcommon.a(console.o)
 .ARM.attributes
                0x000003a0       0x10 common/libcommon.a(devices.o)
 .ARM.attributes
                0x000003b0       0x10 common/libcommon.a(dlmalloc.o)
 .ARM.attributes
                0x000003c0       0x10 common/libcommon.a(env_common.o)
 .ARM.attributes
                0x000003d0       0x10 common/libcommon.a(exports.o)
 .ARM.attributes
                0x000003e0       0x10 common/libcommon.a(flash.o)
 .ARM.attributes
                0x000003f0       0x10 common/libcommon.a(hush.o)
 .ARM.attributes
                0x00000400       0x10 common/libcommon.a(lists.o)
 .ARM.attributes
                0x00000410       0x10 common/libcommon.a(s_record.o)
 .ARM.attributes
                0x00000420       0x10 common/libcommon.a(usb.o)
 .ARM.attributes